{
  "case_id": "G1_spawn_contact_rerun",
  "case_kind": "g1",
  "duration_tilt_over_20_deg": 0.0,
  "duration_tilt_over_30_deg": 0.0,
  "final_base_height": 0.07044868622378622,
  "final_fsm_state": 0,
  "final_x": 0.01741698242696761,
  "final_y": 0.021856400682410786,
  "final_z": 0.07044868622378622,
  "forward_displacement": 0.014134402432317143,
  "ground_plane_present": true,
  "initial_x": 0.0032892313653113993,
  "initial_y": 9.542187517451624e-06,
  "initial_z": 0.5913287950980183,
  "invalid_reasons": [],
  "lateral_displacement": 0.021842555803690385,
  "max_tilt_deg": 17.156140063575805,
  "mean_planar_speed": 0.027290669566077147,
  "min_base_height": 0.07044868622378622,
  "model_names": [
    "a1_gazebo",
    "ground_plane"
  ],
  "p95_tilt_deg": 16.62885743699273,
  "peak_angular_velocity": 0.719233448565542,
  "platform_1_present": false,
  "platform_2_present": false,
  "requested_duration": 3.0,
  "requested_vx": 0.0,
  "requested_vy": 0.0,
  "requested_yaw_rate": 0.0,
  "rtf_max": 14.26533618061222,
  "rtf_mean": 0.5654095706559916,
  "rtf_median": 0.4669863975992179,
  "rtf_min": 0.006586360705607431,
  "rtf_sample_count": 15251,
  "sample_count": 15000,
  "schema_version": 1,
  "sim_duration": 2.9996,
  "stop_duration": 0.0,
  "sun_present": false,
  "timing_rows": 0,
  "valid": true,
  "verdict": "G1_FAIL_ATTITUDE",
  "world_mode": "earth",
  "yaw_change_deg": 3.2690019727423643
}
