{
  "case_id": "G1_spawn_contact_controller",
  "case_kind": "g1",
  "duration_tilt_over_20_deg": 0.0,
  "duration_tilt_over_30_deg": 0.0,
  "final_base_height": 0.05603132338577144,
  "final_fsm_state": 0,
  "final_x": 0.010791437988932538,
  "final_y": 0.00027301166495606946,
  "final_z": 0.05603132338577144,
  "forward_displacement": 0.008432121647253982,
  "ground_plane_present": true,
  "initial_x": 0.0023593734784950453,
  "initial_y": 5.1867063048140205e-08,
  "initial_z": 0.5959643896792446,
  "invalid_reasons": [],
  "lateral_displacement": 0.0002711890214518938,
  "max_tilt_deg": 5.188577548306383,
  "mean_planar_speed": 0.023982939429300205,
  "min_base_height": 0.0504415113362311,
  "model_names": [
    "a1_gazebo",
    "ground_plane"
  ],
  "p95_tilt_deg": 3.8775961305557307,
  "peak_angular_velocity": 0.13637924338501797,
  "platform_1_present": false,
  "platform_2_present": false,
  "requested_duration": 3.0,
  "requested_vx": 0.0,
  "requested_vy": 0.0,
  "requested_yaw_rate": 0.0,
  "rtf_max": 42.900069754341814,
  "rtf_mean": 1.1204007794799586,
  "rtf_median": 0.988073959106661,
  "rtf_min": 0.016481426423250525,
  "rtf_sample_count": 15089,
  "sample_count": 15000,
  "schema_version": 1,
  "sim_duration": 3.0,
  "stop_duration": 0.0,
  "sun_present": false,
  "timing_rows": 6991,
  "valid": true,
  "verdict": "G1_FAIL_ATTITUDE",
  "world_mode": "earth",
  "yaw_change_deg": 0.02031926749740968
}
