{
  "case_id": "C0_competition_fixedstand_rerun",
  "case_kind": "fixedstand",
  "duration_tilt_over_20_deg": 15.152,
  "duration_tilt_over_30_deg": 15.152,
  "final_base_height": 0.07937418691019718,
  "final_fsm_state": 2,
  "final_x": 0.016757266498264114,
  "final_y": 1.608903993696238,
  "final_z": 0.07937418691019718,
  "forward_displacement": -0.2766497572662883,
  "ground_plane_present": true,
  "initial_x": 0.004186041192237184,
  "initial_y": 1.8853321114843389,
  "initial_z": 0.1867209982097169,
  "invalid_reasons": [],
  "lateral_displacement": -0.005954142597455566,
  "max_tilt_deg": 170.68191595126532,
  "mean_planar_speed": 0.043064703687580565,
  "min_base_height": 0.07887235055623487,
  "model_names": [
    "a1_gazebo",
    "danger_red_sphere_00",
    "danger_red_sphere_01",
    "danger_red_sphere_02",
    "distractor_green_sphere_00",
    "distractor_green_sphere_01",
    "distractor_red_box_02",
    "distractor_red_box_03",
    "distractor_red_box_04",
    "distractor_red_box_05",
    "dynamic_elevator_floor_0",
    "dynamic_elevator_main",
    "dynamic_main_entrance",
    "generated_building",
    "ground_plane"
  ],
  "p95_tilt_deg": 170.10882628389336,
  "peak_angular_velocity": 0.9511459294182585,
  "platform_1_present": false,
  "platform_2_present": false,
  "requested_duration": 15.0,
  "requested_vx": 0.0,
  "requested_vy": 0.0,
  "requested_yaw_rate": 0.0,
  "rtf_max": 57.04018511307268,
  "rtf_mean": 2.030526525255846,
  "rtf_median": 0.5872710468910193,
  "rtf_min": 0.02604703785062143,
  "rtf_sample_count": 7952,
  "sample_count": 7569,
  "schema_version": 1,
  "sim_duration": 15.152,
  "stop_duration": 0.0,
  "sun_present": false,
  "timing_rows": 47907,
  "valid": true,
  "verdict": "FAIL_ATTITUDE",
  "world_mode": "competition",
  "yaw_change_deg": 111.20017844126572
}
