... logging to /home/zzf/.ros/log/d2b67bf8-8458-11f1-aca5-b9af01646ad9/roslaunch-zzf-Legion-Y9000P-IRX9-233987.log
Checking log directory for disk usage. This may take a while.
Press Ctrl-C to interrupt
Done checking log file disk usage. Usage is <1GB.
]2;roscore
[1mstarted roslaunch server http://zzf-Legion-Y9000P-IRX9:42565/[0m
ros_comm version 1.16.0


SUMMARY
========

PARAMETERS
 * /rosdistro: noetic
 * /rosversion: 1.16.0

NODES

auto-starting new master
[1mprocess[master]: started with pid [234060][0m
[1mROS_MASTER_URI=http://zzf-Legion-Y9000P-IRX9:15102/[0m
]2;roscore http://zzf-Legion-Y9000P-IRX9:15102/
[1msetting /run_id to d2b67bf8-8458-11f1-aca5-b9af01646ad9[0m
[1mprocess[rosout-1]: started with pid [234100][0m
started core service [/rosout]
[rosout-1] killing on exit
[master] killing on exit
shutting down processing monitor...
... shutting down processing monitor complete
[1mdone[0m
