... logging to /home/zzf/.ros/log/b89ef70e-8746-11f1-ac8c-bdece02cfe94/roslaunch-zzf-Legion-Y9000P-IRX9-78429.log
Checking log directory for disk usage. This may take a while.
Press Ctrl-C to interrupt
Done checking log file disk usage. Usage is <1GB.
]2;/home/zzf/search_ws/SimEnv_worktrees/falco-dsv-single-floor-0p8/src/navigation/simenv_navigation_bringup/launch/single_floor_exploration.launch
[1mstarted roslaunch server http://zzf-Legion-Y9000P-IRX9:37087/[0m

SUMMARY
========

PARAMETERS
 * /boundary/building_length: 36.0
 * /boundary/building_width: 20.0
 * /boundary/frame_id: map
 * /boundary/publish_rate: 2.0
 * /boundary/shrink_margin: 0.4
 * /cmd_vel_bridge/command_timeout: 0.5
 * /cmd_vel_bridge/enable_lateral_velocity: False
 * /cmd_vel_bridge/enabled_topic: /navigation/enabled
 * /cmd_vel_bridge/input_topic: /navigation/falco...
 * /cmd_vel_bridge/max_angular_z: 0.22
 * /cmd_vel_bridge/max_linear_x: 0.8
 * /cmd_vel_bridge/max_linear_y: 0.0
 * /cmd_vel_bridge/output_topic: /cmd_vel
 * /cmd_vel_bridge/publish_rate: 20.0
 * /cmd_vel_bridge/publish_zero_when_disabled: True
 * /cmd_vel_bridge/require_navigation_enabled: True
 * /cmd_vel_bridge/require_trotting_state_cmd: True
 * /cmd_vel_bridge/state_cmd_topic: /fsm/state_cmd
 * /cmd_vel_bridge/stop_topic: /navigation/stop_...
 * /cmd_vel_bridge/trotting_state_value: 4
 * /drrt/gain/kFree: 0.0
 * /drrt/gain/kMinEffectiveGain: 10
 * /drrt/gain/kOccupied: 0.0
 * /drrt/gain/kRange: 5
 * /drrt/gain/kRangeZMinus: 0.4
 * /drrt/gain/kRangeZPlus: 0.4
 * /drrt/gain/kUnknown: 1.0
 * /drrt/gain/kZero: 0.0
 * /drrt/kLoopCountThres: 1000
 * /drrt/keepTryingNum: 1
 * /drrt/tfFrame: map
 * /drrt/tree/kCuttoffIterations: 200
 * /drrt/tree/kExactRoot: False
 * /drrt/tree/kExtensionRange: 0.8
 * /drrt/tree/kGlobalExtraIterations_: 300
 * /drrt/tree/kMaxExtensionAlongZ: 0.08
 * /drrt/tree/kMinExtensionRange: 0.6
 * /drrt/tree/kNewBranchScaleSize: 0.08
 * /drrt/tree/kNewNodeScaleSize: 0.4
 * /drrt/tree/kRemainingBranchScaleSize: 0.08
 * /drrt/tree/kRemainingNodeScaleSize: 0.4
 * /drrt/vertexSize: 120
 * /elevation/kTerrainVoxelHalfWidth: 50
 * /elevation/kTerrainVoxelSize: 0.4
 * /elevation/kTerrainVoxelWidth: 101
 * /frontier/kEffectiveUnknownNumAroundFrontier: 2
 * /frontier/kEliminateFrontiersAroundRobots: False
 * /frontier/kExecuteFrequency: 10
 * /frontier/kFrontierFilterSize: 1.2
 * /frontier/kFrontierNeighbourSearchRadius: 5
 * /frontier/kFrontierResolution: 0.5
 * /frontier/kSearchBoundingX: 22
 * /frontier/kSearchBoundingY: 38
 * /frontier/kSearchBoundingZ: 0.25
 * /frontier/kSearchRadius: 8.0
 * /frontier/pub_global_frontier_points_topic: /navigation/globa...
 * /frontier/pub_local_frontier_points_topic: /navigation/local...
 * /frontier/pub_unknown_points_topic: /navigation/octom...
 * /frontier/robot_frame_id: laser_livox
 * /frontier/sub_graph_points_topic: /navigation/globa...
 * /frontier/world_frame_id: map
 * /gb/kMaxXGlobal: 11.0
 * /gb/kMaxYGlobal: 19.0
 * /gb/kMaxZGlobal: 0.25
 * /gb/kMinXGlobal: -11.0
 * /gb/kMinYGlobal: -19.0
 * /gb/kMinZGlobal: -0.25
 * /graph/kConnectVertexDistMax: 2.5
 * /graph/kCropPathWithTerrain: False
 * /graph/kDegressiveCoeff: 0.3
 * /graph/kDirectionCoeff: 0.2
 * /graph/kDistBadEdge: 5.0
 * /graph/kExistingPathRatioThreshold: 1.0
 * /graph/kExistingPathRatioThresholdGlobal: 1.4
 * /graph/kLongEdgePenaltyMultiplier: 5.0
 * /graph/kMaxDistToPrunedRoot: 10
 * /graph/kMaxLongEdgeDist: 6.0
 * /graph/kMaxPrunedNodeDist: 15
 * /graph/kMaxVertexAngleAlongZ: 38.0
 * /graph/kMaxVertexDiffAlongZ: 0.25
 * /graph/kMinDistanceToRobotToCheck: 4
 * /graph/kMinGainRange: 4
 * /graph/kMinVertexDist: 0.6
 * /graph/kSurroundRange: 4
 * /graph/pub_global_graph_topic: /navigation/globa...
 * /graph/pub_global_points_topic: /navigation/globa...
 * /graph/pub_local_graph_topic: /navigation/local...
 * /graph/sub_graph_planner_status_topic: /navigation/graph...
 * /graph/sub_keypose_topic: /navigation/state...
 * /graph/sub_path_topic: /navigation/graph...
 * /graph/world_frame_id: map
 * /graph_planner_command_topic: /navigation/graph...
 * /graph_planner_status_topic: /navigation/graph...
 * /grid/kDownsampleSize: 0.1
 * /grid/kFlyingObstacleHeightThre: 1.1
 * /grid/kGridSize: 0.1
 * /grid/kMapWidth: 40
 * /grid/kObstacleHeightThre: 0.12
 * /grid/odomSubTopic: /navigation/state...
 * /grid/pubGridPointsTopic: /navigation/dsv/o...
 * /grid/terrainCloudSubTopic: /navigation/terra...
 * /grid/world_frame_id: map
 * /interface/autoExp: False
 * /interface/beginSignalTopic: /navigation/start...
 * /interface/cmdVelTopic: /navigation/falco...
 * /interface/continueAfterInitializationTimeout: True
 * /interface/dtime: 1
 * /interface/effectivePlanTimeTopic: /navigation/dsv/r...
 * /interface/gpStatusTopic: /navigation/graph...
 * /interface/graphPlannerCommandTopic: /navigation/graph...
 * /interface/initTime: 1
 * /interface/initX: 0
 * /interface/initY: 0
 * /interface/initZ: 0
 * /interface/initializationDistanceTolerance: 0.15
 * /interface/initializationTimeout: 5.0
 * /interface/maxReplansBeforeFrontierClean: 2
 * /interface/movementDistanceThreshold: 0.08
 * /interface/movementWindow: 2.0
 * /interface/odomTopic: /navigation/state...
 * /interface/returnHomeThres: 1.0
 * /interface/robotMovingThres: 0.08
 * /interface/skipInitialMotion: True
 * /interface/stopSignalTopic: /navigation/stop_...
 * /interface/stuckTimeout: 15.0
 * /interface/tfFrame: map
 * /interface/totalPlanTimeTopic: /navigation/dsv/t...
 * /interface/waypointTopic: /navigation/way_p...
 * /kCollisionCheckDistace: 0.35
 * /kDownsampleSize: 0.2
 * /kExecuteFrequency: 5
 * /kLookAheadDist: 1.2
 * /kNextVertexMaintainTime: 5
 * /kObstacleHeightThres: 0.12
 * /kOverheadObstacleHeightThres: 1.1
 * /kWaypointProjectionDistance: 0.6
 * /lb/kMaxXLocal: 11.0
 * /lb/kMaxYLocal: 19.0
 * /lb/kMaxZLocal: 0.25
 * /lb/kMinXLocal: -11.0
 * /lb/kMinYLocal: -19.0
 * /lb/kMinZLocal: -0.25
 * /localPlanner/adjacentRange: 3.5
 * /localPlanner/autonomyMode: True
 * /localPlanner/autonomySpeed: 0.8
 * /localPlanner/checkObstacle: True
 * /localPlanner/checkRotObstacle: False
 * /localPlanner/costHeightThre: 0.1
 * /localPlanner/costScore: 0.02
 * /localPlanner/diagnosticThrottleSec: 1.0
 * /localPlanner/dirDiffThre: 0.2
 * /localPlanner/dirThre: 90.0
 * /localPlanner/dirToVehicle: False
 * /localPlanner/dirWeight: 0.02
 * /localPlanner/enableDiagnostics: True
 * /localPlanner/enableFollowerDiagnostics: True
 * /localPlanner/enableHeadingSpeedSchedule: True
 * /localPlanner/goalClearRange: 0.5
 * /localPlanner/goalX: 0.0
 * /localPlanner/goalY: 0.0
 * /localPlanner/groundHeightThre: 0.1
 * /localPlanner/inclRateThre: 120.0
 * /localPlanner/inclThre: 45.0
 * /localPlanner/inputTimeout: 0.5
 * /localPlanner/joyToCheckObstacleDelay: 5.0
 * /localPlanner/joyToSpeedDelay: 0.0
 * /localPlanner/laserVoxelSize: 0.05
 * /localPlanner/lookAheadDis: 0.7
 * /localPlanner/maxAccel: 0.6
 * /localPlanner/maxErrorSpeed: 0.2
 * /localPlanner/maxRelZ: 0.25
 * /localPlanner/maxSpeed: 0.8
 * /localPlanner/maxYawAccel: 1.0
 * /localPlanner/maxYawRate: 12.6
 * /localPlanner/minPathRange: 1.0
 * /localPlanner/minPathScale: 0.75
 * /localPlanner/minRelZ: -0.25
 * /localPlanner/noRotAtGoal: True
 * /localPlanner/noRotAtStop: False
 * /localPlanner/normalTurnHeadingDeg: 30.0
 * /localPlanner/obstacleHeightThre: 0.15
 * /localPlanner/pathCropByGoal: True
 * /localPlanner/pathFolder: /home/zzf/search_...
 * /localPlanner/pathRangeBySpeed: True
 * /localPlanner/pathRangeStep: 0.5
 * /localPlanner/pathScale: 1.0
 * /localPlanner/pathScaleBySpeed: True
 * /localPlanner/pathScaleStep: 0.25
 * /localPlanner/pointPerPathThre: 2
 * /localPlanner/pubSkipNum: 1
 * /localPlanner/sensorOffsetX: 0.0
 * /localPlanner/sensorOffsetY: 0.0
 * /localPlanner/sharpTurnHeadingDeg: 60.0
 * /localPlanner/sharpTurnSpeed: 0.3
 * /localPlanner/slowDwnDisThre: 1.4
 * /localPlanner/slowRate1: 0.25
 * /localPlanner/slowRate2: 0.5
 * /localPlanner/slowTime1: 2.0
 * /localPlanner/slowTime2: 2.0
 * /localPlanner/stopDisThre: 0.2
 * /localPlanner/stopTime: 5.0
 * /localPlanner/stopYawRateGain: 1.2
 * /localPlanner/straightHeadingDeg: 10.0
 * /localPlanner/straightSpeed: 0.8
 * /localPlanner/switchTimeThre: 1.0
 * /localPlanner/terrainVoxelSize: 0.2
 * /localPlanner/turnSpeed: 0.6
 * /localPlanner/twoWayDrive: True
 * /localPlanner/useCost: False
 * /localPlanner/useInclRateToSlow: False
 * /localPlanner/useInclToStop: False
 * /localPlanner/useTerrainAnalysis: False
 * /localPlanner/vehicleLength: 0.56
 * /localPlanner/vehicleWidth: 0.43
 * /localPlanner/yawRateGain: 1.4
 * /navigation/exploration/simulation: False
 * /navigation/graph_planner/boundary/building_length: 36.0
 * /navigation/graph_planner/boundary/building_width: 20.0
 * /navigation/graph_planner/boundary/frame_id: map
 * /navigation/graph_planner/boundary/publish_rate: 2.0
 * /navigation/graph_planner/boundary/shrink_margin: 0.4
 * /navigation/graph_planner/drrt/gain/kFree: 0.0
 * /navigation/graph_planner/drrt/gain/kMinEffectiveGain: 10
 * /navigation/graph_planner/drrt/gain/kOccupied: 0.0
 * /navigation/graph_planner/drrt/gain/kRange: 5
 * /navigation/graph_planner/drrt/gain/kRangeZMinus: 0.4
 * /navigation/graph_planner/drrt/gain/kRangeZPlus: 0.4
 * /navigation/graph_planner/drrt/gain/kUnknown: 1.0
 * /navigation/graph_planner/drrt/gain/kZero: 0.0
 * /navigation/graph_planner/drrt/kLoopCountThres: 1000
 * /navigation/graph_planner/drrt/keepTryingNum: 1
 * /navigation/graph_planner/drrt/tfFrame: map
 * /navigation/graph_planner/drrt/tree/kCuttoffIterations: 200
 * /navigation/graph_planner/drrt/tree/kExactRoot: False
 * /navigation/graph_planner/drrt/tree/kExtensionRange: 0.8
 * /navigation/graph_planner/drrt/tree/kGlobalExtraIterations_: 300
 * /navigation/graph_planner/drrt/tree/kMaxExtensionAlongZ: 0.08
 * /navigation/graph_planner/drrt/tree/kMinExtensionRange: 0.6
 * /navigation/graph_planner/drrt/tree/kNewBranchScaleSize: 0.08
 * /navigation/graph_planner/drrt/tree/kNewNodeScaleSize: 0.4
 * /navigation/graph_planner/drrt/tree/kRemainingBranchScaleSize: 0.08
 * /navigation/graph_planner/drrt/tree/kRemainingNodeScaleSize: 0.4
 * /navigation/graph_planner/drrt/vertexSize: 120
 * /navigation/graph_planner/elevation/kTerrainVoxelHalfWidth: 50
 * /navigation/graph_planner/elevation/kTerrainVoxelSize: 0.4
 * /navigation/graph_planner/elevation/kTerrainVoxelWidth: 101
 * /navigation/graph_planner/frontier/kEffectiveUnknownNumAroundFrontier: 2
 * /navigation/graph_planner/frontier/kEliminateFrontiersAroundRobots: False
 * /navigation/graph_planner/frontier/kExecuteFrequency: 10
 * /navigation/graph_planner/frontier/kFrontierFilterSize: 1.2
 * /navigation/graph_planner/frontier/kFrontierNeighbourSearchRadius: 5
 * /navigation/graph_planner/frontier/kFrontierResolution: 0.5
 * /navigation/graph_planner/frontier/kSearchBoundingX: 22
 * /navigation/graph_planner/frontier/kSearchBoundingY: 38
 * /navigation/graph_planner/frontier/kSearchBoundingZ: 0.25
 * /navigation/graph_planner/frontier/kSearchRadius: 8.0
 * /navigation/graph_planner/frontier/pub_global_frontier_points_topic: /navigation/globa...
 * /navigation/graph_planner/frontier/pub_local_frontier_points_topic: /navigation/local...
 * /navigation/graph_planner/frontier/pub_unknown_points_topic: /navigation/octom...
 * /navigation/graph_planner/frontier/robot_frame_id: laser_livox
 * /navigation/graph_planner/frontier/sub_graph_points_topic: /navigation/globa...
 * /navigation/graph_planner/frontier/world_frame_id: map
 * /navigation/graph_planner/gb/kMaxXGlobal: 11.0
 * /navigation/graph_planner/gb/kMaxYGlobal: 19.0
 * /navigation/graph_planner/gb/kMaxZGlobal: 0.25
 * /navigation/graph_planner/gb/kMinXGlobal: -11.0
 * /navigation/graph_planner/gb/kMinYGlobal: -19.0
 * /navigation/graph_planner/gb/kMinZGlobal: -0.25
 * /navigation/graph_planner/graph/kConnectVertexDistMax: 2.5
 * /navigation/graph_planner/graph/kCropPathWithTerrain: False
 * /navigation/graph_planner/graph/kDegressiveCoeff: 0.3
 * /navigation/graph_planner/graph/kDirectionCoeff: 0.2
 * /navigation/graph_planner/graph/kDistBadEdge: 5.0
 * /navigation/graph_planner/graph/kExistingPathRatioThreshold: 1.0
 * /navigation/graph_planner/graph/kExistingPathRatioThresholdGlobal: 1.4
 * /navigation/graph_planner/graph/kLongEdgePenaltyMultiplier: 5.0
 * /navigation/graph_planner/graph/kMaxDistToPrunedRoot: 10
 * /navigation/graph_planner/graph/kMaxLongEdgeDist: 6.0
 * /navigation/graph_planner/graph/kMaxPrunedNodeDist: 15
 * /navigation/graph_planner/graph/kMaxVertexAngleAlongZ: 38.0
 * /navigation/graph_planner/graph/kMaxVertexDiffAlongZ: 0.25
 * /navigation/graph_planner/graph/kMinDistanceToRobotToCheck: 4
 * /navigation/graph_planner/graph/kMinGainRange: 4
 * /navigation/graph_planner/graph/kMinVertexDist: 0.6
 * /navigation/graph_planner/graph/kSurroundRange: 4
 * /navigation/graph_planner/graph/pub_global_graph_topic: /navigation/globa...
 * /navigation/graph_planner/graph/pub_global_points_topic: /navigation/globa...
 * /navigation/graph_planner/graph/pub_local_graph_topic: /navigation/local...
 * /navigation/graph_planner/graph/sub_graph_planner_status_topic: /navigation/graph...
 * /navigation/graph_planner/graph/sub_keypose_topic: /navigation/state...
 * /navigation/graph_planner/graph/sub_path_topic: /navigation/graph...
 * /navigation/graph_planner/graph/world_frame_id: map
 * /navigation/graph_planner/graph_planner_command_topic: /navigation/graph...
 * /navigation/graph_planner/graph_planner_status_topic: /navigation/graph...
 * /navigation/graph_planner/grid/kDownsampleSize: 0.1
 * /navigation/graph_planner/grid/kFlyingObstacleHeightThre: 1.1
 * /navigation/graph_planner/grid/kGridSize: 0.1
 * /navigation/graph_planner/grid/kMapWidth: 40
 * /navigation/graph_planner/grid/kObstacleHeightThre: 0.12
 * /navigation/graph_planner/grid/odomSubTopic: /navigation/state...
 * /navigation/graph_planner/grid/pubGridPointsTopic: /navigation/dsv/o...
 * /navigation/graph_planner/grid/terrainCloudSubTopic: /navigation/terra...
 * /navigation/graph_planner/grid/world_frame_id: map
 * /navigation/graph_planner/interface/autoExp: False
 * /navigation/graph_planner/interface/beginSignalTopic: /navigation/start...
 * /navigation/graph_planner/interface/cmdVelTopic: /navigation/falco...
 * /navigation/graph_planner/interface/continueAfterInitializationTimeout: True
 * /navigation/graph_planner/interface/dtime: 1
 * /navigation/graph_planner/interface/effectivePlanTimeTopic: /navigation/dsv/r...
 * /navigation/graph_planner/interface/gpStatusTopic: /navigation/graph...
 * /navigation/graph_planner/interface/graphPlannerCommandTopic: /navigation/graph...
 * /navigation/graph_planner/interface/initTime: 1
 * /navigation/graph_planner/interface/initX: 0
 * /navigation/graph_planner/interface/initY: 0
 * /navigation/graph_planner/interface/initZ: 0
 * /navigation/graph_planner/interface/initializationDistanceTolerance: 0.15
 * /navigation/graph_planner/interface/initializationTimeout: 5.0
 * /navigation/graph_planner/interface/maxReplansBeforeFrontierClean: 2
 * /navigation/graph_planner/interface/movementDistanceThreshold: 0.08
 * /navigation/graph_planner/interface/movementWindow: 2.0
 * /navigation/graph_planner/interface/odomTopic: /navigation/state...
 * /navigation/graph_planner/interface/returnHomeThres: 1.0
 * /navigation/graph_planner/interface/robotMovingThres: 0.08
 * /navigation/graph_planner/interface/skipInitialMotion: True
 * /navigation/graph_planner/interface/stopSignalTopic: /navigation/stop_...
 * /navigation/graph_planner/interface/stuckTimeout: 15.0
 * /navigation/graph_planner/interface/tfFrame: map
 * /navigation/graph_planner/interface/totalPlanTimeTopic: /navigation/dsv/t...
 * /navigation/graph_planner/interface/waypointTopic: /navigation/way_p...
 * /navigation/graph_planner/kCollisionCheckDistace: 0.35
 * /navigation/graph_planner/kDownsampleSize: 0.2
 * /navigation/graph_planner/kExecuteFrequency: 5
 * /navigation/graph_planner/kLookAheadDist: 1.2
 * /navigation/graph_planner/kNextVertexMaintainTime: 5
 * /navigation/graph_planner/kObstacleHeightThres: 0.12
 * /navigation/graph_planner/kOverheadObstacleHeightThres: 1.1
 * /navigation/graph_planner/kWaypointProjectionDistance: 0.6
 * /navigation/graph_planner/lb/kMaxXLocal: 11.0
 * /navigation/graph_planner/lb/kMaxYLocal: 19.0
 * /navigation/graph_planner/lb/kMaxZLocal: 0.25
 * /navigation/graph_planner/lb/kMinXLocal: -11.0
 * /navigation/graph_planner/lb/kMinYLocal: -19.0
 * /navigation/graph_planner/lb/kMinZLocal: -0.25
 * /navigation/graph_planner/octo/changeDetectionEnabled: False
 * /navigation/graph_planner/octo/filterSpeckles: True
 * /navigation/graph_planner/octo/mapPublishFrequency: 1.0
 * /navigation/graph_planner/octo/maxFreeSpace: 0.0
 * /navigation/graph_planner/octo/minHeightFreeSpace: 0.0
 * /navigation/graph_planner/octo/probabilityHit: 0.65
 * /navigation/graph_planner/octo/probabilityMiss: 0.4
 * /navigation/graph_planner/octo/resolution: 0.2
 * /navigation/graph_planner/octo/robotFrame: laser_livox
 * /navigation/graph_planner/octo/sensorMaxRange: 12.0
 * /navigation/graph_planner/octo/tfFrame: map
 * /navigation/graph_planner/octo/thresholdMax: 0.97
 * /navigation/graph_planner/octo/thresholdMin: 0.12
 * /navigation/graph_planner/octo/thresholdOccupancy: 0.7
 * /navigation/graph_planner/octo/treatUnknownAsOccupied: False
 * /navigation/graph_planner/octo/velodyne_cloud_topic: /navigation/regis...
 * /navigation/graph_planner/octo/visualizeMaxZ: 1.2
 * /navigation/graph_planner/octo/visualizeMinZ: -0.5
 * /navigation/graph_planner/planner/boundaryPubTopic: /navigation/dsv/p...
 * /navigation/graph_planner/planner/boundarySubTopic: /navigation/boundary
 * /navigation/graph_planner/planner/cleanFrontierServiceName: /navigation/clean...
 * /navigation/graph_planner/planner/globalSelectedFrontierPubTopic: /navigation/dsv/g...
 * /navigation/graph_planner/planner/localSelectedFrontierPubTopic: /navigation/dsv/l...
 * /navigation/graph_planner/planner/newTreePathPubTopic: /navigation/dsv/n...
 * /navigation/graph_planner/planner/nextGoalPubTopic: /navigation/dsv/n...
 * /navigation/graph_planner/planner/odomSubTopic: /navigation/state...
 * /navigation/graph_planner/planner/plannerServiceName: /navigation/drrtP...
 * /navigation/graph_planner/planner/plantimePubTopic: /navigation/dsv/p...
 * /navigation/graph_planner/planner/randomSampledPointsPubTopic: /navigation/dsv/s...
 * /navigation/graph_planner/planner/remainingTreePathPubTopic: /navigation/dsv/r...
 * /navigation/graph_planner/planner/shutDownTopic: /navigation/stop_...
 * /navigation/graph_planner/planner/terrainCloudSubTopic: /navigation/terra...
 * /navigation/graph_planner/pub_path_topic: /navigation/graph...
 * /navigation/graph_planner/pub_waypoint_topic: /navigation/way_p...
 * /navigation/graph_planner/rm/kBoundX: 0.35
 * /navigation/graph_planner/rm/kBoundY: 0.3
 * /navigation/graph_planner/rm/kBoundZ: 0.35
 * /navigation/graph_planner/rm/kSensorHorizontal: 360.0
 * /navigation/graph_planner/rm/kSensorPitch: 0.0
 * /navigation/graph_planner/rm/kSensorVertical: 30.0
 * /navigation/graph_planner/rm/kVehicleHeight: 0.65
 * /navigation/graph_planner/robot/collision_radius: 0.35
 * /navigation/graph_planner/robot/length: 0.56
 * /navigation/graph_planner/robot/vehicle_height: 0.65
 * /navigation/graph_planner/robot/width: 0.43
 * /navigation/graph_planner/single_floor/enabled: True
 * /navigation/graph_planner/single_floor/max_extension_along_z: 0.08
 * /navigation/graph_planner/single_floor/max_frontier_z_deviation: 0.3
 * /navigation/graph_planner/single_floor/max_goal_z_deviation: 0.2
 * /navigation/graph_planner/single_floor/reference_z_mode: initial_odom
 * /navigation/graph_planner/single_floor/search_bounding_z: 0.25
 * /navigation/graph_planner/sub_graph_topic: /navigation/local...
 * /navigation/graph_planner/sub_odometry_topic: /navigation/state...
 * /navigation/graph_planner/sub_terrain_topic: /navigation/terra...
 * /navigation/graph_planner/terrain_map/ground_rejection_height: 0.1
 * /navigation/graph_planner/terrain_map/local_radius: 15.0
 * /navigation/graph_planner/terrain_map/max_input_age: 0.5
 * /navigation/graph_planner/terrain_map/max_relative_z: 1.0
 * /navigation/graph_planner/terrain_map/min_relative_z: -0.2
 * /navigation/graph_planner/terrain_map/output_frame: map
 * /navigation/graph_planner/terrain_map/publish_rate: 8.0
 * /navigation/graph_planner/terrain_map/robot_self_filter_radius: 0.32
 * /navigation/graph_planner/terrain_map/voxel_size: 0.12
 * /navigation/graph_planner/world_frame_id: map
 * /octo/changeDetectionEnabled: False
 * /octo/filterSpeckles: True
 * /octo/mapPublishFrequency: 1.0
 * /octo/maxFreeSpace: 0.0
 * /octo/minHeightFreeSpace: 0.0
 * /octo/probabilityHit: 0.65
 * /octo/probabilityMiss: 0.4
 * /octo/resolution: 0.2
 * /octo/robotFrame: laser_livox
 * /octo/sensorMaxRange: 12.0
 * /octo/tfFrame: map
 * /octo/thresholdMax: 0.97
 * /octo/thresholdMin: 0.12
 * /octo/thresholdOccupancy: 0.7
 * /octo/treatUnknownAsOccupied: False
 * /octo/velodyne_cloud_topic: /navigation/regis...
 * /octo/visualizeMaxZ: 1.2
 * /octo/visualizeMinZ: -0.5
 * /pathFollower/adjacentRange: 3.5
 * /pathFollower/autonomyMode: True
 * /pathFollower/autonomySpeed: 0.8
 * /pathFollower/checkObstacle: True
 * /pathFollower/checkRotObstacle: False
 * /pathFollower/costHeightThre: 0.1
 * /pathFollower/costScore: 0.02
 * /pathFollower/diagnosticThrottleSec: 1.0
 * /pathFollower/dirDiffThre: 0.2
 * /pathFollower/dirThre: 90.0
 * /pathFollower/dirToVehicle: False
 * /pathFollower/dirWeight: 0.02
 * /pathFollower/enableDiagnostics: True
 * /pathFollower/enableFollowerDiagnostics: True
 * /pathFollower/enableHeadingSpeedSchedule: True
 * /pathFollower/goalClearRange: 0.5
 * /pathFollower/goalX: 0.0
 * /pathFollower/goalY: 0.0
 * /pathFollower/groundHeightThre: 0.1
 * /pathFollower/inclRateThre: 120.0
 * /pathFollower/inclThre: 45.0
 * /pathFollower/inputTimeout: 0.5
 * /pathFollower/joyToCheckObstacleDelay: 5.0
 * /pathFollower/joyToSpeedDelay: 0.0
 * /pathFollower/laserVoxelSize: 0.05
 * /pathFollower/lookAheadDis: 0.7
 * /pathFollower/maxAccel: 0.6
 * /pathFollower/maxErrorSpeed: 0.2
 * /pathFollower/maxRelZ: 0.25
 * /pathFollower/maxSpeed: 0.8
 * /pathFollower/maxYawAccel: 1.0
 * /pathFollower/maxYawRate: 12.6
 * /pathFollower/minPathRange: 1.0
 * /pathFollower/minPathScale: 0.75
 * /pathFollower/minRelZ: -0.25
 * /pathFollower/noRotAtGoal: True
 * /pathFollower/noRotAtStop: False
 * /pathFollower/normalTurnHeadingDeg: 30.0
 * /pathFollower/obstacleHeightThre: 0.15
 * /pathFollower/pathCropByGoal: True
 * /pathFollower/pathRangeBySpeed: True
 * /pathFollower/pathRangeStep: 0.5
 * /pathFollower/pathScale: 1.0
 * /pathFollower/pathScaleBySpeed: True
 * /pathFollower/pathScaleStep: 0.25
 * /pathFollower/pointPerPathThre: 2
 * /pathFollower/pubSkipNum: 1
 * /pathFollower/sensorOffsetX: 0.0
 * /pathFollower/sensorOffsetY: 0.0
 * /pathFollower/sharpTurnHeadingDeg: 60.0
 * /pathFollower/sharpTurnSpeed: 0.3
 * /pathFollower/slowDwnDisThre: 1.4
 * /pathFollower/slowRate1: 0.25
 * /pathFollower/slowRate2: 0.5
 * /pathFollower/slowTime1: 2.0
 * /pathFollower/slowTime2: 2.0
 * /pathFollower/stopDisThre: 0.2
 * /pathFollower/stopTime: 5.0
 * /pathFollower/stopYawRateGain: 1.2
 * /pathFollower/straightHeadingDeg: 10.0
 * /pathFollower/straightSpeed: 0.8
 * /pathFollower/switchTimeThre: 1.0
 * /pathFollower/terrainVoxelSize: 0.2
 * /pathFollower/turnSpeed: 0.6
 * /pathFollower/twoWayDrive: True
 * /pathFollower/useCost: False
 * /pathFollower/useInclRateToSlow: False
 * /pathFollower/useInclToStop: False
 * /pathFollower/useTerrainAnalysis: False
 * /pathFollower/vehicleLength: 0.56
 * /pathFollower/vehicleWidth: 0.43
 * /pathFollower/yawRateGain: 1.4
 * /planner/boundaryPubTopic: /navigation/dsv/p...
 * /planner/boundarySubTopic: /navigation/boundary
 * /planner/cleanFrontierServiceName: /navigation/clean...
 * /planner/globalSelectedFrontierPubTopic: /navigation/dsv/g...
 * /planner/localSelectedFrontierPubTopic: /navigation/dsv/l...
 * /planner/newTreePathPubTopic: /navigation/dsv/n...
 * /planner/nextGoalPubTopic: /navigation/dsv/n...
 * /planner/odomSubTopic: /navigation/state...
 * /planner/plannerServiceName: /navigation/drrtP...
 * /planner/plantimePubTopic: /navigation/dsv/p...
 * /planner/randomSampledPointsPubTopic: /navigation/dsv/s...
 * /planner/remainingTreePathPubTopic: /navigation/dsv/r...
 * /planner/shutDownTopic: /navigation/stop_...
 * /planner/terrainCloudSubTopic: /navigation/terra...
 * /pub_path_topic: /navigation/graph...
 * /pub_waypoint_topic: /navigation/way_p...
 * /registered_cloud_to_terrain_map/diagnostic_throttle_sec: 1.0
 * /registered_cloud_to_terrain_map/ground_rejection_height: 0.1
 * /registered_cloud_to_terrain_map/input_cloud: /navigation/regis...
 * /registered_cloud_to_terrain_map/local_radius: 15.0
 * /registered_cloud_to_terrain_map/max_input_age: 0.5
 * /registered_cloud_to_terrain_map/max_relative_z: 1.0
 * /registered_cloud_to_terrain_map/min_relative_z: -0.2
 * /registered_cloud_to_terrain_map/output_cloud: /navigation/terra...
 * /registered_cloud_to_terrain_map/output_frame: map
 * /registered_cloud_to_terrain_map/publish_rate: 8.0
 * /registered_cloud_to_terrain_map/robot_self_filter_radius: 0.32
 * /registered_cloud_to_terrain_map/state_estimation_topic: /navigation/state...
 * /registered_cloud_to_terrain_map/voxel_size: 0.12
 * /rm/kBoundX: 0.35
 * /rm/kBoundY: 0.3
 * /rm/kBoundZ: 0.35
 * /rm/kSensorHorizontal: 360.0
 * /rm/kSensorPitch: 0.0
 * /rm/kSensorVertical: 30.0
 * /rm/kVehicleHeight: 0.65
 * /robot/collision_radius: 0.35
 * /robot/length: 0.56
 * /robot/vehicle_height: 0.65
 * /robot/width: 0.43
 * /rosdistro: noetic
 * /rosversion: 1.16.0
 * /simenv_navigation_boundary/boundary_topic: /navigation/boundary
 * /simenv_navigation_boundary/building_length: 36.0
 * /simenv_navigation_boundary/building_width: 20.0
 * /simenv_navigation_boundary/center_x: 0.0
 * /simenv_navigation_boundary/center_y: 0.0
 * /simenv_navigation_boundary/frame_id: map
 * /simenv_navigation_boundary/marker_topic: /navigation/bound...
 * /simenv_navigation_boundary/publish_rate: 2.0
 * /simenv_navigation_boundary/shrink_margin: 0.4
 * /single_floor/enabled: True
 * /single_floor/max_extension_along_z: 0.08
 * /single_floor/max_frontier_z_deviation: 0.3
 * /single_floor/max_goal_z_deviation: 0.2
 * /single_floor/reference_z_mode: initial_odom
 * /single_floor/search_bounding_z: 0.25
 * /sub_graph_topic: /navigation/local...
 * /sub_odometry_topic: /navigation/state...
 * /sub_terrain_topic: /navigation/terra...
 * /terrain_map/ground_rejection_height: 0.1
 * /terrain_map/local_radius: 15.0
 * /terrain_map/max_input_age: 0.5
 * /terrain_map/max_relative_z: 1.0
 * /terrain_map/min_relative_z: -0.2
 * /terrain_map/output_frame: map
 * /terrain_map/publish_rate: 8.0
 * /terrain_map/robot_self_filter_radius: 0.32
 * /terrain_map/voxel_size: 0.12
 * /world_frame_id: map

NODES
  /
    cmd_vel_bridge (simenv_navigation_bridge/cmd_vel_bridge.py)
    localPlanner (local_planner/localPlanner)
    navigation_registered_scan_relay (topic_tools/relay)
    navigation_state_estimation_relay (topic_tools/relay)
    pathFollower (local_planner/pathFollower)
    registered_cloud_to_terrain_map (simenv_navigation_bridge/registered_cloud_to_terrain_map.py)
    simenv_navigation_boundary (simenv_navigation_bridge/simenv_navigation_boundary.py)
  /navigation/
    dsvplanner (dsvplanner/dsvplanner)
    exploration (dsvp_launch/exploration)
    graph_planner (graph_planner/graph_planner)
WARNING: Logging before InitGoogleLogging() is written to STDERR
W0724 18:03:14.585203 78488 octomap_world.cc:82] Octomap resolution has changed! Resetting tree!
Writing 0 nodes to output stream...Writing 0 nodes to output stream...Writing 0 nodes to output stream...Writing 0 nodes to output stream...[WARN] [1784887394.821877, 0.000000]: Waiting for odometry or cloud data...
[WARN] [1784887395.824649, 6.024000]: Waiting for odometry or cloud data...
Writing 0 nodes to output stream...Writing 0 nodes to output stream...[WARN] [1784887401.834088, 7.210000]: Waiting for odometry or cloud data...
Writing 0 nodes to output stream...Writing 0 nodes to output stream...[WARN] [1784887408.844386, 8.410000]: Waiting for odometry or cloud data...
Writing 0 nodes to output stream...Writing 0 nodes to output stream...[WARN] [1784887415.855143, 9.610000]: Waiting for odometry or cloud data...
Writing 0 nodes to output stream...Writing 0 nodes to output stream...[WARN] [1784887421.864084, 10.612000]: Waiting for odometry or cloud data...
Writing 0 nodes to output stream...Writing 0 nodes to output stream...[WARN] [1784887429.877376, 11.716000]: Waiting for odometry or cloud data...
Writing 0 nodes to output stream...Writing 0 nodes to output stream...[WARN] [1784887436.888129, 12.810000]: Waiting for odometry or cloud data...
Writing 0 nodes to output stream...Writing 0 nodes to output stream...Writing 0 nodes to output stream...Writing 0 nodes to output stream...[WARN] [1784887443.899129, 13.918000]: Waiting for odometry or cloud data...
Writing 0 nodes to output stream...Writing 0 nodes to output stream...[WARN] [1784887450.910867, 15.028000]: Waiting for odometry or cloud data...
