start=2026-07-21T00:30:13+08:00
-- Using CATKIN_DEVEL_PREFIX: /home/zzf/search_ws/SimEnv_worktrees/unitree-runtime-rebuild/devel
-- Using CMAKE_PREFIX_PATH: /opt/ros/noetic
-- This workspace overlays: /opt/ros/noetic
-- Using PYTHON_EXECUTABLE: /home/zzf/miniconda3/bin/python3
-- Using Debian Python package layout
-- Using empy: /usr/bin/empy
-- Using CATKIN_ENABLE_TESTING: ON
-- Call enable_testing()
-- Using CATKIN_TEST_RESULTS_DIR: /home/zzf/search_ws/SimEnv_worktrees/unitree-runtime-rebuild/build/test_results
-- Forcing gtest/gmock from source, though one was otherwise available.
-- Found gtest sources under '/usr/src/googletest': gtests will be built
-- Found gmock sources under '/usr/src/googletest': gmock will be built
-- Using Python nosetests: /usr/bin/nosetests3
-- catkin 0.8.10
-- BUILD_SHARED_LIBS is on
-- BUILD_SHARED_LIBS is on
-- Using CATKIN_WHITELIST_PACKAGES: unitree_legged_msgs;unitree_guide;unitree_legged_control;unitree_gazebo
-- ~~~~~~~~~~~~~~~~~~~~~~~~~~~~~~~~~~~~~~~~~~~~~~~~~
-- ~~  traversing 4 packages in topological order:
-- ~~  - unitree_legged_msgs
-- ~~  - unitree_legged_control
-- ~~  - unitree_gazebo
-- ~~  - unitree_guide
-- ~~~~~~~~~~~~~~~~~~~~~~~~~~~~~~~~~~~~~~~~~~~~~~~~~
-- +++ processing catkin package: 'unitree_legged_msgs'
-- ==> add_subdirectory(unitree_guide/unitree_ros_to_real/unitree_legged_msgs)
CMake Deprecation Warning at unitree_guide/unitree_ros_to_real/unitree_legged_msgs/CMakeLists.txt:1 (cmake_minimum_required):
  Compatibility with CMake < 2.8.12 will be removed from a future version of
  CMake.

  Update the VERSION argument <min> value or use a ...<max> suffix to tell
  CMake that the project does not need compatibility with older versions.


-- Using these message generators: gencpp;geneus;genlisp;gennodejs;genpy
-- unitree_legged_msgs: 11 messages, 0 services
-- +++ processing catkin package: 'unitree_legged_control'
-- ==> add_subdirectory(unitree_guide/unitree_ros/unitree_legged_control)
CMake Deprecation Warning at unitree_guide/unitree_ros/unitree_legged_control/CMakeLists.txt:1 (cmake_minimum_required):
  Compatibility with CMake < 2.8.12 will be removed from a future version of
  CMake.

  Update the VERSION argument <min> value or use a ...<max> suffix to tell
  CMake that the project does not need compatibility with older versions.


-- +++ processing catkin package: 'unitree_gazebo'
-- ==> add_subdirectory(unitree_guide/unitree_ros/unitree_gazebo)
CMake Deprecation Warning at unitree_guide/unitree_ros/unitree_gazebo/CMakeLists.txt:1 (cmake_minimum_required):
  Compatibility with CMake < 2.8.12 will be removed from a future version of
  CMake.

  Update the VERSION argument <min> value or use a ...<max> suffix to tell
  CMake that the project does not need compatibility with older versions.


-- Using these message generators: gencpp;geneus;genlisp;gennodejs;genpy
CMake Warning (dev) at /usr/share/cmake-3.22/Modules/FindPackageHandleStandardArgs.cmake:438 (message):
  The package name passed to `find_package_handle_standard_args` (PkgConfig)
  does not match the name of the calling package (gazebo).  This can lead to
  problems in calling code that expects `find_package` result variables
  (e.g., `_FOUND`) to follow a certain pattern.
Call Stack (most recent call first):
  /usr/share/cmake-3.22/Modules/FindPkgConfig.cmake:99 (find_package_handle_standard_args)
  /usr/lib/x86_64-linux-gnu/cmake/gazebo/gazebo-config.cmake:72 (include)
  unitree_guide/unitree_ros/unitree_gazebo/CMakeLists.txt:17 (find_package)
This warning is for project developers.  Use -Wno-dev to suppress it.

-- Found DART: /usr/include (Required is at least version "6.6") found components: dart 
-- Found Boost: /usr/lib/x86_64-linux-gnu/cmake/Boost-1.74.0/BoostConfig.cmake (found suitable version "1.74.0", minimum required is "1.40.0") found components: thread system filesystem program_options regex iostreams date_time 
-- Found Protobuf: /usr/lib/x86_64-linux-gnu/libprotobuf.so (found version "3.12.4") 
-- Looking for ignition-math6 -- found version 6.10.0
-- Searching for dependencies of ignition-math6
-- Looking for OGRE...
-- Found Ogre Ghadamon (1.9.0)
-- Found OGRE: optimized;/usr/lib/x86_64-linux-gnu/libOgreMain.so;debug;/usr/lib/x86_64-linux-gnu/libOgreMain.so
-- Looking for OGRE_Paging...
-- Found OGRE_Paging: optimized;/usr/lib/x86_64-linux-gnu/libOgrePaging.so;debug;/usr/lib/x86_64-linux-gnu/libOgrePaging.so
-- Looking for OGRE_Terrain...
-- Found OGRE_Terrain: optimized;/usr/lib/x86_64-linux-gnu/libOgreTerrain.so;debug;/usr/lib/x86_64-linux-gnu/libOgreTerrain.so
-- Looking for OGRE_Property...
-- Found OGRE_Property: optimized;/usr/lib/x86_64-linux-gnu/libOgreProperty.so;debug;/usr/lib/x86_64-linux-gnu/libOgreProperty.so
-- Looking for OGRE_RTShaderSystem...
-- Found OGRE_RTShaderSystem: optimized;/usr/lib/x86_64-linux-gnu/libOgreRTShaderSystem.so;debug;/usr/lib/x86_64-linux-gnu/libOgreRTShaderSystem.so
-- Looking for OGRE_Volume...
-- Found OGRE_Volume: optimized;/usr/lib/x86_64-linux-gnu/libOgreVolume.so;debug;/usr/lib/x86_64-linux-gnu/libOgreVolume.so
-- Looking for OGRE_Overlay...
-- Found OGRE_Overlay: optimized;/usr/lib/x86_64-linux-gnu/libOgreOverlay.so;debug;/usr/lib/x86_64-linux-gnu/libOgreOverlay.so
-- Looking for ignition-math6 -- found version 6.10.0
-- Looking for ignition-transport8 -- found version 8.2.1
-- Searching for dependencies of ignition-transport8
-- Found Protobuf: /usr/lib/x86_64-linux-gnu/libprotobuf.so (found suitable version "3.12.4", minimum required is "3") 
-- Config-file not installed for ZeroMQ -- checking for pkg-config
-- Checking for module 'libzmq >= 4'
--   Found libzmq , version 4.3.4
-- Checking for module 'uuid'
--   Found uuid, version 2.37.2
-- Looking for ignition-msgs5 -- found version 5.8.1
-- Searching for dependencies of ignition-msgs5
-- Looking for ignition-math6 -- found version 6.10.0
-- Checking for module 'tinyxml2'
--   Found tinyxml2, version 9.0.0
-- Looking for ignition-msgs5 -- found version 5.8.1
-- Looking for ignition-common3 -- found version 3.14.0
-- Searching for dependencies of ignition-common3
-- Looking for dlfcn.h - found
-- Looking for libdl - found
-- Searching for <ignition-common3> component [graphics]
-- Looking for ignition-common3-graphics -- found version 3.14.0
-- Searching for dependencies of ignition-common3-graphics
-- Looking for ignition-math6 -- found version 6.10.0
-- Looking for ignition-fuel_tools4 -- found version 4.4.0
-- Searching for dependencies of ignition-fuel_tools4
-- Checking for module 'jsoncpp'
--   Found jsoncpp, version 1.9.5
-- Checking for module 'yaml-0.1'
--   Found yaml-0.1, version 0.2.2
-- Checking for module 'libzip'
--   Found libzip, version 1.7.3
-- Looking for ignition-common3 -- found version 3.14.0
-- Looking for ignition-math6 -- found version 6.10.0
-- Looking for ignition-msgs5 -- found version 5.8.1
-- +++ processing catkin package: 'unitree_guide'
-- ==> add_subdirectory(unitree_guide/unitree_guide/unitree_guide)
-- UNITREE_ENABLE_TORCH_POLICY=ON
-- Caffe2: CUDA detected: 11.8
-- Caffe2: CUDA nvcc is: /usr/local/cuda-11.8/bin/nvcc
-- Caffe2: CUDA toolkit directory: /usr/local/cuda-11.8
-- Caffe2: Header version is: 11.8
-- /usr/local/cuda-11.8/lib64/libnvrtc.so shorthash is 672ee683
-- USE_CUDNN is set to 0. Compiling without cuDNN support
-- Added CUDA NVCC flags for: -gencode;arch=compute_52,code=sm_52
-- Found Boost: /usr/lib/x86_64-linux-gnu/cmake/Boost-1.74.0/BoostConfig.cmake (found version "1.74.0")  
-- Using these message generators: gencpp;geneus;genlisp;gennodejs;genpy
-- unitree_guide: 2 messages, 0 services
-- Installing devel-space wrapper /home/zzf/search_ws/SimEnv_worktrees/unitree-runtime-rebuild/src/unitree_guide/unitree_guide/unitree_guide/scripts/virtual_joy.py to /home/zzf/search_ws/SimEnv_worktrees/unitree-runtime-rebuild/devel/lib/unitree_guide
-- Installing devel-space wrapper /home/zzf/search_ws/SimEnv_worktrees/unitree-runtime-rebuild/src/unitree_guide/unitree_guide/unitree_guide/scripts/keyboard_teleop.py to /home/zzf/search_ws/SimEnv_worktrees/unitree-runtime-rebuild/devel/lib/unitree_guide
-- Installing devel-space wrapper /home/zzf/search_ws/SimEnv_worktrees/unitree-runtime-rebuild/src/unitree_guide/unitree_guide/unitree_guide/scripts/pointcloud2livox.py to /home/zzf/search_ws/SimEnv_worktrees/unitree-runtime-rebuild/devel/lib/unitree_guide
-- Configuring done
-- Generating done
-- Build files have been written to: /home/zzf/search_ws/SimEnv_worktrees/unitree-runtime-rebuild/build
[  0%] Built target std_msgs_generate_messages_py
[  0%] Built target geometry_msgs_generate_messages_py
[  0%] Built target sensor_msgs_generate_messages_py
[  0%] Built target _unitree_legged_msgs_generate_messages_check_deps_HighState
[  0%] Built target _unitree_legged_msgs_generate_messages_check_deps_MotorCmd
[  0%] Built target _unitree_legged_msgs_generate_messages_check_deps_MotorState
[  0%] Built target _unitree_legged_msgs_generate_messages_check_deps_BmsCmd
[  0%] Built target _unitree_legged_msgs_generate_messages_check_deps_BmsState
[  0%] Built target _unitree_legged_msgs_generate_messages_check_deps_Cartesian
[  0%] Built target _unitree_legged_msgs_generate_messages_check_deps_IMU
[  0%] Built target _unitree_legged_msgs_generate_messages_check_deps_LED
[  0%] Built target _unitree_legged_msgs_generate_messages_check_deps_LowCmd
[  0%] Built target _unitree_legged_msgs_generate_messages_check_deps_LowState
[  0%] Built target _unitree_legged_msgs_generate_messages_check_deps_HighCmd
[  0%] Built target std_msgs_generate_messages_cpp
[  0%] Built target geometry_msgs_generate_messages_cpp
[  0%] Built target std_msgs_generate_messages_eus
[  0%] Built target sensor_msgs_generate_messages_cpp
[  0%] Built target geometry_msgs_generate_messages_eus
[  0%] Built target sensor_msgs_generate_messages_eus
[  0%] Built target geometry_msgs_generate_messages_lisp
[  0%] Built target std_msgs_generate_messages_lisp
[  0%] Built target sensor_msgs_generate_messages_lisp
[  0%] Built target std_msgs_generate_messages_nodejs
[  0%] Built target geometry_msgs_generate_messages_nodejs
[  0%] Built target sensor_msgs_generate_messages_nodejs
Consolidate compiler generated dependencies of target unitreeFootContactPlugin
Consolidate compiler generated dependencies of target unitreeDrawForcePlugin
[  1%] Built target unitreeFootContactPlugin
[  3%] Built target unitreeDrawForcePlugin
[  3%] Built target _unitree_guide_generate_messages_check_deps_CustomMsg
[  3%] Built target _unitree_guide_generate_messages_check_deps_CustomPoint
Consolidate compiler generated dependencies of target state_from_gazebo
[  3%] Built target roscpp_generate_messages_cpp
[  5%] Built target state_from_gazebo
[  5%] Built target roscpp_generate_messages_eus
[  5%] Built target roscpp_generate_messages_lisp
[  5%] Built target roscpp_generate_messages_nodejs
[  5%] Built target roscpp_generate_messages_py
[  5%] Built target rosgraph_msgs_generate_messages_cpp
[  5%] Built target rosgraph_msgs_generate_messages_eus
[  5%] Built target rosgraph_msgs_generate_messages_lisp
[  5%] Built target rosgraph_msgs_generate_messages_nodejs
[  5%] Built target rosgraph_msgs_generate_messages_py
[  5%] Built target actionlib_generate_messages_cpp
[  5%] Built target actionlib_generate_messages_eus
[  5%] Built target actionlib_generate_messages_lisp
[  5%] Built target actionlib_generate_messages_nodejs
[  5%] Built target actionlib_generate_messages_py
[  5%] Built target actionlib_msgs_generate_messages_cpp
[  5%] Built target actionlib_msgs_generate_messages_lisp
[  5%] Built target actionlib_msgs_generate_messages_eus
[  5%] Built target actionlib_msgs_generate_messages_nodejs
[  5%] Built target actionlib_msgs_generate_messages_py
[  5%] Built target tf2_msgs_generate_messages_cpp
[  5%] Built target tf2_msgs_generate_messages_eus
[  5%] Built target tf2_msgs_generate_messages_lisp
[  5%] Built target tf2_msgs_generate_messages_nodejs
[  5%] Built target tf2_msgs_generate_messages_py
[  5%] Built target tf_generate_messages_cpp
[  5%] Built target tf_generate_messages_eus
[  5%] Built target tf_generate_messages_lisp
[  5%] Built target tf_generate_messages_nodejs
[  5%] Built target tf_generate_messages_py
[ 16%] Built target unitree_legged_msgs_generate_messages_py
[ 25%] Built target unitree_legged_msgs_generate_messages_cpp
[ 36%] Built target unitree_legged_msgs_generate_messages_eus
[ 46%] Built target unitree_legged_msgs_generate_messages_lisp
[ 55%] Built target unitree_legged_msgs_generate_messages_nodejs
[ 55%] Built target unitree_legged_msgs_gencpp
[ 58%] Built target unitree_guide_generate_messages_py
[ 60%] Built target unitree_guide_generate_messages_cpp
[ 63%] Built target unitree_guide_generate_messages_eus
[ 64%] Built target unitree_guide_generate_messages_lisp
[ 66%] Built target unitree_guide_generate_messages_nodejs
[ 66%] Built target unitree_legged_msgs_generate_messages
Consolidate compiler generated dependencies of target unitree_legged_control
[ 66%] Built target unitree_guide_generate_messages
[ 69%] Built target unitree_legged_control
Consolidate compiler generated dependencies of target junior_ctrl
[100%] Built target junior_ctrl
Base path: /home/zzf/search_ws/SimEnv_worktrees/unitree-runtime-rebuild
Source space: /home/zzf/search_ws/SimEnv_worktrees/unitree-runtime-rebuild/src
Build space: /home/zzf/search_ws/SimEnv_worktrees/unitree-runtime-rebuild/build
Devel space: /home/zzf/search_ws/SimEnv_worktrees/unitree-runtime-rebuild/devel
Install space: /home/zzf/search_ws/SimEnv_worktrees/unitree-runtime-rebuild/install
####
#### Running command: "cmake /home/zzf/search_ws/SimEnv_worktrees/unitree-runtime-rebuild/src -DCATKIN_WHITELIST_PACKAGES=unitree_legged_msgs;unitree_guide;unitree_legged_control;unitree_gazebo -DUNITREE_ENABLE_TORCH_POLICY=ON -DCMAKE_C_COMPILER=/usr/bin/gcc-11 -DCMAKE_CXX_COMPILER=/usr/bin/g++-11 -DCMAKE_CUDA_HOST_COMPILER=/usr/bin/g++-11 -DCMAKE_CUDA_FLAGS=-ccbin=/usr/bin/g++-11 -arch=sm_52 -DCUDA_TOOLKIT_ROOT_DIR=/usr/local/cuda-11.8 -DCUDAToolkit_ROOT=/usr/local/cuda-11.8 -DCMAKE_BUILD_TYPE=Release -DCATKIN_DEVEL_PREFIX=/home/zzf/search_ws/SimEnv_worktrees/unitree-runtime-rebuild/devel -DCMAKE_INSTALL_PREFIX=/home/zzf/search_ws/SimEnv_worktrees/unitree-runtime-rebuild/install -G Unix Makefiles" in "/home/zzf/search_ws/SimEnv_worktrees/unitree-runtime-rebuild/build"
####
####
#### Running command: "make -j2" in "/home/zzf/search_ws/SimEnv_worktrees/unitree-runtime-rebuild/build"
####
exit_code=0
end=2026-07-21T00:30:36+08:00
