xacro: in-order processing became default in ROS Melodic. You can drop the option.
[INFO] [1785229351.871638, 0.000000]: Loading model XML from ros parameter robot_description
[INFO] [1785229351.900601, 0.000000]: Waiting for service /gazebo/spawn_urdf_model
[INFO] [1785229354.323307, 0.000000]: Calling service /gazebo/spawn_urdf_model
[INFO] [1785229354.695294, 0.000000]: Spawn status: SpawnModel: Successfully spawned entity
[INFO] [1785229354.698658, 0.000000]: Waiting for service /gazebo/set_model_configuration
[INFO] [1785229354.704999, 0.000000]: temporary hack to **fix** the -J joint position option (issue #93), sleeping for 1 second to avoid race condition.
[INFO] [1785229355.708042, 0.000000]: Calling service /gazebo/set_model_configuration
[INFO] [1785229355.718074, 0.000000]: Set model configuration status: SetModelConfiguration: success
[WARN] [1785233186.802261, 2001.296000]: Controller Spawner error while taking down controllers: unable to contact master
[0m[INFO] [1785229352.762525186]: Finished loading Gazebo ROS API Plugin.[0m
[0m[INFO] [1785229352.765184208]: waitForService: Service [/gazebo/set_physics_properties] has not been advertised, waiting...[0m
[0m[INFO] [1785229354.189604460]: waitForService: Service [/gazebo/set_physics_properties] is now available.[0m
[0m[INFO] [1785229354.239250176]: Physics dynamic reconfigure ready.[0m
[0m[INFO] [1785229354.634595905]: <initialOrientationAsReference> is unset, using default value of false to comply with REP 145 (world as orientation reference)[0m
[0m[INFO] [1785229354.634742187]: <robotNamespace> set to: //[0m
[0m[INFO] [1785229354.634787762]: <topicName> set to: trunk_imu[0m
[0m[INFO] [1785229354.634811151]: <frameName> set to: imu_link[0m
[0m[INFO] [1785229354.634862956]: <updateRateHZ> set to: 1000[0m
[0m[INFO] [1785229354.634894486]: <gaussianNoise> set to: 0[0m
[0m[INFO] [1785229354.634936073]: <xyzOffset> set to: 0 0 0[0m
[0m[INFO] [1785229354.635082422]: <rpyOffset> set to: 0 -0 0[0m
[0m[INFO] [1785229354.661013769]: Load FL_foot_contact plugin.[0m
[0m[INFO] [1785229354.663929477]: Load FR_foot_contact plugin.[0m
[0m[INFO] [1785229354.676789001]: Load RL_foot_contact plugin.[0m
[0m[INFO] [1785229354.685469738]: Load RR_foot_contact plugin.[0m
[0m[INFO] [1785229357.027255684]: Loading gazebo_ros_control plugin[0m
[0m[INFO] [1785229357.027335191]: Starting gazebo_ros_control plugin in namespace: /a1_gazebo[0m
[0m[INFO] [1785229357.028117633]: gazebo_ros_control plugin is waiting for model URDF in parameter [/robot_description] on the ROS param server.[0m
[0m[INFO] [1785229357.148368649]: Loaded gazebo_ros_control.[0m
[0m[INFO] [1785229357.324730976, 0.168000000]: LowCmd command callback spinner started with 4 thread(s).[0m
... logging to /home/zzf/.ros/log/0f6750f8-8a63-11f1-a7b1-8589195ca880/roslaunch-zzf-Legion-Y9000P-IRX9-349710.log
Checking log directory for disk usage. This may take a while.
Press Ctrl-C to interrupt
Done checking log file disk usage. Usage is <1GB.
]2;/home/zzf/search_ws/SimEnv/src/unitree_guide/unitree_guide/unitree_guide/launch/multi_floor_gazeboSim.launch
[1mstarted roslaunch server http://zzf-Legion-Y9000P-IRX9:44965/[0m

SUMMARY
========

PARAMETERS
 * /a1_gazebo/FL_calf_controller/joint: FL_calf_joint
 * /a1_gazebo/FL_calf_controller/pid/d: 8.0
 * /a1_gazebo/FL_calf_controller/pid/i: 0.0
 * /a1_gazebo/FL_calf_controller/pid/p: 300.0
 * /a1_gazebo/FL_calf_controller/type: unitree_legged_co...
 * /a1_gazebo/FL_hip_controller/joint: FL_hip_joint
 * /a1_gazebo/FL_hip_controller/pid/d: 5.0
 * /a1_gazebo/FL_hip_controller/pid/i: 0.0
 * /a1_gazebo/FL_hip_controller/pid/p: 100.0
 * /a1_gazebo/FL_hip_controller/type: unitree_legged_co...
 * /a1_gazebo/FL_thigh_controller/joint: FL_thigh_joint
 * /a1_gazebo/FL_thigh_controller/pid/d: 8.0
 * /a1_gazebo/FL_thigh_controller/pid/i: 0.0
 * /a1_gazebo/FL_thigh_controller/pid/p: 300.0
 * /a1_gazebo/FL_thigh_controller/type: unitree_legged_co...
 * /a1_gazebo/FR_calf_controller/joint: FR_calf_joint
 * /a1_gazebo/FR_calf_controller/pid/d: 8.0
 * /a1_gazebo/FR_calf_controller/pid/i: 0.0
 * /a1_gazebo/FR_calf_controller/pid/p: 300.0
 * /a1_gazebo/FR_calf_controller/type: unitree_legged_co...
 * /a1_gazebo/FR_hip_controller/joint: FR_hip_joint
 * /a1_gazebo/FR_hip_controller/pid/d: 5.0
 * /a1_gazebo/FR_hip_controller/pid/i: 0.0
 * /a1_gazebo/FR_hip_controller/pid/p: 100.0
 * /a1_gazebo/FR_hip_controller/type: unitree_legged_co...
 * /a1_gazebo/FR_thigh_controller/joint: FR_thigh_joint
 * /a1_gazebo/FR_thigh_controller/pid/d: 8.0
 * /a1_gazebo/FR_thigh_controller/pid/i: 0.0
 * /a1_gazebo/FR_thigh_controller/pid/p: 300.0
 * /a1_gazebo/FR_thigh_controller/type: unitree_legged_co...
 * /a1_gazebo/RL_calf_controller/joint: RL_calf_joint
 * /a1_gazebo/RL_calf_controller/pid/d: 8.0
 * /a1_gazebo/RL_calf_controller/pid/i: 0.0
 * /a1_gazebo/RL_calf_controller/pid/p: 300.0
 * /a1_gazebo/RL_calf_controller/type: unitree_legged_co...
 * /a1_gazebo/RL_hip_controller/joint: RL_hip_joint
 * /a1_gazebo/RL_hip_controller/pid/d: 5.0
 * /a1_gazebo/RL_hip_controller/pid/i: 0.0
 * /a1_gazebo/RL_hip_controller/pid/p: 100.0
 * /a1_gazebo/RL_hip_controller/type: unitree_legged_co...
 * /a1_gazebo/RL_thigh_controller/joint: RL_thigh_joint
 * /a1_gazebo/RL_thigh_controller/pid/d: 8.0
 * /a1_gazebo/RL_thigh_controller/pid/i: 0.0
 * /a1_gazebo/RL_thigh_controller/pid/p: 300.0
 * /a1_gazebo/RL_thigh_controller/type: unitree_legged_co...
 * /a1_gazebo/RR_calf_controller/joint: RR_calf_joint
 * /a1_gazebo/RR_calf_controller/pid/d: 8.0
 * /a1_gazebo/RR_calf_controller/pid/i: 0.0
 * /a1_gazebo/RR_calf_controller/pid/p: 300.0
 * /a1_gazebo/RR_calf_controller/type: unitree_legged_co...
 * /a1_gazebo/RR_hip_controller/joint: RR_hip_joint
 * /a1_gazebo/RR_hip_controller/pid/d: 5.0
 * /a1_gazebo/RR_hip_controller/pid/i: 0.0
 * /a1_gazebo/RR_hip_controller/pid/p: 100.0
 * /a1_gazebo/RR_hip_controller/type: unitree_legged_co...
 * /a1_gazebo/RR_thigh_controller/joint: RR_thigh_joint
 * /a1_gazebo/RR_thigh_controller/pid/d: 8.0
 * /a1_gazebo/RR_thigh_controller/pid/i: 0.0
 * /a1_gazebo/RR_thigh_controller/pid/p: 300.0
 * /a1_gazebo/RR_thigh_controller/type: unitree_legged_co...
 * /a1_gazebo/joint_state_controller/publish_rate: 1000
 * /a1_gazebo/joint_state_controller/type: joint_state_contr...
 * /gazebo/enable_ros_network: True
 * /robot_description: <?xml version="1....
 * /robot_name: a1
 * /rosdistro: noetic
 * /rosversion: 1.16.0
 * /use_sim_time: True
 * /world_file: /home/zzf/search_...

NODES
  /
    gazebo (gazebo_ros/gzserver)
    robot_state_publisher (robot_state_publisher/robot_state_publisher)
    urdf_spawner (gazebo_ros/spawn_model)
  /a1_gazebo/
    controller_spawner (controller_manager/spawner)

auto-starting new master
[1mprocess[master]: started with pid [349841][0m
[1mROS_MASTER_URI=http://localhost:11311[0m
]2;/home/zzf/search_ws/SimEnv/src/unitree_guide/unitree_guide/unitree_guide/launch/multi_floor_gazeboSim.launch http://localhost:11311
[1msetting /run_id to 0f6750f8-8a63-11f1-a7b1-8589195ca880[0m
[1mprocess[rosout-1]: started with pid [349892][0m
started core service [/rosout]
[1mprocess[gazebo-2]: started with pid [349930][0m
[1mprocess[urdf_spawner-3]: started with pid [349933][0m
[1mprocess[a1_gazebo/controller_spawner-4]: started with pid [349936][0m
[1mprocess[robot_state_publisher-5]: started with pid [349937][0m
[1m[urdf_spawner-3] process has finished cleanly
log file: /home/zzf/.ros/log/0f6750f8-8a63-11f1-a7b1-8589195ca880/urdf_spawner-3*.log[0m
[robot_state_publisher-5] killing on exit
[a1_gazebo/controller_spawner-4] killing on exit
[gazebo-2] killing on exit
[rosout-1] killing on exit
[master] killing on exit
shutting down processing monitor...
... shutting down processing monitor complete
[1mdone[0m
