-- Using CATKIN_DEVEL_PREFIX: /home/zzf/search_ws/SimEnv_worktrees/earth-rl-motion/devel
-- Using CMAKE_PREFIX_PATH: /home/zzf/search_ws/SimEnv_worktrees/earth-rl-motion/devel;/opt/ros/noetic
-- This workspace overlays: /home/zzf/search_ws/SimEnv_worktrees/earth-rl-motion/devel;/opt/ros/noetic
-- Using PYTHON_EXECUTABLE: /home/zzf/miniconda3/bin/python3
-- Using Debian Python package layout
-- Using empy: /usr/bin/empy
-- Using CATKIN_ENABLE_TESTING: ON
-- Call enable_testing()
-- Using CATKIN_TEST_RESULTS_DIR: /home/zzf/search_ws/SimEnv_worktrees/earth-rl-motion/build/test_results
-- Forcing gtest/gmock from source, though one was otherwise available.
-- Found gtest sources under '/usr/src/googletest': gtests will be built
-- Found gmock sources under '/usr/src/googletest': gmock will be built
-- Using Python nosetests: /usr/bin/nosetests3
-- catkin 0.8.10
-- BUILD_SHARED_LIBS is on
-- BUILD_SHARED_LIBS is on
-- Using CATKIN_BLACKLIST_PACKAGES: unitree_move_base
-- ~~~~~~~~~~~~~~~~~~~~~~~~~~~~~~~~~~~~~~~~~~~~~~~~~
-- ~~  traversing 28 packages in topological order:
-- ~~  - building_generator_core
-- ~~  - building_generator_interfaces
-- ~~  - quadrotor_msgs
-- ~~  - unitree_legged_sdk
-- ~~  - a1_description
-- ~~  - cmake_utils
-- ~~  - map_generator
-- ~~  - pose_utils
-- ~~  - building_obstacles
-- ~~  - building_generator_classic
-- ~~  - livox_laser_simulation
-- ~~  - odom_visualization
-- ~~  - local_sensing_node
-- ~~  - mockamap
-- ~~  - simenv_fast_lio2_integration
-- ~~  - so3_control
-- ~~  - multi_map_server
-- ~~  - uav_utils
-- ~~  - so3_quadrotor_simulator
-- ~~  - unitree_legged_msgs
-- ~~  - unitree_legged_control
-- ~~  - unitree_legged_real
-- ~~  - unitree_motor_ctrl
-- ~~  - rviz_plugins
-- ~~  - unitree_controller
-- ~~  - unitree_gazebo
-- ~~  - unitree_guide
-- ~~  - waypoint_generator
-- ~~~~~~~~~~~~~~~~~~~~~~~~~~~~~~~~~~~~~~~~~~~~~~~~~
-- +++ processing catkin package: 'building_generator_core'
-- ==> add_subdirectory(building_generator_core)
-- Installing devel-space wrapper /home/zzf/search_ws/SimEnv_worktrees/earth-rl-motion/src/building_generator_core/scripts/building_generator_cli to /home/zzf/search_ws/SimEnv_worktrees/earth-rl-motion/devel/lib/building_generator_core
-- +++ processing catkin package: 'building_generator_interfaces'
-- ==> add_subdirectory(building_generator_interfaces)
-- Using these message generators: gencpp;geneus;genlisp;gennodejs;genpy
-- building_generator_interfaces: 0 messages, 2 services
-- +++ processing catkin package: 'quadrotor_msgs'
-- ==> add_subdirectory(uav_simulator/Utils/quadrotor_msgs)
CMake Deprecation Warning at uav_simulator/Utils/quadrotor_msgs/CMakeLists.txt:43 (cmake_minimum_required):
  Compatibility with CMake < 2.8.12 will be removed from a future version of
  CMake.

  Update the VERSION argument <min> value or use a ...<max> suffix to tell
  CMake that the project does not need compatibility with older versions.


-- Using these message generators: gencpp;geneus;genlisp;gennodejs;genpy
-- quadrotor_msgs: 13 messages, 0 services
-- +++ processing catkin package: 'unitree_legged_sdk'
-- ==> add_subdirectory(unitree_guide/unitree_ros_to_real/unitree_legged_sdk)
CMake Deprecation Warning at unitree_guide/unitree_ros_to_real/unitree_legged_sdk/CMakeLists.txt:1 (cmake_minimum_required):
  Compatibility with CMake < 2.8.12 will be removed from a future version of
  CMake.

  Update the VERSION argument <min> value or use a ...<max> suffix to tell
  CMake that the project does not need compatibility with older versions.


-- CMAKE_SYSTEM_PROCESSOR: x86_64
-- +++ processing catkin package: 'a1_description'
-- ==> add_subdirectory(unitree_guide/unitree_ros/robots/a1_description)
CMake Deprecation Warning at unitree_guide/unitree_ros/robots/a1_description/CMakeLists.txt:1 (cmake_minimum_required):
  Compatibility with CMake < 2.8.12 will be removed from a future version of
  CMake.

  Update the VERSION argument <min> value or use a ...<max> suffix to tell
  CMake that the project does not need compatibility with older versions.


-- Using these message generators: gencpp;geneus;genlisp;gennodejs;genpy
-- +++ processing catkin package: 'cmake_utils'
-- ==> add_subdirectory(uav_simulator/Utils/cmake_utils)
CMake Deprecation Warning at uav_simulator/Utils/cmake_utils/CMakeLists.txt:1 (cmake_minimum_required):
  Compatibility with CMake < 2.8.12 will be removed from a future version of
  CMake.

  Update the VERSION argument <min> value or use a ...<max> suffix to tell
  CMake that the project does not need compatibility with older versions.


-- +++ processing catkin package: 'map_generator'
-- ==> add_subdirectory(uav_simulator/map_generator)
CMake Deprecation Warning at uav_simulator/map_generator/CMakeLists.txt:1 (cmake_minimum_required):
  Compatibility with CMake < 2.8.12 will be removed from a future version of
  CMake.

  Update the VERSION argument <min> value or use a ...<max> suffix to tell
  CMake that the project does not need compatibility with older versions.


-- Found Eigen: /usr/include/eigen3 (Required is at least version "3.1") 
-- Eigen found (include: /usr/include/eigen3, version: 3.4.0)
-- Found Boost: /usr/lib/x86_64-linux-gnu/cmake/Boost-1.74.0/BoostConfig.cmake (found suitable version "1.74.0", minimum required is "1.65.0") found components: system filesystem date_time iostreams serialization 
-- FLANN found (include: /usr/include, lib: /usr/lib/x86_64-linux-gnu/libflann_cpp.so)
-- OpenNI found (version: 1.5.4.0, include: /usr/include/ni, lib: /usr/lib/libOpenNI.so;libusb::libusb)
-- OpenNI2 found (version: 2.2.0.33, include: /usr/include/openni2, lib: /usr/lib/x86_64-linux-gnu/libOpenNI2.so;libusb::libusb)
** WARNING ** io features related to pcap will be disabled
-- Eigen found (include: /usr/include/eigen3, version: 3.4.0)
-- OpenNI found (version: 1.5.4.0, include: /usr/include/ni, lib: /usr/lib/libOpenNI.so;libusb::libusb)
-- OpenNI2 found (version: 2.2.0.33, include: /usr/include/openni2, lib: /usr/lib/x86_64-linux-gnu/libOpenNI2.so;libusb::libusb)
-- Found Qhull version 8.0.2
-- OpenNI found (version: 1.5.4.0, include: /usr/include/ni, lib: /usr/lib/libOpenNI.so;libusb::libusb)
-- looking for PCL_COMMON
-- looking for PCL_KDTREE
-- looking for PCL_OCTREE
-- looking for PCL_SEARCH
-- looking for PCL_SAMPLE_CONSENSUS
-- looking for PCL_FILTERS
-- looking for PCL_2D
-- looking for PCL_GEOMETRY
-- looking for PCL_IO
-- looking for PCL_FEATURES
-- looking for PCL_ML
-- looking for PCL_SEGMENTATION
-- looking for PCL_VISUALIZATION
-- looking for PCL_SURFACE
-- looking for PCL_REGISTRATION
-- looking for PCL_KEYPOINTS
-- looking for PCL_TRACKING
-- looking for PCL_RECOGNITION
-- looking for PCL_STEREO
-- looking for PCL_APPS
-- looking for PCL_IN_HAND_SCANNER
-- looking for PCL_MODELER
-- looking for PCL_POINT_CLOUD_EDITOR
-- looking for PCL_OUTOFCORE
-- looking for PCL_PEOPLE
-- +++ processing catkin package: 'pose_utils'
-- ==> add_subdirectory(uav_simulator/Utils/pose_utils)
CMake Deprecation Warning at uav_simulator/Utils/pose_utils/CMakeLists.txt:1 (cmake_minimum_required):
  Compatibility with CMake < 2.8.12 will be removed from a future version of
  CMake.

  Update the VERSION argument <min> value or use a ...<max> suffix to tell
  CMake that the project does not need compatibility with older versions.


-- +++ processing catkin package: 'building_obstacles'
-- ==> add_subdirectory(building_obstacles)
-- Installing devel-space wrapper /home/zzf/search_ws/SimEnv_worktrees/earth-rl-motion/src/building_obstacles/scripts/generate_competition_scene.py to /home/zzf/search_ws/SimEnv_worktrees/earth-rl-motion/devel/lib/building_obstacles
-- Installing devel-space wrapper /home/zzf/search_ws/SimEnv_worktrees/earth-rl-motion/src/building_obstacles/scripts/generate_multi_floor_building.py to /home/zzf/search_ws/SimEnv_worktrees/earth-rl-motion/devel/lib/building_obstacles
-- Installing devel-space wrapper /home/zzf/search_ws/SimEnv_worktrees/earth-rl-motion/src/building_obstacles/scripts/spawn_red_spheres.py to /home/zzf/search_ws/SimEnv_worktrees/earth-rl-motion/devel/lib/building_obstacles
-- Installing devel-space wrapper /home/zzf/search_ws/SimEnv_worktrees/earth-rl-motion/src/building_obstacles/scripts/evaluate_danger.py to /home/zzf/search_ws/SimEnv_worktrees/earth-rl-motion/devel/lib/building_obstacles
-- Installing devel-space wrapper /home/zzf/search_ws/SimEnv_worktrees/earth-rl-motion/src/building_obstacles/scripts/evaulate_danger.py to /home/zzf/search_ws/SimEnv_worktrees/earth-rl-motion/devel/lib/building_obstacles
-- +++ processing catkin package: 'building_generator_classic'
-- ==> add_subdirectory(building_generator_classic)
-- Using these message generators: gencpp;geneus;genlisp;gennodejs;genpy
-- Installing devel-space wrapper /home/zzf/search_ws/SimEnv_worktrees/earth-rl-motion/src/building_generator_classic/scripts/building_generator_classic_control to /home/zzf/search_ws/SimEnv_worktrees/earth-rl-motion/devel/lib/building_generator_classic
-- +++ processing catkin package: 'livox_laser_simulation'
-- ==> add_subdirectory(Mid360_imu_sim)
CMake Deprecation Warning at Mid360_imu_sim/CMakeLists.txt:1 (cmake_minimum_required):
  Compatibility with CMake < 2.8.12 will be removed from a future version of
  CMake.

  Update the VERSION argument <min> value or use a ...<max> suffix to tell
  CMake that the project does not need compatibility with older versions.


-- Using these message generators: gencpp;geneus;genlisp;gennodejs;genpy
CMake Warning (dev) at /usr/share/cmake-3.22/Modules/FindPackageHandleStandardArgs.cmake:438 (message):
  The package name passed to `find_package_handle_standard_args` (PkgConfig)
  does not match the name of the calling package (gazebo).  This can lead to
  problems in calling code that expects `find_package` result variables
  (e.g., `_FOUND`) to follow a certain pattern.
Call Stack (most recent call first):
  /usr/share/cmake-3.22/Modules/FindPkgConfig.cmake:99 (find_package_handle_standard_args)
  /usr/lib/x86_64-linux-gnu/cmake/gazebo/gazebo-config.cmake:72 (include)
  Mid360_imu_sim/CMakeLists.txt:12 (find_package)
This warning is for project developers.  Use -Wno-dev to suppress it.

-- Found DART: /usr/include (Required is at least version "6.6") found components: dart 
-- Found Boost: /usr/lib/x86_64-linux-gnu/cmake/Boost-1.74.0/BoostConfig.cmake (found suitable version "1.74.0", minimum required is "1.40.0") found components: thread system filesystem program_options regex iostreams date_time 
-- Found Protobuf: /usr/lib/x86_64-linux-gnu/libprotobuf.so (found version "3.12.4") 
-- Looking for ignition-math6 -- found version 6.10.0
-- Searching for dependencies of ignition-math6
-- Looking for OGRE...
-- Found Ogre Ghadamon (1.9.0)
-- Found OGRE: optimized;/usr/lib/x86_64-linux-gnu/libOgreMain.so;debug;/usr/lib/x86_64-linux-gnu/libOgreMain.so
-- Looking for OGRE_Paging...
-- Found OGRE_Paging: optimized;/usr/lib/x86_64-linux-gnu/libOgrePaging.so;debug;/usr/lib/x86_64-linux-gnu/libOgrePaging.so
-- Looking for OGRE_Terrain...
-- Found OGRE_Terrain: optimized;/usr/lib/x86_64-linux-gnu/libOgreTerrain.so;debug;/usr/lib/x86_64-linux-gnu/libOgreTerrain.so
-- Looking for OGRE_Property...
-- Found OGRE_Property: optimized;/usr/lib/x86_64-linux-gnu/libOgreProperty.so;debug;/usr/lib/x86_64-linux-gnu/libOgreProperty.so
-- Looking for OGRE_RTShaderSystem...
-- Found OGRE_RTShaderSystem: optimized;/usr/lib/x86_64-linux-gnu/libOgreRTShaderSystem.so;debug;/usr/lib/x86_64-linux-gnu/libOgreRTShaderSystem.so
-- Looking for OGRE_Volume...
-- Found OGRE_Volume: optimized;/usr/lib/x86_64-linux-gnu/libOgreVolume.so;debug;/usr/lib/x86_64-linux-gnu/libOgreVolume.so
-- Looking for OGRE_Overlay...
-- Found OGRE_Overlay: optimized;/usr/lib/x86_64-linux-gnu/libOgreOverlay.so;debug;/usr/lib/x86_64-linux-gnu/libOgreOverlay.so
-- Looking for ignition-math6 -- found version 6.10.0
-- Looking for ignition-transport8 -- found version 8.2.1
-- Searching for dependencies of ignition-transport8
-- Found Protobuf: /usr/lib/x86_64-linux-gnu/libprotobuf.so (found suitable version "3.12.4", minimum required is "3") 
-- Config-file not installed for ZeroMQ -- checking for pkg-config
-- Checking for module 'libzmq >= 4'
--   Found libzmq , version 4.3.4
-- Checking for module 'uuid'
--   Found uuid, version 2.37.2
-- Looking for ignition-msgs5 -- found version 5.8.1
-- Searching for dependencies of ignition-msgs5
-- Looking for ignition-math6 -- found version 6.10.0
-- Checking for module 'tinyxml2'
--   Found tinyxml2, version 9.0.0
-- Looking for ignition-msgs5 -- found version 5.8.1
-- Looking for ignition-common3 -- found version 3.14.0
-- Searching for dependencies of ignition-common3
-- Looking for dlfcn.h - found
-- Looking for libdl - found
-- Searching for <ignition-common3> component [graphics]
-- Looking for ignition-common3-graphics -- found version 3.14.0
-- Searching for dependencies of ignition-common3-graphics
-- Looking for ignition-math6 -- found version 6.10.0
-- Looking for ignition-fuel_tools4 -- found version 4.4.0
-- Searching for dependencies of ignition-fuel_tools4
-- Checking for module 'jsoncpp'
--   Found jsoncpp, version 1.9.5
-- Checking for module 'yaml-0.1'
--   Found yaml-0.1, version 0.2.2
-- Checking for module 'libzip'
--   Found libzip, version 1.7.3
-- Looking for ignition-common3 -- found version 3.14.0
-- Looking for ignition-math6 -- found version 6.10.0
-- Looking for ignition-msgs5 -- found version 5.8.1
-- +++ processing catkin package: 'odom_visualization'
-- ==> add_subdirectory(uav_simulator/Utils/odom_visualization)
CMake Deprecation Warning at uav_simulator/Utils/odom_visualization/CMakeLists.txt:36 (cmake_minimum_required):
  Compatibility with CMake < 2.8.12 will be removed from a future version of
  CMake.

  Update the VERSION argument <min> value or use a ...<max> suffix to tell
  CMake that the project does not need compatibility with older versions.


-- Using these message generators: gencpp;geneus;genlisp;gennodejs;genpy
-- +++ processing catkin package: 'local_sensing_node'
-- ==> add_subdirectory(uav_simulator/local_sensing)
CMake Deprecation Warning at uav_simulator/local_sensing/CMakeLists.txt:2 (CMAKE_MINIMUM_REQUIRED):
  Compatibility with CMake < 2.8.12 will be removed from a future version of
  CMake.

  Update the VERSION argument <min> value or use a ...<max> suffix to tell
  CMake that the project does not need compatibility with older versions.


-- Using these message generators: gencpp;geneus;genlisp;gennodejs;genpy
CMake Warning at /opt/ros/noetic/share/catkin/cmake/catkin_package.cmake:166 (message):
  catkin_package() DEPENDS on 'Eigen' but neither 'Eigen_INCLUDE_DIRS' nor
  'Eigen_LIBRARIES' is defined.
Call Stack (most recent call first):
  /opt/ros/noetic/share/catkin/cmake/catkin_package.cmake:102 (_catkin_package)
  uav_simulator/local_sensing/CMakeLists.txt:72 (catkin_package)


-- +++ processing catkin package: 'mockamap'
-- ==> add_subdirectory(uav_simulator/mockamap)
CMake Deprecation Warning at uav_simulator/mockamap/CMakeLists.txt:1 (cmake_minimum_required):
  Compatibility with CMake < 2.8.12 will be removed from a future version of
  CMake.

  Update the VERSION argument <min> value or use a ...<max> suffix to tell
  CMake that the project does not need compatibility with older versions.


-- Using these message generators: gencpp;geneus;genlisp;gennodejs;genpy
-- +++ processing catkin package: 'simenv_fast_lio2_integration'
-- ==> add_subdirectory(simenv_fast_lio2_integration)
-- Using these message generators: gencpp;geneus;genlisp;gennodejs;genpy
-- Installing devel-space wrapper /home/zzf/search_ws/SimEnv_worktrees/earth-rl-motion/src/simenv_fast_lio2_integration/scripts/scan_to_pointcloud2.py to /home/zzf/search_ws/SimEnv_worktrees/earth-rl-motion/devel/lib/simenv_fast_lio2_integration
-- Installing devel-space wrapper /home/zzf/search_ws/SimEnv_worktrees/earth-rl-motion/src/simenv_fast_lio2_integration/scripts/pointcloud_fields_check.py to /home/zzf/search_ws/SimEnv_worktrees/earth-rl-motion/devel/lib/simenv_fast_lio2_integration
-- Installing devel-space wrapper /home/zzf/search_ws/SimEnv_worktrees/earth-rl-motion/src/simenv_fast_lio2_integration/scripts/map_to_camera_init_bridge.py to /home/zzf/search_ws/SimEnv_worktrees/earth-rl-motion/devel/lib/simenv_fast_lio2_integration
-- Installing devel-space wrapper /home/zzf/search_ws/SimEnv_worktrees/earth-rl-motion/src/simenv_fast_lio2_integration/scripts/odometry_tf_bridge.py to /home/zzf/search_ws/SimEnv_worktrees/earth-rl-motion/devel/lib/simenv_fast_lio2_integration
-- Installing devel-space wrapper /home/zzf/search_ws/SimEnv_worktrees/earth-rl-motion/src/simenv_fast_lio2_integration/scripts/check_fast_lio2_extrinsics.py to /home/zzf/search_ws/SimEnv_worktrees/earth-rl-motion/devel/lib/simenv_fast_lio2_integration
-- Installing devel-space wrapper /home/zzf/search_ws/SimEnv_worktrees/earth-rl-motion/src/simenv_fast_lio2_integration/scripts/runtime_pointcloud_smoke_check.py to /home/zzf/search_ws/SimEnv_worktrees/earth-rl-motion/devel/lib/simenv_fast_lio2_integration
-- +++ processing catkin package: 'so3_control'
-- ==> add_subdirectory(uav_simulator/so3_control)
CMake Deprecation Warning at uav_simulator/so3_control/CMakeLists.txt:45 (cmake_minimum_required):
  Compatibility with CMake < 2.8.12 will be removed from a future version of
  CMake.

  Update the VERSION argument <min> value or use a ...<max> suffix to tell
  CMake that the project does not need compatibility with older versions.


-- Using these message generators: gencpp;geneus;genlisp;gennodejs;genpy
-- +++ processing catkin package: 'multi_map_server'
-- ==> add_subdirectory(uav_simulator/Utils/multi_map_server)
CMake Deprecation Warning at uav_simulator/Utils/multi_map_server/CMakeLists.txt:39 (cmake_minimum_required):
  Compatibility with CMake < 2.8.12 will be removed from a future version of
  CMake.

  Update the VERSION argument <min> value or use a ...<max> suffix to tell
  CMake that the project does not need compatibility with older versions.


-- Using these message generators: gencpp;geneus;genlisp;gennodejs;genpy
-- multi_map_server: 4 messages, 0 services
-- +++ processing catkin package: 'uav_utils'
-- ==> add_subdirectory(uav_simulator/Utils/uav_utils)
CMake Deprecation Warning at uav_simulator/Utils/uav_utils/CMakeLists.txt:1 (cmake_minimum_required):
  Compatibility with CMake < 2.8.12 will be removed from a future version of
  CMake.

  Update the VERSION argument <min> value or use a ...<max> suffix to tell
  CMake that the project does not need compatibility with older versions.


-- Found Eigen: /usr/include/eigen3 (found version "3.4.0") 
-- +++ processing catkin package: 'so3_quadrotor_simulator'
-- ==> add_subdirectory(uav_simulator/so3_quadrotor_simulator)
CMake Deprecation Warning at uav_simulator/so3_quadrotor_simulator/CMakeLists.txt:1 (cmake_minimum_required):
  Compatibility with CMake < 2.8.12 will be removed from a future version of
  CMake.

  Update the VERSION argument <min> value or use a ...<max> suffix to tell
  CMake that the project does not need compatibility with older versions.


CMake Warning at /opt/ros/noetic/share/catkin/cmake/catkin_package.cmake:166 (message):
  catkin_package() DEPENDS on 'Eigen3' but neither 'Eigen3_INCLUDE_DIRS' nor
  'Eigen3_LIBRARIES' is defined.
Call Stack (most recent call first):
  /opt/ros/noetic/share/catkin/cmake/catkin_package.cmake:102 (_catkin_package)
  uav_simulator/so3_quadrotor_simulator/CMakeLists.txt:29 (catkin_package)


CMake Warning at /opt/ros/noetic/share/catkin/cmake/catkin_package.cmake:166 (message):
  catkin_package() DEPENDS on 'system_lib' but neither
  'system_lib_INCLUDE_DIRS' nor 'system_lib_LIBRARIES' is defined.
Call Stack (most recent call first):
  /opt/ros/noetic/share/catkin/cmake/catkin_package.cmake:102 (_catkin_package)
  uav_simulator/so3_quadrotor_simulator/CMakeLists.txt:29 (catkin_package)


-- +++ processing catkin package: 'unitree_legged_msgs'
-- ==> add_subdirectory(unitree_guide/unitree_ros_to_real/unitree_legged_msgs)
CMake Deprecation Warning at unitree_guide/unitree_ros_to_real/unitree_legged_msgs/CMakeLists.txt:1 (cmake_minimum_required):
  Compatibility with CMake < 2.8.12 will be removed from a future version of
  CMake.

  Update the VERSION argument <min> value or use a ...<max> suffix to tell
  CMake that the project does not need compatibility with older versions.


-- Using these message generators: gencpp;geneus;genlisp;gennodejs;genpy
-- unitree_legged_msgs: 11 messages, 0 services
-- +++ processing catkin package: 'unitree_legged_control'
-- ==> add_subdirectory(unitree_guide/unitree_ros/unitree_legged_control)
CMake Deprecation Warning at unitree_guide/unitree_ros/unitree_legged_control/CMakeLists.txt:1 (cmake_minimum_required):
  Compatibility with CMake < 2.8.12 will be removed from a future version of
  CMake.

  Update the VERSION argument <min> value or use a ...<max> suffix to tell
  CMake that the project does not need compatibility with older versions.


-- +++ processing catkin package: 'unitree_legged_real'
-- ==> add_subdirectory(unitree_guide/unitree_ros_to_real/unitree_legged_real)
CMake Deprecation Warning at unitree_guide/unitree_ros_to_real/unitree_legged_real/CMakeLists.txt:1 (cmake_minimum_required):
  Compatibility with CMake < 2.8.12 will be removed from a future version of
  CMake.

  Update the VERSION argument <min> value or use a ...<max> suffix to tell
  CMake that the project does not need compatibility with older versions.


-- CMAKE_SYSTEM_PROCESSOR: x86_64
-- +++ processing catkin package: 'unitree_motor_ctrl'
-- ==> add_subdirectory(unitree_guide/unitree_guide/unitree_actuator_sdk/unitree_motor_ctrl)
CMake Deprecation Warning at unitree_guide/unitree_guide/unitree_actuator_sdk/unitree_motor_ctrl/CMakeLists.txt:1 (cmake_minimum_required):
  Compatibility with CMake < 2.8.12 will be removed from a future version of
  CMake.

  Update the VERSION argument <min> value or use a ...<max> suffix to tell
  CMake that the project does not need compatibility with older versions.


-- +++ processing catkin package: 'rviz_plugins'
-- ==> add_subdirectory(uav_simulator/Utils/rviz_plugins)
CMake Deprecation Warning at uav_simulator/Utils/rviz_plugins/CMakeLists.txt:1 (cmake_minimum_required):
  Compatibility with CMake < 2.8.12 will be removed from a future version of
  CMake.

  Update the VERSION argument <min> value or use a ...<max> suffix to tell
  CMake that the project does not need compatibility with older versions.


-- Using these message generators: gencpp;geneus;genlisp;gennodejs;genpy
CMake Warning at /opt/ros/noetic/share/catkin/cmake/catkin_package.cmake:166 (message):
  catkin_package() DEPENDS on 'system_lib' but neither
  'system_lib_INCLUDE_DIRS' nor 'system_lib_LIBRARIES' is defined.
Call Stack (most recent call first):
  /opt/ros/noetic/share/catkin/cmake/catkin_package.cmake:102 (_catkin_package)
  uav_simulator/Utils/rviz_plugins/CMakeLists.txt:12 (catkin_package)


-- Using Qt5 based on the rviz_QT_VERSION: 5.15.3
-- +++ processing catkin package: 'unitree_controller'
-- ==> add_subdirectory(unitree_guide/unitree_ros/unitree_controller)
CMake Deprecation Warning at unitree_guide/unitree_ros/unitree_controller/CMakeLists.txt:1 (cmake_minimum_required):
  Compatibility with CMake < 2.8.12 will be removed from a future version of
  CMake.

  Update the VERSION argument <min> value or use a ...<max> suffix to tell
  CMake that the project does not need compatibility with older versions.


-- Using these message generators: gencpp;geneus;genlisp;gennodejs;genpy
CMake Warning (dev) at /usr/share/cmake-3.22/Modules/FindPackageHandleStandardArgs.cmake:438 (message):
  The package name passed to `find_package_handle_standard_args` (PkgConfig)
  does not match the name of the calling package (gazebo).  This can lead to
  problems in calling code that expects `find_package` result variables
  (e.g., `_FOUND`) to follow a certain pattern.
Call Stack (most recent call first):
  /usr/share/cmake-3.22/Modules/FindPkgConfig.cmake:99 (find_package_handle_standard_args)
  /usr/lib/x86_64-linux-gnu/cmake/gazebo/gazebo-config.cmake:72 (include)
  unitree_guide/unitree_ros/unitree_controller/CMakeLists.txt:17 (find_package)
This warning is for project developers.  Use -Wno-dev to suppress it.

-- Found DART: /usr/include (Required is at least version "6.6") found components: dart 
-- Found Protobuf: /usr/lib/x86_64-linux-gnu/libprotobuf.so (found version "3.12.4") 
-- Looking for ignition-math6 -- found version 6.10.0
-- Searching for dependencies of ignition-math6
-- Looking for OGRE...
-- Found Ogre Ghadamon (1.9.0)
-- Found OGRE: optimized;/usr/lib/x86_64-linux-gnu/libOgreMain.so;debug;/usr/lib/x86_64-linux-gnu/libOgreMain.so
-- Looking for OGRE_Paging...
-- Found OGRE_Paging: optimized;/usr/lib/x86_64-linux-gnu/libOgrePaging.so;debug;/usr/lib/x86_64-linux-gnu/libOgrePaging.so
-- Looking for OGRE_Terrain...
-- Found OGRE_Terrain: optimized;/usr/lib/x86_64-linux-gnu/libOgreTerrain.so;debug;/usr/lib/x86_64-linux-gnu/libOgreTerrain.so
-- Looking for OGRE_Property...
-- Found OGRE_Property: optimized;/usr/lib/x86_64-linux-gnu/libOgreProperty.so;debug;/usr/lib/x86_64-linux-gnu/libOgreProperty.so
-- Looking for OGRE_RTShaderSystem...
-- Found OGRE_RTShaderSystem: optimized;/usr/lib/x86_64-linux-gnu/libOgreRTShaderSystem.so;debug;/usr/lib/x86_64-linux-gnu/libOgreRTShaderSystem.so
-- Looking for OGRE_Volume...
-- Found OGRE_Volume: optimized;/usr/lib/x86_64-linux-gnu/libOgreVolume.so;debug;/usr/lib/x86_64-linux-gnu/libOgreVolume.so
-- Looking for OGRE_Overlay...
-- Found OGRE_Overlay: optimized;/usr/lib/x86_64-linux-gnu/libOgreOverlay.so;debug;/usr/lib/x86_64-linux-gnu/libOgreOverlay.so
-- Looking for ignition-math6 -- found version 6.10.0
-- Looking for ignition-transport8 -- found version 8.2.1
-- Searching for dependencies of ignition-transport8
-- Found Protobuf: /usr/lib/x86_64-linux-gnu/libprotobuf.so (found suitable version "3.12.4", minimum required is "3") 
-- Config-file not installed for ZeroMQ -- checking for pkg-config
-- Checking for module 'libzmq >= 4'
--   Found libzmq , version 4.3.4
-- Checking for module 'uuid'
--   Found uuid, version 2.37.2
-- Looking for ignition-msgs5 -- found version 5.8.1
-- Searching for dependencies of ignition-msgs5
-- Looking for ignition-math6 -- found version 6.10.0
-- Checking for module 'tinyxml2'
--   Found tinyxml2, version 9.0.0
-- Looking for ignition-msgs5 -- found version 5.8.1
-- Looking for ignition-common3 -- found version 3.14.0
-- Searching for dependencies of ignition-common3
-- Looking for dlfcn.h - found
-- Looking for libdl - found
-- Searching for <ignition-common3> component [graphics]
-- Looking for ignition-common3-graphics -- found version 3.14.0
-- Searching for dependencies of ignition-common3-graphics
-- Looking for ignition-math6 -- found version 6.10.0
-- Looking for ignition-fuel_tools4 -- found version 4.4.0
-- Searching for dependencies of ignition-fuel_tools4
-- Checking for module 'jsoncpp'
--   Found jsoncpp, version 1.9.5
-- Checking for module 'yaml-0.1'
--   Found yaml-0.1, version 0.2.2
-- Checking for module 'libzip'
--   Found libzip, version 1.7.3
-- Looking for ignition-common3 -- found version 3.14.0
-- Looking for ignition-math6 -- found version 6.10.0
-- Looking for ignition-msgs5 -- found version 5.8.1
-- +++ processing catkin package: 'unitree_gazebo'
-- ==> add_subdirectory(unitree_guide/unitree_ros/unitree_gazebo)
CMake Deprecation Warning at unitree_guide/unitree_ros/unitree_gazebo/CMakeLists.txt:1 (cmake_minimum_required):
  Compatibility with CMake < 2.8.12 will be removed from a future version of
  CMake.

  Update the VERSION argument <min> value or use a ...<max> suffix to tell
  CMake that the project does not need compatibility with older versions.


-- Using these message generators: gencpp;geneus;genlisp;gennodejs;genpy
CMake Warning (dev) at /usr/share/cmake-3.22/Modules/FindPackageHandleStandardArgs.cmake:438 (message):
  The package name passed to `find_package_handle_standard_args` (PkgConfig)
  does not match the name of the calling package (gazebo).  This can lead to
  problems in calling code that expects `find_package` result variables
  (e.g., `_FOUND`) to follow a certain pattern.
Call Stack (most recent call first):
  /usr/share/cmake-3.22/Modules/FindPkgConfig.cmake:99 (find_package_handle_standard_args)
  /usr/lib/x86_64-linux-gnu/cmake/gazebo/gazebo-config.cmake:72 (include)
  unitree_guide/unitree_ros/unitree_gazebo/CMakeLists.txt:17 (find_package)
This warning is for project developers.  Use -Wno-dev to suppress it.

-- Found DART: /usr/include (Required is at least version "6.6") found components: dart 
-- Found Protobuf: /usr/lib/x86_64-linux-gnu/libprotobuf.so (found version "3.12.4") 
-- Looking for ignition-math6 -- found version 6.10.0
-- Searching for dependencies of ignition-math6
-- Looking for OGRE...
-- Found Ogre Ghadamon (1.9.0)
-- Found OGRE: optimized;/usr/lib/x86_64-linux-gnu/libOgreMain.so;debug;/usr/lib/x86_64-linux-gnu/libOgreMain.so
-- Looking for OGRE_Paging...
-- Found OGRE_Paging: optimized;/usr/lib/x86_64-linux-gnu/libOgrePaging.so;debug;/usr/lib/x86_64-linux-gnu/libOgrePaging.so
-- Looking for OGRE_Terrain...
-- Found OGRE_Terrain: optimized;/usr/lib/x86_64-linux-gnu/libOgreTerrain.so;debug;/usr/lib/x86_64-linux-gnu/libOgreTerrain.so
-- Looking for OGRE_Property...
-- Found OGRE_Property: optimized;/usr/lib/x86_64-linux-gnu/libOgreProperty.so;debug;/usr/lib/x86_64-linux-gnu/libOgreProperty.so
-- Looking for OGRE_RTShaderSystem...
-- Found OGRE_RTShaderSystem: optimized;/usr/lib/x86_64-linux-gnu/libOgreRTShaderSystem.so;debug;/usr/lib/x86_64-linux-gnu/libOgreRTShaderSystem.so
-- Looking for OGRE_Volume...
-- Found OGRE_Volume: optimized;/usr/lib/x86_64-linux-gnu/libOgreVolume.so;debug;/usr/lib/x86_64-linux-gnu/libOgreVolume.so
-- Looking for OGRE_Overlay...
-- Found OGRE_Overlay: optimized;/usr/lib/x86_64-linux-gnu/libOgreOverlay.so;debug;/usr/lib/x86_64-linux-gnu/libOgreOverlay.so
-- Looking for ignition-math6 -- found version 6.10.0
-- Looking for ignition-transport8 -- found version 8.2.1
-- Searching for dependencies of ignition-transport8
-- Found Protobuf: /usr/lib/x86_64-linux-gnu/libprotobuf.so (found suitable version "3.12.4", minimum required is "3") 
-- Config-file not installed for ZeroMQ -- checking for pkg-config
-- Checking for module 'libzmq >= 4'
--   Found libzmq , version 4.3.4
-- Checking for module 'uuid'
--   Found uuid, version 2.37.2
-- Looking for ignition-msgs5 -- found version 5.8.1
-- Searching for dependencies of ignition-msgs5
-- Looking for ignition-math6 -- found version 6.10.0
-- Checking for module 'tinyxml2'
--   Found tinyxml2, version 9.0.0
-- Looking for ignition-msgs5 -- found version 5.8.1
-- Looking for ignition-common3 -- found version 3.14.0
-- Searching for dependencies of ignition-common3
-- Looking for dlfcn.h - found
-- Looking for libdl - found
-- Searching for <ignition-common3> component [graphics]
-- Looking for ignition-common3-graphics -- found version 3.14.0
-- Searching for dependencies of ignition-common3-graphics
-- Looking for ignition-math6 -- found version 6.10.0
-- Looking for ignition-fuel_tools4 -- found version 4.4.0
-- Searching for dependencies of ignition-fuel_tools4
-- Checking for module 'jsoncpp'
--   Found jsoncpp, version 1.9.5
-- Checking for module 'yaml-0.1'
--   Found yaml-0.1, version 0.2.2
-- Checking for module 'libzip'
--   Found libzip, version 1.7.3
-- Looking for ignition-common3 -- found version 3.14.0
-- Looking for ignition-math6 -- found version 6.10.0
-- Looking for ignition-msgs5 -- found version 5.8.1
-- +++ processing catkin package: 'unitree_guide'
-- ==> add_subdirectory(unitree_guide/unitree_guide/unitree_guide)
-- UNITREE_ENABLE_TORCH_POLICY=ON
-- The CUDA compiler identification is unknown
-- Detecting CUDA compiler ABI info
-- Detecting CUDA compiler ABI info - failed
-- Check for working CUDA compiler: /usr/local/cuda-11.8/bin/nvcc
-- Check for working CUDA compiler: /usr/local/cuda-11.8/bin/nvcc - broken
CMake Error at /usr/share/cmake-3.22/Modules/CMakeTestCUDACompiler.cmake:56 (message):
  The CUDA compiler

    "/usr/local/cuda-11.8/bin/nvcc"

  is not able to compile a simple test program.

  It fails with the following output:

    Change Dir: /home/zzf/search_ws/SimEnv_worktrees/earth-rl-motion/build/CMakeFiles/CMakeTmp
    
    Run Build Command(s):/usr/bin/gmake -f Makefile cmTC_b2fc9/fast && /usr/bin/gmake  -f CMakeFiles/cmTC_b2fc9.dir/build.make CMakeFiles/cmTC_b2fc9.dir/build
    gmake[1]: 进入目录“/home/zzf/search_ws/SimEnv_worktrees/earth-rl-motion/build/CMakeFiles/CMakeTmp”
    Building CUDA object CMakeFiles/cmTC_b2fc9.dir/main.cu.o
    /usr/local/cuda-11.8/bin/nvcc    -arch=sm_52   -c /home/zzf/search_ws/SimEnv_worktrees/earth-rl-motion/build/CMakeFiles/CMakeTmp/main.cu -o CMakeFiles/cmTC_b2fc9.dir/main.cu.o
    gcc: fatal error: cannot execute ‘cc1plus’: execvp: 没有那个文件或目录
    compilation terminated.
    nvcc fatal   : Failed to preprocess host compiler properties.
    gmake[1]: *** [CMakeFiles/cmTC_b2fc9.dir/build.make:78：CMakeFiles/cmTC_b2fc9.dir/main.cu.o] 错误 1
    gmake[1]: 离开目录“/home/zzf/search_ws/SimEnv_worktrees/earth-rl-motion/build/CMakeFiles/CMakeTmp”
    gmake: *** [Makefile:127：cmTC_b2fc9/fast] 错误 2
    
    

  

  CMake will not be able to correctly generate this project.
Call Stack (most recent call first):
  /home/zzf/third_party/libtorch-2.0.1-cu118-cxx11-abi/share/cmake/Caffe2/public/cuda.cmake:47 (enable_language)
  /home/zzf/third_party/libtorch-2.0.1-cu118-cxx11-abi/share/cmake/Caffe2/Caffe2Config.cmake:88 (include)
  /home/zzf/third_party/libtorch-2.0.1-cu118-cxx11-abi/share/cmake/Torch/TorchConfig.cmake:68 (find_package)
  unitree_guide/unitree_guide/unitree_guide/CMakeLists.txt:38 (find_package)


-- Configuring incomplete, errors occurred!
See also "/home/zzf/search_ws/SimEnv_worktrees/earth-rl-motion/build/CMakeFiles/CMakeOutput.log".
See also "/home/zzf/search_ws/SimEnv_worktrees/earth-rl-motion/build/CMakeFiles/CMakeError.log".
Base path: /home/zzf/search_ws/SimEnv_worktrees/earth-rl-motion
Source space: /home/zzf/search_ws/SimEnv_worktrees/earth-rl-motion/src
Build space: /home/zzf/search_ws/SimEnv_worktrees/earth-rl-motion/build
Devel space: /home/zzf/search_ws/SimEnv_worktrees/earth-rl-motion/devel
Install space: /home/zzf/search_ws/SimEnv_worktrees/earth-rl-motion/install
####
#### Running command: "cmake /home/zzf/search_ws/SimEnv_worktrees/earth-rl-motion/src -DCATKIN_DEVEL_PREFIX=/home/zzf/search_ws/SimEnv_worktrees/earth-rl-motion/devel -DCMAKE_INSTALL_PREFIX=/home/zzf/search_ws/SimEnv_worktrees/earth-rl-motion/install -G Unix Makefiles" in "/home/zzf/search_ws/SimEnv_worktrees/earth-rl-motion/build"
####
Invoking "cmake" failed
