=== Artifact Manifest ===
Timestamp: 2026-07-21T00:33:15+08:00
Setup:     devel/setup.bash
=== ROS_PACKAGE_PATH ===
/home/zzf/search_ws/SimEnv_worktrees/unitree-runtime-rebuild/src:/opt/ros/noetic/share
=== CMAKE_PREFIX_PATH ===
/home/zzf/search_ws/SimEnv_worktrees/unitree-runtime-rebuild/devel:/opt/ros/noetic:/home/zzf/search_ws/SimEnv_worktrees/unitree-runtime-rebuild/.venv/lib/python3.10/site-packages/torch/share/cmake:/usr/local/cuda-11.8
=== rospack list ===
a1_description /home/zzf/search_ws/SimEnv_worktrees/unitree-runtime-rebuild/src/unitree_guide/unitree_ros/robots/a1_description
actionlib /opt/ros/noetic/share/actionlib
actionlib_msgs /opt/ros/noetic/share/actionlib_msgs
actionlib_tutorials /opt/ros/noetic/share/actionlib_tutorials
angles /opt/ros/noetic/share/angles
bond /opt/ros/noetic/share/bond
bondcpp /opt/ros/noetic/share/bondcpp
bondpy /opt/ros/noetic/share/bondpy
building_generator_classic /home/zzf/search_ws/SimEnv_worktrees/unitree-runtime-rebuild/src/building_generator_classic
building_generator_core /home/zzf/search_ws/SimEnv_worktrees/unitree-runtime-rebuild/src/building_generator_core
building_generator_interfaces /home/zzf/search_ws/SimEnv_worktrees/unitree-runtime-rebuild/src/building_generator_interfaces
building_obstacles /home/zzf/search_ws/SimEnv_worktrees/unitree-runtime-rebuild/src/building_obstacles
camera_calibration /opt/ros/noetic/share/camera_calibration
camera_calibration_parsers /opt/ros/noetic/share/camera_calibration_parsers
camera_info_manager /opt/ros/noetic/share/camera_info_manager
catkin /opt/ros/noetic/share/catkin
class_loader /opt/ros/noetic/share/class_loader
cmake_modules /opt/ros/noetic/share/cmake_modules
cmake_utils /home/zzf/search_ws/SimEnv_worktrees/unitree-runtime-rebuild/src/uav_simulator/Utils/cmake_utils
compressed_depth_image_transport /opt/ros/noetic/share/compressed_depth_image_transport
compressed_image_transport /opt/ros/noetic/share/compressed_image_transport
control_msgs /opt/ros/noetic/share/control_msgs
control_toolbox /opt/ros/noetic/share/control_toolbox
controller_interface /opt/ros/noetic/share/controller_interface
controller_manager /opt/ros/noetic/share/controller_manager
controller_manager_msgs /opt/ros/noetic/share/controller_manager_msgs
cpp_common /opt/ros/noetic/share/cpp_common
cv_bridge /opt/ros/noetic/share/cv_bridge
depth_image_proc /opt/ros/noetic/share/depth_image_proc
diagnostic_aggregator /opt/ros/noetic/share/diagnostic_aggregator
diagnostic_analysis /opt/ros/noetic/share/diagnostic_analysis
diagnostic_common_diagnostics /opt/ros/noetic/share/diagnostic_common_diagnostics
diagnostic_msgs /opt/ros/noetic/share/diagnostic_msgs
diagnostic_updater /opt/ros/noetic/share/diagnostic_updater
diff_drive_controller /opt/ros/noetic/share/diff_drive_controller
dynamic_reconfigure /opt/ros/noetic/share/dynamic_reconfigure
eigen_conversions /opt/ros/noetic/share/eigen_conversions
filters /opt/ros/noetic/share/filters
forward_command_controller /opt/ros/noetic/share/forward_command_controller
gazebo_dev /opt/ros/noetic/share/gazebo_dev
gazebo_msgs /opt/ros/noetic/share/gazebo_msgs
gazebo_plugins /opt/ros/noetic/share/gazebo_plugins
gazebo_ros /opt/ros/noetic/share/gazebo_ros
gazebo_ros_control /opt/ros/noetic/share/gazebo_ros_control
gencpp /opt/ros/noetic/share/gencpp
geneus /opt/ros/noetic/share/geneus
genlisp /opt/ros/noetic/share/genlisp
genmsg /opt/ros/noetic/share/genmsg
gennodejs /opt/ros/noetic/share/gennodejs
genpy /opt/ros/noetic/share/genpy
geometry_msgs /opt/ros/noetic/share/geometry_msgs
gl_dependency /opt/ros/noetic/share/gl_dependency
hardware_interface /opt/ros/noetic/share/hardware_interface
image_geometry /opt/ros/noetic/share/image_geometry
image_proc /opt/ros/noetic/share/image_proc
image_publisher /opt/ros/noetic/share/image_publisher
image_rotate /opt/ros/noetic/share/image_rotate
image_transport /opt/ros/noetic/share/image_transport
image_view /opt/ros/noetic/share/image_view
interactive_marker_tutorials /opt/ros/noetic/share/interactive_marker_tutorials
interactive_markers /opt/ros/noetic/share/interactive_markers
joint_limits_interface /opt/ros/noetic/share/joint_limits_interface
joint_state_controller /opt/ros/noetic/share/joint_state_controller
joint_state_publisher /opt/ros/noetic/share/joint_state_publisher
joint_state_publisher_gui /opt/ros/noetic/share/joint_state_publisher_gui
kdl_conversions /opt/ros/noetic/share/kdl_conversions
kdl_parser /opt/ros/noetic/share/kdl_parser
laser_assembler /opt/ros/noetic/share/laser_assembler
laser_filters /opt/ros/noetic/share/laser_filters
laser_geometry /opt/ros/noetic/share/laser_geometry
librviz_tutorial /opt/ros/noetic/share/librviz_tutorial
livox_laser_simulation /home/zzf/search_ws/SimEnv_worktrees/unitree-runtime-rebuild/src/Mid360_imu_sim
local_sensing_node /home/zzf/search_ws/SimEnv_worktrees/unitree-runtime-rebuild/src/uav_simulator/local_sensing
map_generator /home/zzf/search_ws/SimEnv_worktrees/unitree-runtime-rebuild/src/uav_simulator/map_generator
map_msgs /opt/ros/noetic/share/map_msgs
media_export /opt/ros/noetic/share/media_export
message_filters /opt/ros/noetic/share/message_filters
message_generation /opt/ros/noetic/share/message_generation
message_runtime /opt/ros/noetic/share/message_runtime
mk /opt/ros/noetic/share/mk
mockamap /home/zzf/search_ws/SimEnv_worktrees/unitree-runtime-rebuild/src/uav_simulator/mockamap
multi_map_server /home/zzf/search_ws/SimEnv_worktrees/unitree-runtime-rebuild/src/uav_simulator/Utils/multi_map_server
nav_msgs /opt/ros/noetic/share/nav_msgs
nodelet /opt/ros/noetic/share/nodelet
nodelet_topic_tools /opt/ros/noetic/share/nodelet_topic_tools
nodelet_tutorial_math /opt/ros/noetic/share/nodelet_tutorial_math
odom_visualization /home/zzf/search_ws/SimEnv_worktrees/unitree-runtime-rebuild/src/uav_simulator/Utils/odom_visualization
pcl_conversions /opt/ros/noetic/share/pcl_conversions
pcl_msgs /opt/ros/noetic/share/pcl_msgs
pcl_ros /opt/ros/noetic/share/pcl_ros
pluginlib /opt/ros/noetic/share/pluginlib
pluginlib_tutorials /opt/ros/noetic/share/pluginlib_tutorials
polled_camera /opt/ros/noetic/share/polled_camera
pose_utils /home/zzf/search_ws/SimEnv_worktrees/unitree-runtime-rebuild/src/uav_simulator/Utils/pose_utils
position_controllers /opt/ros/noetic/share/position_controllers
python_qt_binding /opt/ros/noetic/share/python_qt_binding
qt_dotgraph /opt/ros/noetic/share/qt_dotgraph
qt_gui /opt/ros/noetic/share/qt_gui
qt_gui_cpp /opt/ros/noetic/share/qt_gui_cpp
qt_gui_py_common /opt/ros/noetic/share/qt_gui_py_common
quadrotor_msgs /home/zzf/search_ws/SimEnv_worktrees/unitree-runtime-rebuild/src/uav_simulator/Utils/quadrotor_msgs
qwt_dependency /opt/ros/noetic/share/qwt_dependency
realtime_tools /opt/ros/noetic/share/realtime_tools
resource_retriever /opt/ros/noetic/share/resource_retriever
robot_state_publisher /opt/ros/noetic/share/robot_state_publisher
ros_environment /opt/ros/noetic/share/ros_environment
rosbag /opt/ros/noetic/share/rosbag
rosbag_migration_rule /opt/ros/noetic/share/rosbag_migration_rule
rosbag_storage /opt/ros/noetic/share/rosbag_storage
rosbash /opt/ros/noetic/share/rosbash
rosboost_cfg /opt/ros/noetic/share/rosboost_cfg
rosbuild /opt/ros/noetic/share/rosbuild
rosclean /opt/ros/noetic/share/rosclean
rosconsole /opt/ros/noetic/share/rosconsole
rosconsole_bridge /opt/ros/noetic/share/rosconsole_bridge
roscpp /opt/ros/noetic/share/roscpp
roscpp_serialization /opt/ros/noetic/share/roscpp_serialization
roscpp_traits /opt/ros/noetic/share/roscpp_traits
roscpp_tutorials /opt/ros/noetic/share/roscpp_tutorials
roscreate /opt/ros/noetic/share/roscreate
rosgraph /opt/ros/noetic/share/rosgraph
rosgraph_msgs /opt/ros/noetic/share/rosgraph_msgs
roslang /opt/ros/noetic/share/roslang
roslaunch /opt/ros/noetic/share/roslaunch
roslib /opt/ros/noetic/share/roslib
roslint /opt/ros/noetic/share/roslint
roslisp /opt/ros/noetic/share/roslisp
roslz4 /opt/ros/noetic/share/roslz4
rosmake /opt/ros/noetic/share/rosmake
rosmaster /opt/ros/noetic/share/rosmaster
rosmsg /opt/ros/noetic/share/rosmsg
rosnode /opt/ros/noetic/share/rosnode
rosout /opt/ros/noetic/share/rosout
rospack /opt/ros/noetic/share/rospack
rosparam /opt/ros/noetic/share/rosparam
rospy /opt/ros/noetic/share/rospy
rospy_tutorials /opt/ros/noetic/share/rospy_tutorials
rosservice /opt/ros/noetic/share/rosservice
rostest /opt/ros/noetic/share/rostest
rostime /opt/ros/noetic/share/rostime
rostopic /opt/ros/noetic/share/rostopic
rosunit /opt/ros/noetic/share/rosunit
roswtf /opt/ros/noetic/share/roswtf
rqt_action /opt/ros/noetic/share/rqt_action
rqt_bag /opt/ros/noetic/share/rqt_bag
rqt_bag_plugins /opt/ros/noetic/share/rqt_bag_plugins
rqt_console /opt/ros/noetic/share/rqt_console
rqt_dep /opt/ros/noetic/share/rqt_dep
rqt_graph /opt/ros/noetic/share/rqt_graph
rqt_gui /opt/ros/noetic/share/rqt_gui
rqt_gui_cpp /opt/ros/noetic/share/rqt_gui_cpp
rqt_gui_py /opt/ros/noetic/share/rqt_gui_py
rqt_image_view /opt/ros/noetic/share/rqt_image_view
rqt_launch /opt/ros/noetic/share/rqt_launch
rqt_logger_level /opt/ros/noetic/share/rqt_logger_level
rqt_moveit /opt/ros/noetic/share/rqt_moveit
rqt_msg /opt/ros/noetic/share/rqt_msg
rqt_nav_view /opt/ros/noetic/share/rqt_nav_view
rqt_plot /opt/ros/noetic/share/rqt_plot
rqt_pose_view /opt/ros/noetic/share/rqt_pose_view
rqt_publisher /opt/ros/noetic/share/rqt_publisher
rqt_py_common /opt/ros/noetic/share/rqt_py_common
rqt_py_console /opt/ros/noetic/share/rqt_py_console
rqt_reconfigure /opt/ros/noetic/share/rqt_reconfigure
rqt_robot_dashboard /opt/ros/noetic/share/rqt_robot_dashboard
rqt_robot_monitor /opt/ros/noetic/share/rqt_robot_monitor
rqt_robot_steering /opt/ros/noetic/share/rqt_robot_steering
rqt_runtime_monitor /opt/ros/noetic/share/rqt_runtime_monitor
rqt_rviz /opt/ros/noetic/share/rqt_rviz
rqt_service_caller /opt/ros/noetic/share/rqt_service_caller
rqt_shell /opt/ros/noetic/share/rqt_shell
rqt_srv /opt/ros/noetic/share/rqt_srv
rqt_tf_tree /opt/ros/noetic/share/rqt_tf_tree
rqt_top /opt/ros/noetic/share/rqt_top
rqt_topic /opt/ros/noetic/share/rqt_topic
rqt_web /opt/ros/noetic/share/rqt_web
rviz /opt/ros/noetic/share/rviz
rviz_plugin_tutorials /opt/ros/noetic/share/rviz_plugin_tutorials
rviz_plugins /home/zzf/search_ws/SimEnv_worktrees/unitree-runtime-rebuild/src/uav_simulator/Utils/rviz_plugins
rviz_python_tutorial /opt/ros/noetic/share/rviz_python_tutorial
self_test /opt/ros/noetic/share/self_test
sensor_msgs /opt/ros/noetic/share/sensor_msgs
shape_msgs /opt/ros/noetic/share/shape_msgs
simenv_fast_lio2_integration /home/zzf/search_ws/SimEnv_worktrees/unitree-runtime-rebuild/src/simenv_fast_lio2_integration
smach /opt/ros/noetic/share/smach
smach_msgs /opt/ros/noetic/share/smach_msgs
smach_ros /opt/ros/noetic/share/smach_ros
smclib /opt/ros/noetic/share/smclib
so3_control /home/zzf/search_ws/SimEnv_worktrees/unitree-runtime-rebuild/src/uav_simulator/so3_control
so3_quadrotor_simulator /home/zzf/search_ws/SimEnv_worktrees/unitree-runtime-rebuild/src/uav_simulator/so3_quadrotor_simulator
stage /opt/ros/noetic/share/stage
stage_ros /opt/ros/noetic/share/stage_ros
std_msgs /opt/ros/noetic/share/std_msgs
std_srvs /opt/ros/noetic/share/std_srvs
stereo_image_proc /opt/ros/noetic/share/stereo_image_proc
stereo_msgs /opt/ros/noetic/share/stereo_msgs
tf /opt/ros/noetic/share/tf
tf2 /opt/ros/noetic/share/tf2
tf2_eigen /opt/ros/noetic/share/tf2_eigen
tf2_geometry_msgs /opt/ros/noetic/share/tf2_geometry_msgs
tf2_kdl /opt/ros/noetic/share/tf2_kdl
tf2_msgs /opt/ros/noetic/share/tf2_msgs
tf2_py /opt/ros/noetic/share/tf2_py
tf2_ros /opt/ros/noetic/share/tf2_ros
tf_conversions /opt/ros/noetic/share/tf_conversions
theora_image_transport /opt/ros/noetic/share/theora_image_transport
topic_tools /opt/ros/noetic/share/topic_tools
trajectory_msgs /opt/ros/noetic/share/trajectory_msgs
transmission_interface /opt/ros/noetic/share/transmission_interface
turtle_actionlib /opt/ros/noetic/share/turtle_actionlib
turtle_tf /opt/ros/noetic/share/turtle_tf
turtle_tf2 /opt/ros/noetic/share/turtle_tf2
turtlesim /opt/ros/noetic/share/turtlesim
uav_utils /home/zzf/search_ws/SimEnv_worktrees/unitree-runtime-rebuild/src/uav_simulator/Utils/uav_utils
unitree_controller /home/zzf/search_ws/SimEnv_worktrees/unitree-runtime-rebuild/src/unitree_guide/unitree_ros/unitree_controller
unitree_gazebo /home/zzf/search_ws/SimEnv_worktrees/unitree-runtime-rebuild/src/unitree_guide/unitree_ros/unitree_gazebo
unitree_guide /home/zzf/search_ws/SimEnv_worktrees/unitree-runtime-rebuild/src/unitree_guide/unitree_guide/unitree_guide
unitree_legged_control /home/zzf/search_ws/SimEnv_worktrees/unitree-runtime-rebuild/src/unitree_guide/unitree_ros/unitree_legged_control
unitree_legged_msgs /home/zzf/search_ws/SimEnv_worktrees/unitree-runtime-rebuild/src/unitree_guide/unitree_ros_to_real/unitree_legged_msgs
unitree_legged_real /home/zzf/search_ws/SimEnv_worktrees/unitree-runtime-rebuild/src/unitree_guide/unitree_ros_to_real/unitree_legged_real
unitree_legged_sdk /home/zzf/search_ws/SimEnv_worktrees/unitree-runtime-rebuild/src/unitree_guide/unitree_ros_to_real/unitree_legged_sdk
unitree_motor_ctrl /home/zzf/search_ws/SimEnv_worktrees/unitree-runtime-rebuild/src/unitree_guide/unitree_guide/unitree_actuator_sdk/unitree_motor_ctrl
unitree_move_base /home/zzf/search_ws/SimEnv_worktrees/unitree-runtime-rebuild/src/unitree_guide/unitree_guide/unitree_move_base
urdf /opt/ros/noetic/share/urdf
urdf_parser_plugin /opt/ros/noetic/share/urdf_parser_plugin
urdf_sim_tutorial /opt/ros/noetic/share/urdf_sim_tutorial
urdf_tutorial /opt/ros/noetic/share/urdf_tutorial
visualization_marker_tutorials /opt/ros/noetic/share/visualization_marker_tutorials
visualization_msgs /opt/ros/noetic/share/visualization_msgs
waypoint_generator /home/zzf/search_ws/SimEnv_worktrees/unitree-runtime-rebuild/src/uav_simulator/Utils/waypoint_generator
webkit_dependency /opt/ros/noetic/share/webkit_dependency
xacro /opt/ros/noetic/share/xacro
xmlrpcpp /opt/ros/noetic/share/xmlrpcpp
rospack find unitree_guide: /home/zzf/search_ws/SimEnv_worktrees/unitree-runtime-rebuild/src/unitree_guide/unitree_guide/unitree_guide
rospack find unitree_gazebo: /home/zzf/search_ws/SimEnv_worktrees/unitree-runtime-rebuild/src/unitree_guide/unitree_ros/unitree_gazebo
rospack find unitree_legged_control: /home/zzf/search_ws/SimEnv_worktrees/unitree-runtime-rebuild/src/unitree_guide/unitree_ros/unitree_legged_control
rospack find unitree_legged_msgs: /home/zzf/search_ws/SimEnv_worktrees/unitree-runtime-rebuild/src/unitree_guide/unitree_ros_to_real/unitree_legged_msgs
=== Devel Artifacts (/home/zzf/search_ws/SimEnv_worktrees/unitree-runtime-rebuild/devel) ===
  .built_by (4.0K)
  .catkin (4.0K)
  .rosinstall (4.0K)
  _setup_util.py (16K)
  cmake.lock (0)
  env.sh (4.0K)
  include (164K)
  lib (2.5M)
  local_setup.bash (4.0K)
  local_setup.sh (4.0K)
  local_setup.zsh (4.0K)
  setup.bash (4.0K)
  setup.sh (4.0K)
  setup.zsh (4.0K)
  share (1.4M)
=== SHA256 Checksums ===
Hashes written to experiments/runs/0721_unitree-runtime-rebuild/hashes_after_build_with_venv/hashes.txt (8 files)
=== readlink / ldd key artifacts ===
--- /home/zzf/search_ws/SimEnv_worktrees/unitree-runtime-rebuild/devel/lib/libunitreeDrawForcePlugin.so ---
/home/zzf/search_ws/SimEnv_worktrees/unitree-runtime-rebuild/devel/lib/libunitreeDrawForcePlugin.so
	linux-vdso.so.1 (0x00007ffd865e7000)
	libroscpp.so => /opt/ros/noetic/lib/libroscpp.so (0x00007153a9313000)
	librosconsole.so => /opt/ros/noetic/lib/librosconsole.so (0x00007153a92d5000)
	libroscpp_serialization.so => /opt/ros/noetic/lib/libroscpp_serialization.so (0x00007153a92d0000)
	libgazebo_rendering.so.11 => /lib/x86_64-linux-gnu/libgazebo_rendering.so.11 (0x00007153a9000000)
	libgazebo_transport.so.11 => /lib/x86_64-linux-gnu/libgazebo_transport.so.11 (0x00007153a8f6c000)
	libgazebo_common.so.11 => /lib/x86_64-linux-gnu/libgazebo_common.so.11 (0x00007153a8e60000)
	libsdformat9.so.9 => /lib/x86_64-linux-gnu/libsdformat9.so.9 (0x00007153a8cbf000)
	libignition-math6.so.6 => /lib/x86_64-linux-gnu/libignition-math6.so.6 (0x00007153a9255000)
	libstdc++.so.6 => /lib/x86_64-linux-gnu/libstdc++.so.6 (0x00007153a8a00000)
	libgcc_s.so.1 => /lib/x86_64-linux-gnu/libgcc_s.so.1 (0x00007153a8c9f000)
	libc.so.6 => /lib/x86_64-linux-gnu/libc.so.6 (0x00007153a8600000)
	libxmlrpcpp.so => /opt/ros/noetic/lib/libxmlrpcpp.so (0x00007153a8c7e000)
	librostime.so => /opt/ros/noetic/lib/librostime.so (0x00007153a8c63000)
	libcpp_common.so => /opt/ros/noetic/lib/libcpp_common.so (0x00007153a8c58000)
	libboost_thread.so.1.74.0 => /lib/x86_64-linux-gnu/libboost_thread.so.1.74.0 (0x00007153a8c36000)
	libboost_chrono.so.1.74.0 => /lib/x86_64-linux-gnu/libboost_chrono.so.1.74.0 (0x00007153a89f5000)
	libboost_filesystem.so.1.74.0 => /lib/x86_64-linux-gnu/libboost_filesystem.so.1.74.0 (0x00007153a89d5000)
	libm.so.6 => /lib/x86_64-linux-gnu/libm.so.6 (0x00007153a88ee000)
	librosconsole_log4cxx.so => /opt/ros/noetic/lib/librosconsole_log4cxx.so (0x00007153a88d7000)
	librosconsole_backend_interface.so => /opt/ros/noetic/lib/librosconsole_backend_interface.so (0x00007153a8c31000)
	liblog4cxx.so.12 => /lib/x86_64-linux-gnu/liblog4cxx.so.12 (0x00007153a84a1000)
	libboost_regex.so.1.74.0 => /lib/x86_64-linux-gnu/libboost_regex.so.1.74.0 (0x00007153a83ae000)
	libOgreRTShaderSystem.so.1.9.0 => /lib/x86_64-linux-gnu/libOgreRTShaderSystem.so.1.9.0 (0x00007153a82d5000)
	libOgreMain.so.1.9.0 => /lib/x86_64-linux-gnu/libOgreMain.so.1.9.0 (0x00007153a7c00000)
	libOgreTerrain.so.1.9.0 => /lib/x86_64-linux-gnu/libOgreTerrain.so.1.9.0 (0x00007153a8859000)
	libOgrePaging.so.1.9.0 => /lib/x86_64-linux-gnu/libOgrePaging.so.1.9.0 (0x00007153a82a3000)
	libOgreOverlay.so.1.9.0 => /lib/x86_64-linux-gnu/libOgreOverlay.so.1.9.0 (0x00007153a8251000)
	libGL.so.1 => /lib/x86_64-linux-gnu/libGL.so.1 (0x00007153a81ca000)
	libX11.so.6 => /lib/x86_64-linux-gnu/libX11.so.6 (0x00007153a7ac0000)
	libgazebo_msgs.so.11 => /lib/x86_64-linux-gnu/libgazebo_msgs.so.11 (0x00007153a7800000)
	libprotobuf.so.23 => /lib/x86_64-linux-gnu/libprotobuf.so.23 (0x00007153a7400000)
	libtbb.so.12 => /lib/x86_64-linux-gnu/libtbb.so.12 (0x00007153a817a000)
	libignition-transport8.so.8 => /lib/x86_64-linux-gnu/libignition-transport8.so.8 (0x00007153a80ef000)
	libignition-msgs5.so.5 => /lib/x86_64-linux-gnu/libignition-msgs5.so.5 (0x00007153a7000000)
	/lib64/ld-linux-x86-64.so.2 (0x00007153a9478000)
	libboost_iostreams.so.1.74.0 => /lib/x86_64-linux-gnu/libboost_iostreams.so.1.74.0 (0x00007153a8841000)
	libfreeimage.so.3 => /lib/x86_64-linux-gnu/libfreeimage.so.3 (0x00007153a774c000)
	libtar.so.0 => /lib/x86_64-linux-gnu/libtar.so.0 (0x00007153a8835000)
	libtinyxml.so.2.6.2 => /lib/x86_64-linux-gnu/libtinyxml.so.2.6.2 (0x00007153a7aa9000)
	libcurl.so.4 => /lib/x86_64-linux-gnu/libcurl.so.4 (0x00007153a7359000)
	libavcodec.so.58 => /lib/x86_64-linux-gnu/libavcodec.so.58 (0x00007153a5a00000)
	libavformat.so.58 => /lib/x86_64-linux-gnu/libavformat.so.58 (0x00007153a5600000)
	libavutil.so.56 => /lib/x86_64-linux-gnu/libavutil.so.56 (0x00007153a5200000)
	libavdevice.so.58 => /lib/x86_64-linux-gnu/libavdevice.so.58 (0x00007153a7a74000)
	libswscale.so.5 => /lib/x86_64-linux-gnu/libswscale.so.5 (0x00007153a6f62000)
	libgts-0.7.so.5 => /lib/x86_64-linux-gnu/libgts-0.7.so.5 (0x00007153a76ec000)
	libglib-2.0.so.0 => /lib/x86_64-linux-gnu/libglib-2.0.so.0 (0x00007153a6e27000)
	libgdal.so.30 => /lib/libgdal.so.30 (0x00007153a3a00000)
	libignition-fuel_tools4.so.4 => /lib/x86_64-linux-gnu/libignition-fuel_tools4.so.4 (0x00007153a5982000)
	libtinyobjloader.so.1 => /lib/x86_64-linux-gnu/libtinyobjloader.so.1 (0x00007153a76ce000)
	libignition-common3.so.3 => /lib/x86_64-linux-gnu/libignition-common3.so.3 (0x00007153a5928000)
	liburdfdom_model.so.3.0 => /lib/x86_64-linux-gnu/liburdfdom_model.so.3.0 (0x00007153a733e000)
	libconsole_bridge.so.1.0 => /lib/x86_64-linux-gnu/libconsole_bridge.so.1.0 (0x00007153a8829000)
	libaprutil-1.so.0 => /lib/x86_64-linux-gnu/libaprutil-1.so.0 (0x00007153a58fa000)
	libapr-1.so.0 => /lib/x86_64-linux-gnu/libapr-1.so.0 (0x00007153a58bd000)
	libicui18n.so.70 => /lib/x86_64-linux-gnu/libicui18n.so.70 (0x00007153a3600000)
	libicuuc.so.70 => /lib/x86_64-linux-gnu/libicuuc.so.70 (0x00007153a5005000)
	libpthread.so.0 => /lib/x86_64-linux-gnu/libpthread.so.0 (0x00007153a7a6d000)
	libXt.so.6 => /lib/x86_64-linux-gnu/libXt.so.6 (0x00007153a5592000)
	libXaw.so.7 => /lib/x86_64-linux-gnu/libXaw.so.7 (0x00007153a551c000)
	libdl.so.2 => /lib/x86_64-linux-gnu/libdl.so.2 (0x00007153a76c9000)
	libzzip-0.so.13 => /lib/x86_64-linux-gnu/libzzip-0.so.13 (0x00007153a7335000)
	libz.so.1 => /lib/x86_64-linux-gnu/libz.so.1 (0x00007153a6e0b000)
	libfreetype.so.6 => /lib/x86_64-linux-gnu/libfreetype.so.6 (0x00007153a3938000)
	libGLdispatch.so.0 => /lib/x86_64-linux-gnu/libGLdispatch.so.0 (0x00007153a3548000)
	libGLX.so.0 => /lib/x86_64-linux-gnu/libGLX.so.0 (0x00007153a54e8000)
	libxcb.so.1 => /lib/x86_64-linux-gnu/libxcb.so.1 (0x00007153a54be000)
	libzmq.so.5 => /lib/x86_64-linux-gnu/libzmq.so.5 (0x00007153a34ac000)
	libuuid.so.1 => /lib/x86_64-linux-gnu/libuuid.so.1 (0x00007153a58b4000)
	libtinyxml2.so.9 => /lib/x86_64-linux-gnu/libtinyxml2.so.9 (0x00007153a589c000)
	libbz2.so.1.0 => /lib/x86_64-linux-gnu/libbz2.so.1.0 (0x00007153a3499000)
	liblzma.so.5 => /lib/x86_64-linux-gnu/liblzma.so.5 (0x00007153a346e000)
	libzstd.so.1 => /lib/x86_64-linux-gnu/libzstd.so.1 (0x00007153a339f000)
	libjxrglue.so.0 => /lib/x86_64-linux-gnu/libjxrglue.so.0 (0x00007153a337c000)
	libjpeg.so.8 => /lib/x86_64-linux-gnu/libjpeg.so.8 (0x00007153a32fb000)
	libopenjp2.so.7 => /lib/x86_64-linux-gnu/libopenjp2.so.7 (0x00007153a32a3000)
	libpng16.so.16 => /lib/x86_64-linux-gnu/libpng16.so.16 (0x00007153a3268000)
	libraw.so.20 => /lib/x86_64-linux-gnu/libraw.so.20 (0x00007153a3160000)
	libtiff.so.5 => /lib/x86_64-linux-gnu/libtiff.so.5 (0x00007153a30d7000)
	libwebpmux.so.3 => /lib/x86_64-linux-gnu/libwebpmux.so.3 (0x00007153a30ca000)
	libwebp.so.7 => /lib/x86_64-linux-gnu/libwebp.so.7 (0x00007153a305d000)
	libIlmImf-2_5.so.25 => /lib/x86_64-linux-gnu/libIlmImf-2_5.so.25 (0x00007153a2c00000)
	libHalf-2_5.so.25 => /lib/x86_64-linux-gnu/libHalf-2_5.so.25 (0x00007153a3018000)
	libIex-2_5.so.25 => /lib/x86_64-linux-gnu/libIex-2_5.so.25 (0x00007153a2faa000)
	libnghttp2.so.14 => /lib/x86_64-linux-gnu/libnghttp2.so.14 (0x00007153a2f80000)
	libidn2.so.0 => /lib/x86_64-linux-gnu/libidn2.so.0 (0x00007153a2f5f000)
	librtmp.so.1 => /lib/x86_64-linux-gnu/librtmp.so.1 (0x00007153a2f40000)
	libssh.so.4 => /lib/x86_64-linux-gnu/libssh.so.4 (0x00007153a2b92000)
	libpsl.so.5 => /lib/x86_64-linux-gnu/libpsl.so.5 (0x00007153a2f2c000)
	libssl.so.3 => /lib/x86_64-linux-gnu/libssl.so.3 (0x00007153a2aee000)
	libcrypto.so.3 => /lib/x86_64-linux-gnu/libcrypto.so.3 (0x00007153a2600000)
	libgssapi_krb5.so.2 => /lib/x86_64-linux-gnu/libgssapi_krb5.so.2 (0x00007153a2ed8000)
	libldap-2.5.so.0 => /lib/x86_64-linux-gnu/libldap-2.5.so.0 (0x00007153a2a8e000)
	liblber-2.5.so.0 => /lib/x86_64-linux-gnu/liblber-2.5.so.0 (0x00007153a2a7d000)
	libbrotlidec.so.1 => /lib/x86_64-linux-gnu/libbrotlidec.so.1 (0x00007153a2a6f000)
	libswresample.so.3 => /lib/x86_64-linux-gnu/libswresample.so.3 (0x00007153a2a4d000)
	libvpx.so.7 => /lib/x86_64-linux-gnu/libvpx.so.7 (0x00007153a2200000)
	libdav1d.so.5 => /lib/x86_64-linux-gnu/libdav1d.so.5 (0x00007153a207a000)
	librsvg-2.so.2 => /lib/x86_64-linux-gnu/librsvg-2.so.2 (0x00007153a1600000)
	libgobject-2.0.so.0 => /lib/x86_64-linux-gnu/libgobject-2.0.so.0 (0x00007153a25a0000)
	libcairo.so.2 => /lib/x86_64-linux-gnu/libcairo.so.2 (0x00007153a14d8000)
	libzvbi.so.0 => /lib/x86_64-linux-gnu/libzvbi.so.0 (0x00007153a2511000)
	libsnappy.so.1 => /lib/x86_64-linux-gnu/libsnappy.so.1 (0x00007153a2070000)
	libaom.so.3 => /lib/x86_64-linux-gnu/libaom.so.3 (0x00007153a0e00000)
	libcodec2.so.1.0 => /lib/x86_64-linux-gnu/libcodec2.so.1.0 (0x000071539fe00000)
	libgsm.so.1 => /lib/x86_64-linux-gnu/libgsm.so.1 (0x00007153a14c9000)
	libmp3lame.so.0 => /lib/x86_64-linux-gnu/libmp3lame.so.0 (0x00007153a1454000)
	libopus.so.0 => /lib/x86_64-linux-gnu/libopus.so.0 (0x00007153a13f6000)
	libshine.so.3 => /lib/x86_64-linux-gnu/libshine.so.3 (0x000071539fa00000)
	libspeex.so.1 => /lib/x86_64-linux-gnu/libspeex.so.1 (0x00007153a13d8000)
	libtheoraenc.so.1 => /lib/x86_64-linux-gnu/libtheoraenc.so.1 (0x00007153a13a0000)
	libtheoradec.so.1 => /lib/x86_64-linux-gnu/libtheoradec.so.1 (0x00007153a1382000)
	libtwolame.so.0 => /lib/x86_64-linux-gnu/libtwolame.so.0 (0x00007153a0ddb000)
	libvorbis.so.0 => /lib/x86_64-linux-gnu/libvorbis.so.0 (0x00007153a0dae000)
	libvorbisenc.so.2 => /lib/x86_64-linux-gnu/libvorbisenc.so.2 (0x00007153a0d03000)
	libx264.so.163 => /lib/x86_64-linux-gnu/libx264.so.163 (0x000071539f600000)
	libx265.so.199 => /lib/x86_64-linux-gnu/libx265.so.199 (0x000071539e600000)
	libxvidcore.so.4 => /lib/x86_64-linux-gnu/libxvidcore.so.4 (0x000071539fced000)
	libva.so.2 => /lib/x86_64-linux-gnu/libva.so.2 (0x00007153a0cd2000)
	libmfx.so.1 => /lib/x86_64-linux-gnu/libmfx.so.1 (0x00007153a1374000)
	libxml2.so.2 => /lib/x86_64-linux-gnu/libxml2.so.2 (0x000071539e41e000)
	libgme.so.0 => /lib/x86_64-linux-gnu/libgme.so.0 (0x000071539fc9d000)
	libopenmpt.so.0 => /lib/x86_64-linux-gnu/libopenmpt.so.0 (0x000071539e25d000)
	libchromaprint.so.1 => /lib/x86_64-linux-gnu/libchromaprint.so.1 (0x00007153a0cc3000)
	libbluray.so.2 => /lib/x86_64-linux-gnu/libbluray.so.2 (0x000071539fc46000)
	libgnutls.so.30 => /lib/x86_64-linux-gnu/libgnutls.so.30 (0x000071539e070000)
	librabbitmq.so.4 => /lib/x86_64-linux-gnu/librabbitmq.so.4 (0x00007153a0cab000)
	libsrt-gnutls.so.1.4 => /lib/x86_64-linux-gnu/libsrt-gnutls.so.1.4 (0x000071539f941000)
	libssh-gcrypt.so.4 => /lib/x86_64-linux-gnu/libssh-gcrypt.so.4 (0x000071539f575000)
	libva-drm.so.2 => /lib/x86_64-linux-gnu/libva-drm.so.2 (0x00007153a3931000)
	libva-x11.so.2 => /lib/x86_64-linux-gnu/libva-x11.so.2 (0x00007153a2a45000)
	libvdpau.so.1 => /lib/x86_64-linux-gnu/libvdpau.so.1 (0x00007153a206a000)
	libdrm.so.2 => /lib/x86_64-linux-gnu/libdrm.so.2 (0x000071539fc30000)
	libOpenCL.so.1 => /usr/local/cuda-11.8/lib64/libOpenCL.so.1 (0x000071539de00000)
	libavfilter.so.7 => /lib/x86_64-linux-gnu/libavfilter.so.7 (0x000071539d800000)
	libraw1394.so.11 => /lib/x86_64-linux-gnu/libraw1394.so.11 (0x000071539fc1f000)
	libavc1394.so.0 => /lib/x86_64-linux-gnu/libavc1394.so.0 (0x000071539fc18000)
	librom1394.so.0 => /lib/x86_64-linux-gnu/librom1394.so.0 (0x000071539fc12000)
	libiec61883.so.0 => /lib/x86_64-linux-gnu/libiec61883.so.0 (0x000071539f933000)
	libjack.so.0 => /lib/x86_64-linux-gnu/libjack.so.0 (0x000071539f8de000)
	libopenal.so.1 => /lib/x86_64-linux-gnu/libopenal.so.1 (0x000071539dd18000)
	libxcb-shm.so.0 => /lib/x86_64-linux-gnu/libxcb-shm.so.0 (0x000071539fc0d000)
	libxcb-shape.so.0 => /lib/x86_64-linux-gnu/libxcb-shape.so.0 (0x000071539f8d9000)
	libxcb-xfixes.so.0 => /lib/x86_64-linux-gnu/libxcb-xfixes.so.0 (0x000071539f8cf000)
	libcdio_paranoia.so.2 => /lib/x86_64-linux-gnu/libcdio_paranoia.so.2 (0x000071539f8c6000)
	libcdio_cdda.so.2 => /lib/x86_64-linux-gnu/libcdio_cdda.so.2 (0x000071539f56b000)
	libdc1394.so.25 => /lib/x86_64-linux-gnu/libdc1394.so.25 (0x000071539dca0000)
	libasound.so.2 => /lib/x86_64-linux-gnu/libasound.so.2 (0x000071539d6fd000)
	libcaca.so.0 => /lib/x86_64-linux-gnu/libcaca.so.0 (0x000071539d631000)
	libpulse.so.0 => /lib/x86_64-linux-gnu/libpulse.so.0 (0x000071539e01b000)
	libSDL2-2.0.so.0 => /lib/x86_64-linux-gnu/libSDL2-2.0.so.0 (0x000071539d491000)
	libsndio.so.7 => /lib/x86_64-linux-gnu/libsndio.so.7 (0x000071539d47d000)
	libXv.so.1 => /lib/x86_64-linux-gnu/libXv.so.1 (0x000071539e014000)
	libXext.so.6 => /lib/x86_64-linux-gnu/libXext.so.6 (0x000071539d468000)
	libpcre.so.3 => /lib/x86_64-linux-gnu/libpcre.so.3 (0x000071539d3f2000)
	libheif.so.1 => /lib/x86_64-linux-gnu/libheif.so.1 (0x000071539d36f000)
	libarmadillo.so.10 => /lib/libarmadillo.so.10 (0x000071539d35b000)
	libpoppler.so.118 => /lib/x86_64-linux-gnu/libpoppler.so.118 (0x000071539d000000)
	libjson-c.so.5 => /lib/x86_64-linux-gnu/libjson-c.so.5 (0x000071539cfed000)
	libfreexl.so.1 => /lib/x86_64-linux-gnu/libfreexl.so.1 (0x000071539e008000)
	libqhull_r.so.8.0 => /lib/x86_64-linux-gnu/libqhull_r.so.8.0 (0x000071539cf7a000)
	libgeos_c.so.1 => /lib/x86_64-linux-gnu/libgeos_c.so.1 (0x000071539cf3b000)
	libodbc.so.2 => /lib/x86_64-linux-gnu/libodbc.so.2 (0x000071539cecc000)
	libodbcinst.so.2 => /lib/x86_64-linux-gnu/libodbcinst.so.2 (0x000071539ceb7000)
	libkmlbase.so.1 => /lib/x86_64-linux-gnu/libkmlbase.so.1 (0x000071539ce9a000)
	libkmldom.so.1 => /lib/x86_64-linux-gnu/libkmldom.so.1 (0x000071539cdfa000)
	libkmlengine.so.1 => /lib/x86_64-linux-gnu/libkmlengine.so.1 (0x000071539cdc1000)
	libexpat.so.1 => /lib/x86_64-linux-gnu/libexpat.so.1 (0x000071539cd90000)
	libxerces-c-3.2.so => /lib/x86_64-linux-gnu/libxerces-c-3.2.so (0x000071539ca00000)
	libnetcdf.so.19 => /lib/x86_64-linux-gnu/libnetcdf.so.19 (0x000071539c8a9000)
	libhdf5_serial.so.103 => /lib/x86_64-linux-gnu/libhdf5_serial.so.103 (0x000071539c400000)
	libmfhdfalt.so.0 => /lib/libmfhdfalt.so.0 (0x000071539cd66000)
	libdfalt.so.0 => /lib/libdfalt.so.0 (0x000071539c804000)
	libogdi.so.4.1 => /lib/libogdi.so.4.1 (0x000071539c7e8000)
	libgif.so.7 => /lib/x86_64-linux-gnu/libgif.so.7 (0x000071539cd5b000)
	libcharls.so.2 => /lib/x86_64-linux-gnu/libcharls.so.2 (0x000071539c797000)
	libgeotiff.so.5 => /lib/x86_64-linux-gnu/libgeotiff.so.5 (0x000071539c3cb000)
	libcfitsio.so.9 => /lib/x86_64-linux-gnu/libcfitsio.so.9 (0x000071539c000000)
	libpq.so.5 => /lib/x86_64-linux-gnu/libpq.so.5 (0x000071539c376000)
	liblz4.so.1 => /lib/x86_64-linux-gnu/liblz4.so.1 (0x000071539c356000)
	libblosc.so.1 => /lib/x86_64-linux-gnu/libblosc.so.1 (0x000071539c345000)
	libproj.so.22 => /lib/x86_64-linux-gnu/libproj.so.22 (0x000071539bc00000)
	libsqlite3.so.0 => /lib/x86_64-linux-gnu/libsqlite3.so.0 (0x000071539bab3000)
	libdeflate.so.0 => /lib/x86_64-linux-gnu/libdeflate.so.0 (0x000071539c321000)
	libspatialite.so.7 => /lib/x86_64-linux-gnu/libspatialite.so.7 (0x000071539b200000)
	libpcre2-8.so.0 => /lib/x86_64-linux-gnu/libpcre2-8.so.0 (0x000071539bf69000)
	libfyba.so.0 => /lib/x86_64-linux-gnu/libfyba.so.0 (0x000071539ba5b000)
	libmysqlclient.so.21 => /lib/x86_64-linux-gnu/libmysqlclient.so.21 (0x000071539aa00000)
	libjsoncpp.so.25 => /lib/x86_64-linux-gnu/libjsoncpp.so.25 (0x000071539ba26000)
	libyaml-0.so.2 => /lib/x86_64-linux-gnu/libyaml-0.so.2 (0x000071539ba05000)
	libzip.so.4 => /lib/x86_64-linux-gnu/libzip.so.4 (0x000071539b9e7000)
	libcrypt.so.1 => /lib/x86_64-linux-gnu/libcrypt.so.1 (0x000071539b1c6000)
	libicudata.so.70 => /lib/x86_64-linux-gnu/libicudata.so.70 (0x0000715398c00000)
	libSM.so.6 => /lib/x86_64-linux-gnu/libSM.so.6 (0x000071539c316000)
	libICE.so.6 => /lib/x86_64-linux-gnu/libICE.so.6 (0x000071539b1a9000)
	libXmu.so.6 => /lib/x86_64-linux-gnu/libXmu.so.6 (0x000071539b18d000)
	libXpm.so.4 => /lib/x86_64-linux-gnu/libXpm.so.4 (0x000071539b178000)
	libXau.so.6 => /lib/x86_64-linux-gnu/libXau.so.6 (0x000071539cd55000)
	libXdmcp.so.6 => /lib/x86_64-linux-gnu/libXdmcp.so.6 (0x000071539c30e000)
	libbsd.so.0 => /lib/x86_64-linux-gnu/libbsd.so.0 (0x000071539b160000)
	libsodium.so.23 => /lib/x86_64-linux-gnu/libsodium.so.23 (0x000071539b109000)
	libpgm-5.3.so.0 => /lib/x86_64-linux-gnu/libpgm-5.3.so.0 (0x000071539b0b8000)
	libnorm.so.1 => /lib/x86_64-linux-gnu/libnorm.so.1 (0x000071539a8d5000)
	libjpegxr.so.0 => /lib/x86_64-linux-gnu/libjpegxr.so.0 (0x000071539a89e000)
	liblcms2.so.2 => /lib/x86_64-linux-gnu/liblcms2.so.2 (0x000071539a83c000)
	libgomp.so.1 => /lib/x86_64-linux-gnu/libgomp.so.1 (0x0000715398bb6000)
	libjbig.so.0 => /lib/x86_64-linux-gnu/libjbig.so.0 (0x000071539b0a7000)
	libImath-2_5.so.25 => /lib/x86_64-linux-gnu/libImath-2_5.so.25 (0x000071539b08f000)
	libIlmThread-2_5.so.25 => /lib/x86_64-linux-gnu/libIlmThread-2_5.so.25 (0x000071539a832000)
	libunistring.so.2 => /lib/x86_64-linux-gnu/libunistring.so.2 (0x0000715398a0c000)
	libhogweed.so.6 => /lib/x86_64-linux-gnu/libhogweed.so.6 (0x00007153989c4000)
	libnettle.so.8 => /lib/x86_64-linux-gnu/libnettle.so.8 (0x000071539897e000)
	libgmp.so.10 => /lib/x86_64-linux-gnu/libgmp.so.10 (0x00007153988fc000)
	libkrb5.so.3 => /lib/x86_64-linux-gnu/libkrb5.so.3 (0x0000715398831000)
	libk5crypto.so.3 => /lib/x86_64-linux-gnu/libk5crypto.so.3 (0x0000715398802000)
	libcom_err.so.2 => /lib/x86_64-linux-gnu/libcom_err.so.2 (0x000071539c308000)
	libkrb5support.so.0 => /lib/x86_64-linux-gnu/libkrb5support.so.0 (0x000071539a824000)
	libsasl2.so.2 => /lib/x86_64-linux-gnu/libsasl2.so.2 (0x00007153987e7000)
	libbrotlicommon.so.1 => /lib/x86_64-linux-gnu/libbrotlicommon.so.1 (0x00007153987c4000)
	libsoxr.so.0 => /lib/x86_64-linux-gnu/libsoxr.so.0 (0x000071539875d000)
	libcairo-gobject.so.2 => /lib/x86_64-linux-gnu/libcairo-gobject.so.2 (0x0000715398751000)
	libgdk_pixbuf-2.0.so.0 => /lib/x86_64-linux-gnu/libgdk_pixbuf-2.0.so.0 (0x0000715398721000)
	libgio-2.0.so.0 => /lib/x86_64-linux-gnu/libgio-2.0.so.0 (0x0000715398546000)
	libpangocairo-1.0.so.0 => /lib/x86_64-linux-gnu/libpangocairo-1.0.so.0 (0x0000715398534000)
	libpango-1.0.so.0 => /lib/x86_64-linux-gnu/libpango-1.0.so.0 (0x00007153984cd000)
	libffi.so.8 => /lib/x86_64-linux-gnu/libffi.so.8 (0x00007153984c0000)
	libpixman-1.so.0 => /lib/x86_64-linux-gnu/libpixman-1.so.0 (0x0000715398415000)
	libfontconfig.so.1 => /lib/x86_64-linux-gnu/libfontconfig.so.1 (0x00007153983cb000)
	libxcb-render.so.0 => /lib/x86_64-linux-gnu/libxcb-render.so.0 (0x00007153983bc000)
	libXrender.so.1 => /lib/x86_64-linux-gnu/libXrender.so.1 (0x00007153983af000)
	libogg.so.0 => /lib/x86_64-linux-gnu/libogg.so.0 (0x00007153983a4000)
	libnuma.so.1 => /lib/x86_64-linux-gnu/libnuma.so.1 (0x0000715398397000)
	libmpg123.so.0 => /lib/x86_64-linux-gnu/libmpg123.so.0 (0x000071539833b000)
	libvorbisfile.so.3 => /lib/x86_64-linux-gnu/libvorbisfile.so.3 (0x0000715398330000)
	libudfread.so.0 => /lib/x86_64-linux-gnu/libudfread.so.0 (0x0000715398325000)
	libp11-kit.so.0 => /lib/x86_64-linux-gnu/libp11-kit.so.0 (0x00007153981ea000)
	libtasn1.so.6 => /lib/x86_64-linux-gnu/libtasn1.so.6 (0x00007153981d2000)
	libgcrypt.so.20 => /lib/x86_64-linux-gnu/libgcrypt.so.20 (0x0000715398094000)
	libgpg-error.so.0 => /lib/x86_64-linux-gnu/libgpg-error.so.0 (0x000071539806e000)
	libXfixes.so.3 => /lib/x86_64-linux-gnu/libXfixes.so.3 (0x0000715398066000)
	libpostproc.so.55 => /lib/x86_64-linux-gnu/libpostproc.so.55 (0x0000715398043000)
	libpocketsphinx.so.3 => /lib/x86_64-linux-gnu/libpocketsphinx.so.3 (0x0000715397ffa000)
	libsphinxbase.so.3 => /lib/x86_64-linux-gnu/libsphinxbase.so.3 (0x0000715397fb8000)
	libbs2b.so.0 => /lib/x86_64-linux-gnu/libbs2b.so.0 (0x0000715397fb1000)
	liblilv-0.so.0 => /lib/x86_64-linux-gnu/liblilv-0.so.0 (0x0000715397f94000)
	librubberband.so.2 => /lib/x86_64-linux-gnu/librubberband.so.2 (0x0000715397f5c000)
	libmysofa.so.1 => /lib/x86_64-linux-gnu/libmysofa.so.1 (0x0000715397f4b000)
	libflite_cmu_us_awb.so.1 => /lib/x86_64-linux-gnu/libflite_cmu_us_awb.so.1 (0x0000715397a00000)
	libflite_cmu_us_kal.so.1 => /lib/x86_64-linux-gnu/libflite_cmu_us_kal.so.1 (0x000071539789b000)
	libflite_cmu_us_kal16.so.1 => /lib/x86_64-linux-gnu/libflite_cmu_us_kal16.so.1 (0x0000715397400000)
	libflite_cmu_us_rms.so.1 => /lib/x86_64-linux-gnu/libflite_cmu_us_rms.so.1 (0x0000715396e00000)
	libflite_cmu_us_slt.so.1 => /lib/x86_64-linux-gnu/libflite_cmu_us_slt.so.1 (0x0000715396a00000)
	libflite.so.1 => /lib/x86_64-linux-gnu/libflite.so.1 (0x0000715397f11000)
	libfribidi.so.0 => /lib/x86_64-linux-gnu/libfribidi.so.0 (0x0000715397ef3000)
	libass.so.9 => /lib/x86_64-linux-gnu/libass.so.9 (0x0000715397ebd000)
	libvidstab.so.1.1 => /lib/x86_64-linux-gnu/libvidstab.so.1.1 (0x0000715397ea9000)
	libzimg.so.2 => /lib/x86_64-linux-gnu/libzimg.so.2 (0x0000715397337000)
	libdb-5.3.so => /lib/x86_64-linux-gnu/libdb-5.3.so (0x0000715396851000)
	libcdio.so.19 => /lib/x86_64-linux-gnu/libcdio.so.19 (0x0000715397e7d000)
	libusb-1.0.so.0 => /lib/x86_64-linux-gnu/libusb-1.0.so.0 (0x0000715397e5f000)
	libslang.so.2 => /lib/x86_64-linux-gnu/libslang.so.2 (0x0000715396400000)
	libncursesw.so.6 => /lib/x86_64-linux-gnu/libncursesw.so.6 (0x0000715397e23000)
	libtinfo.so.6 => /lib/x86_64-linux-gnu/libtinfo.so.6 (0x0000715397869000)
	libpulsecommon-15.99.so => /usr/lib/x86_64-linux-gnu/pulseaudio/libpulsecommon-15.99.so (0x00007153977e4000)
	libdbus-1.so.3 => /lib/x86_64-linux-gnu/libdbus-1.so.3 (0x00007153972e9000)
	libXcursor.so.1 => /lib/x86_64-linux-gnu/libXcursor.so.1 (0x0000715397e15000)
	libXinerama.so.1 => /lib/x86_64-linux-gnu/libXinerama.so.1 (0x0000715397e10000)
	libXi.so.6 => /lib/x86_64-linux-gnu/libXi.so.6 (0x0000715397dfc000)
	libXrandr.so.2 => /lib/x86_64-linux-gnu/libXrandr.so.2 (0x00007153972dc000)
	libXss.so.1 => /lib/x86_64-linux-gnu/libXss.so.1 (0x00007153977df000)
	libXxf86vm.so.1 => /lib/x86_64-linux-gnu/libXxf86vm.so.1 (0x00007153972d5000)
	libgbm.so.1 => /lib/x86_64-linux-gnu/libgbm.so.1 (0x00007153972c4000)
	libwayland-egl.so.1 => /lib/x86_64-linux-gnu/libwayland-egl.so.1 (0x00007153977da000)
	libwayland-client.so.0 => /lib/x86_64-linux-gnu/libwayland-client.so.0 (0x00007153972b3000)
	libwayland-cursor.so.0 => /lib/x86_64-linux-gnu/libwayland-cursor.so.0 (0x00007153972a9000)
	libxkbcommon.so.0 => /lib/x86_64-linux-gnu/libxkbcommon.so.0 (0x000071539680a000)
	libdecor-0.so.0 => /lib/x86_64-linux-gnu/libdecor-0.so.0 (0x000071539729f000)
	libde265.so.0 => /lib/x86_64-linux-gnu/libde265.so.0 (0x0000715396756000)
	libblas.so.3 => /lib/x86_64-linux-gnu/libblas.so.3 (0x000071539639e000)
	liblapack.so.3 => /lib/x86_64-linux-gnu/liblapack.so.3 (0x0000715395c00000)
	libarpack.so.2 => /lib/x86_64-linux-gnu/libarpack.so.2 (0x000071539670e000)
	libsuperlu.so.5 => /lib/x86_64-linux-gnu/libsuperlu.so.5 (0x000071539632c000)
	libnss3.so => /lib/x86_64-linux-gnu/libnss3.so (0x0000715395acf000)
	libsmime3.so => /lib/x86_64-linux-gnu/libsmime3.so (0x0000715396302000)
	libplc4.so => /lib/x86_64-linux-gnu/libplc4.so (0x0000715396df9000)
	libnspr4.so => /lib/x86_64-linux-gnu/libnspr4.so (0x0000715395a8f000)
	libgeos.so.3.10.2 => /lib/x86_64-linux-gnu/libgeos.so.3.10.2 (0x0000715395800000)
	libltdl.so.7 => /lib/x86_64-linux-gnu/libltdl.so.7 (0x0000715396703000)
	libminizip.so.1 => /lib/x86_64-linux-gnu/libminizip.so.1 (0x0000715395400000)
	liburiparser.so.1 => /lib/x86_64-linux-gnu/liburiparser.so.1 (0x00007153962eb000)
	libcurl-gnutls.so.4 => /lib/x86_64-linux-gnu/libcurl-gnutls.so.4 (0x000071539575e000)
	libhdf5_serial_hl.so.100 => /lib/x86_64-linux-gnu/libhdf5_serial_hl.so.100 (0x00007153962c6000)
	libsz.so.2 => /lib/x86_64-linux-gnu/libsz.so.2 (0x00007153966fe000)
	libtirpc.so.3 => /lib/x86_64-linux-gnu/libtirpc.so.3 (0x0000715395a61000)
	librttopo.so.1 => /lib/x86_64-linux-gnu/librttopo.so.1 (0x00007153956eb000)
	libfyut.so.0 => /lib/x86_64-linux-gnu/libfyut.so.0 (0x0000715395a56000)
	libfygm.so.0 => /lib/x86_64-linux-gnu/libfygm.so.0 (0x0000715395a4d000)
	libresolv.so.2 => /lib/x86_64-linux-gnu/libresolv.so.2 (0x0000715395a39000)
	libmd.so.0 => /lib/x86_64-linux-gnu/libmd.so.0 (0x0000715395a2c000)
	libkeyutils.so.1 => /lib/x86_64-linux-gnu/libkeyutils.so.1 (0x00007153966f7000)
	libgmodule-2.0.so.0 => /lib/x86_64-linux-gnu/libgmodule-2.0.so.0 (0x0000715395a25000)
	libmount.so.1 => /lib/x86_64-linux-gnu/libmount.so.1 (0x00007153956a7000)
	libselinux.so.1 => /lib/x86_64-linux-gnu/libselinux.so.1 (0x000071539567b000)
	libpangoft2-1.0.so.0 => /lib/x86_64-linux-gnu/libpangoft2-1.0.so.0 (0x0000715395660000)
	libharfbuzz.so.0 => /lib/x86_64-linux-gnu/libharfbuzz.so.0 (0x0000715395331000)
	libthai.so.0 => /lib/x86_64-linux-gnu/libthai.so.0 (0x0000715395a18000)
	libserd-0.so.0 => /lib/x86_64-linux-gnu/libserd-0.so.0 (0x0000715395647000)
	libsord-0.so.0 => /lib/x86_64-linux-gnu/libsord-0.so.0 (0x0000715395a0c000)
	libsratom-0.so.0 => /lib/x86_64-linux-gnu/libsratom-0.so.0 (0x000071539563b000)
	libsamplerate.so.0 => /lib/x86_64-linux-gnu/libsamplerate.so.0 (0x00007153951c2000)
	libflite_usenglish.so.1 => /lib/x86_64-linux-gnu/libflite_usenglish.so.1 (0x000071539560f000)
	libflite_cmulex.so.1 => /lib/x86_64-linux-gnu/libflite_cmulex.so.1 (0x000071539512b000)
	libudev.so.1 => /lib/x86_64-linux-gnu/libudev.so.1 (0x0000715395101000)
	libsndfile.so.1 => /lib/x86_64-linux-gnu/libsndfile.so.1 (0x0000715395082000)
	libX11-xcb.so.1 => /lib/x86_64-linux-gnu/libX11-xcb.so.1 (0x000071539507d000)
	libsystemd.so.0 => /lib/x86_64-linux-gnu/libsystemd.so.0 (0x0000715394fb6000)
	libasyncns.so.0 => /lib/x86_64-linux-gnu/libasyncns.so.0 (0x0000715394fae000)
	libapparmor.so.1 => /lib/x86_64-linux-gnu/libapparmor.so.1 (0x0000715394f99000)
	libwayland-server.so.0 => /lib/x86_64-linux-gnu/libwayland-server.so.0 (0x0000715394f83000)
	libxcb-randr.so.0 => /lib/x86_64-linux-gnu/libxcb-randr.so.0 (0x0000715394f70000)
	libopenblas.so.0 => /lib/x86_64-linux-gnu/libopenblas.so.0 (0x0000715392b20000)
	libgfortran.so.5 => /lib/x86_64-linux-gnu/libgfortran.so.5 (0x0000715392800000)
	libnssutil3.so => /lib/x86_64-linux-gnu/libnssutil3.so (0x0000715392aed000)
	libplds4.so => /lib/x86_64-linux-gnu/libplds4.so (0x0000715392ae8000)
	libaec.so.0 => /lib/x86_64-linux-gnu/libaec.so.0 (0x0000715392adf000)
	libblkid.so.1 => /lib/x86_64-linux-gnu/libblkid.so.1 (0x00007153927c9000)
	libgraphite2.so.3 => /lib/x86_64-linux-gnu/libgraphite2.so.3 (0x00007153927a1000)
	libdatrie.so.1 => /lib/x86_64-linux-gnu/libdatrie.so.1 (0x0000715392798000)
	libFLAC.so.8 => /lib/x86_64-linux-gnu/libFLAC.so.8 (0x000071539275c000)
	libcap.so.2 => /lib/x86_64-linux-gnu/libcap.so.2 (0x0000715392751000)
	libquadmath.so.0 => /lib/x86_64-linux-gnu/libquadmath.so.0 (0x0000715392709000)
--- /home/zzf/search_ws/SimEnv_worktrees/unitree-runtime-rebuild/devel/lib/libunitreeFootContactPlugin.so ---
/home/zzf/search_ws/SimEnv_worktrees/unitree-runtime-rebuild/devel/lib/libunitreeFootContactPlugin.so
	linux-vdso.so.1 (0x00007fff511fa000)
	libroscpp.so => /opt/ros/noetic/lib/libroscpp.so (0x0000748767a13000)
	librosconsole.so => /opt/ros/noetic/lib/librosconsole.so (0x00007487679d5000)
	libroscpp_serialization.so => /opt/ros/noetic/lib/libroscpp_serialization.so (0x00007487679d0000)
	libgazebo_sensors.so.11 => /lib/x86_64-linux-gnu/libgazebo_sensors.so.11 (0x00007487678c9000)
	libgazebo_transport.so.11 => /lib/x86_64-linux-gnu/libgazebo_transport.so.11 (0x0000748767835000)
	libgazebo_msgs.so.11 => /lib/x86_64-linux-gnu/libgazebo_msgs.so.11 (0x0000748767400000)
	libgazebo_common.so.11 => /lib/x86_64-linux-gnu/libgazebo_common.so.11 (0x0000748767727000)
	libstdc++.so.6 => /lib/x86_64-linux-gnu/libstdc++.so.6 (0x0000748767000000)
	libgcc_s.so.1 => /lib/x86_64-linux-gnu/libgcc_s.so.1 (0x0000748767707000)
	libc.so.6 => /lib/x86_64-linux-gnu/libc.so.6 (0x0000748766c00000)
	libxmlrpcpp.so => /opt/ros/noetic/lib/libxmlrpcpp.so (0x00007487676e6000)
	librostime.so => /opt/ros/noetic/lib/librostime.so (0x00007487676c9000)
	libcpp_common.so => /opt/ros/noetic/lib/libcpp_common.so (0x00007487676be000)
	libboost_thread.so.1.74.0 => /lib/x86_64-linux-gnu/libboost_thread.so.1.74.0 (0x000074876769c000)
	libboost_chrono.so.1.74.0 => /lib/x86_64-linux-gnu/libboost_chrono.so.1.74.0 (0x0000748767691000)
	libboost_filesystem.so.1.74.0 => /lib/x86_64-linux-gnu/libboost_filesystem.so.1.74.0 (0x0000748767671000)
	libm.so.6 => /lib/x86_64-linux-gnu/libm.so.6 (0x0000748767319000)
	librosconsole_log4cxx.so => /opt/ros/noetic/lib/librosconsole_log4cxx.so (0x0000748767302000)
	librosconsole_backend_interface.so => /opt/ros/noetic/lib/librosconsole_backend_interface.so (0x000074876766a000)
	liblog4cxx.so.12 => /lib/x86_64-linux-gnu/liblog4cxx.so.12 (0x0000748766ea1000)
	libboost_regex.so.1.74.0 => /lib/x86_64-linux-gnu/libboost_regex.so.1.74.0 (0x0000748766b0d000)
	libgazebo_rendering.so.11 => /lib/x86_64-linux-gnu/libgazebo_rendering.so.11 (0x0000748766800000)
	libgazebo_physics.so.11 => /lib/x86_64-linux-gnu/libgazebo_physics.so.11 (0x0000748766400000)
	libOgreMain.so.1.9.0 => /lib/x86_64-linux-gnu/libOgreMain.so.1.9.0 (0x0000748765e00000)
	libgazebo_util.so.11 => /lib/x86_64-linux-gnu/libgazebo_util.so.11 (0x000074876725e000)
	libsdformat9.so.9 => /lib/x86_64-linux-gnu/libsdformat9.so.9 (0x0000748765c5f000)
	libprotobuf.so.23 => /lib/x86_64-linux-gnu/libprotobuf.so.23 (0x0000748765800000)
	libtbb.so.12 => /lib/x86_64-linux-gnu/libtbb.so.12 (0x0000748766e51000)
	libignition-transport8.so.8 => /lib/x86_64-linux-gnu/libignition-transport8.so.8 (0x0000748766a82000)
	libignition-msgs5.so.5 => /lib/x86_64-linux-gnu/libignition-msgs5.so.5 (0x0000748765400000)
	libignition-math6.so.6 => /lib/x86_64-linux-gnu/libignition-math6.so.6 (0x00007487663af000)
	/lib64/ld-linux-x86-64.so.2 (0x0000748767b73000)
	libboost_iostreams.so.1.74.0 => /lib/x86_64-linux-gnu/libboost_iostreams.so.1.74.0 (0x0000748767244000)
	libfreeimage.so.3 => /lib/x86_64-linux-gnu/libfreeimage.so.3 (0x00007487662fb000)
	libtar.so.0 => /lib/x86_64-linux-gnu/libtar.so.0 (0x0000748767238000)
	libtinyxml.so.2.6.2 => /lib/x86_64-linux-gnu/libtinyxml.so.2.6.2 (0x0000748766e3a000)
	libcurl.so.4 => /lib/x86_64-linux-gnu/libcurl.so.4 (0x0000748765bb8000)
	libavcodec.so.58 => /lib/x86_64-linux-gnu/libavcodec.so.58 (0x0000748763e00000)
	libavformat.so.58 => /lib/x86_64-linux-gnu/libavformat.so.58 (0x0000748763a00000)
	libavutil.so.56 => /lib/x86_64-linux-gnu/libavutil.so.56 (0x0000748763600000)
	libavdevice.so.58 => /lib/x86_64-linux-gnu/libavdevice.so.58 (0x00007487667cb000)
	libswscale.so.5 => /lib/x86_64-linux-gnu/libswscale.so.5 (0x0000748765b1a000)
	libgts-0.7.so.5 => /lib/x86_64-linux-gnu/libgts-0.7.so.5 (0x00007487657a0000)
	libglib-2.0.so.0 => /lib/x86_64-linux-gnu/libglib-2.0.so.0 (0x00007487652c5000)
	libgdal.so.30 => /lib/libgdal.so.30 (0x0000748761e00000)
	libignition-fuel_tools4.so.4 => /lib/x86_64-linux-gnu/libignition-fuel_tools4.so.4 (0x0000748765247000)
	libtinyobjloader.so.1 => /lib/x86_64-linux-gnu/libtinyobjloader.so.1 (0x0000748766a64000)
	libignition-common3.so.3 => /lib/x86_64-linux-gnu/libignition-common3.so.3 (0x0000748765746000)
	libconsole_bridge.so.1.0 => /lib/x86_64-linux-gnu/libconsole_bridge.so.1.0 (0x000074876722c000)
	libaprutil-1.so.0 => /lib/x86_64-linux-gnu/libaprutil-1.so.0 (0x0000748765aec000)
	libapr-1.so.0 => /lib/x86_64-linux-gnu/libapr-1.so.0 (0x000074876520a000)
	libicui18n.so.70 => /lib/x86_64-linux-gnu/libicui18n.so.70 (0x0000748761a00000)
	libicuuc.so.70 => /lib/x86_64-linux-gnu/libicuuc.so.70 (0x0000748763405000)
	libOgreRTShaderSystem.so.1.9.0 => /lib/x86_64-linux-gnu/libOgreRTShaderSystem.so.1.9.0 (0x0000748763d27000)
	libOgreTerrain.so.1.9.0 => /lib/x86_64-linux-gnu/libOgreTerrain.so.1.9.0 (0x0000748763ca9000)
	libOgrePaging.so.1.9.0 => /lib/x86_64-linux-gnu/libOgrePaging.so.1.9.0 (0x00007487639ce000)
	libOgreOverlay.so.1.9.0 => /lib/x86_64-linux-gnu/libOgreOverlay.so.1.9.0 (0x000074876397c000)
	libGL.so.1 => /lib/x86_64-linux-gnu/libGL.so.1 (0x00007487638f5000)
	libX11.so.6 => /lib/x86_64-linux-gnu/libX11.so.6 (0x00007487618c0000)
	libgazebo_ode.so.11 => /lib/x86_64-linux-gnu/libgazebo_ode.so.11 (0x0000748761d4d000)
	libBulletDynamics.so.3.05 => /lib/x86_64-linux-gnu/libBulletDynamics.so.3.05 (0x0000748761811000)
	libBulletCollision.so.3.05 => /lib/x86_64-linux-gnu/libBulletCollision.so.3.05 (0x000074876173c000)
	libLinearMath.so.3.05 => /lib/x86_64-linux-gnu/libLinearMath.so.3.05 (0x0000748765ac9000)
	libdart-collision-bullet.so.6.12 => /lib/x86_64-linux-gnu/libdart-collision-bullet.so.6.12 (0x00007487638d8000)
	libSimTKsimbody.so.3.6 => /lib/x86_64-linux-gnu/libSimTKsimbody.so.3.6 (0x0000748761000000)
	libode.so.8 => /lib/x86_64-linux-gnu/libode.so.8 (0x0000748761617000)
	liburdfdom_world.so.3.0 => /lib/x86_64-linux-gnu/liburdfdom_world.so.3.0 (0x00007487638bd000)
	libdart.so.6.12 => /lib/x86_64-linux-gnu/libdart.so.6.12 (0x0000748760a00000)
	libassimp.so.5 => /lib/x86_64-linux-gnu/libassimp.so.5 (0x0000748760200000)
	libSimTKmath.so.3.6 => /lib/x86_64-linux-gnu/libSimTKmath.so.3.6 (0x000074875fc00000)
	libSimTKcommon.so.3.6 => /lib/x86_64-linux-gnu/libSimTKcommon.so.3.6 (0x000074875f600000)
	libXt.so.6 => /lib/x86_64-linux-gnu/libXt.so.6 (0x0000748760f92000)
	libXaw.so.7 => /lib/x86_64-linux-gnu/libXaw.so.7 (0x000074876098a000)
	libpthread.so.0 => /lib/x86_64-linux-gnu/libpthread.so.0 (0x0000748766e2d000)
	libdl.so.2 => /lib/x86_64-linux-gnu/libdl.so.2 (0x0000748766a5f000)
	libzzip-0.so.13 => /lib/x86_64-linux-gnu/libzzip-0.so.13 (0x0000748766a56000)
	libz.so.1 => /lib/x86_64-linux-gnu/libz.so.1 (0x0000748761d31000)
	libtinyxml2.so.9 => /lib/x86_64-linux-gnu/libtinyxml2.so.9 (0x0000748760f7a000)
	libopenal.so.1 => /lib/x86_64-linux-gnu/libopenal.so.1 (0x0000748760118000)
	liburdfdom_model.so.3.0 => /lib/x86_64-linux-gnu/liburdfdom_model.so.3.0 (0x0000748760f5f000)
	libzmq.so.5 => /lib/x86_64-linux-gnu/libzmq.so.5 (0x000074875fb64000)
	libuuid.so.1 => /lib/x86_64-linux-gnu/libuuid.so.1 (0x00007487667c2000)
	libbz2.so.1.0 => /lib/x86_64-linux-gnu/libbz2.so.1.0 (0x0000748765733000)
	liblzma.so.5 => /lib/x86_64-linux-gnu/liblzma.so.5 (0x000074876095f000)
	libzstd.so.1 => /lib/x86_64-linux-gnu/libzstd.so.1 (0x000074875fa95000)
	libjxrglue.so.0 => /lib/x86_64-linux-gnu/libjxrglue.so.0 (0x00007487600f5000)
	libjpeg.so.8 => /lib/x86_64-linux-gnu/libjpeg.so.8 (0x000074875fa14000)
	libopenjp2.so.7 => /lib/x86_64-linux-gnu/libopenjp2.so.7 (0x000074876009d000)
	libpng16.so.16 => /lib/x86_64-linux-gnu/libpng16.so.16 (0x000074875f5c5000)
	libraw.so.20 => /lib/x86_64-linux-gnu/libraw.so.20 (0x000074875f4bd000)
	libtiff.so.5 => /lib/x86_64-linux-gnu/libtiff.so.5 (0x000074875f434000)
	libwebpmux.so.3 => /lib/x86_64-linux-gnu/libwebpmux.so.3 (0x0000748763c9c000)
	libwebp.so.7 => /lib/x86_64-linux-gnu/libwebp.so.7 (0x000074875f3c7000)
	libIlmImf-2_5.so.25 => /lib/x86_64-linux-gnu/libIlmImf-2_5.so.25 (0x000074875f000000)
	libHalf-2_5.so.25 => /lib/x86_64-linux-gnu/libHalf-2_5.so.25 (0x000074875f382000)
	libIex-2_5.so.25 => /lib/x86_64-linux-gnu/libIex-2_5.so.25 (0x000074875f314000)
	libnghttp2.so.14 => /lib/x86_64-linux-gnu/libnghttp2.so.14 (0x000074875f2ea000)
	libidn2.so.0 => /lib/x86_64-linux-gnu/libidn2.so.0 (0x000074875efdf000)
	librtmp.so.1 => /lib/x86_64-linux-gnu/librtmp.so.1 (0x000074875efc0000)
	libssh.so.4 => /lib/x86_64-linux-gnu/libssh.so.4 (0x000074875ef52000)
	libpsl.so.5 => /lib/x86_64-linux-gnu/libpsl.so.5 (0x0000748760f4b000)
	libssl.so.3 => /lib/x86_64-linux-gnu/libssl.so.3 (0x000074875eeae000)
	libcrypto.so.3 => /lib/x86_64-linux-gnu/libcrypto.so.3 (0x000074875ea00000)
	libgssapi_krb5.so.2 => /lib/x86_64-linux-gnu/libgssapi_krb5.so.2 (0x000074875ee5a000)
	libldap-2.5.so.0 => /lib/x86_64-linux-gnu/libldap-2.5.so.0 (0x000074875e9a0000)
	liblber-2.5.so.0 => /lib/x86_64-linux-gnu/liblber-2.5.so.0 (0x0000748761606000)
	libbrotlidec.so.1 => /lib/x86_64-linux-gnu/libbrotlidec.so.1 (0x0000748760951000)
	libswresample.so.3 => /lib/x86_64-linux-gnu/libswresample.so.3 (0x000074875e97e000)
	libvpx.so.7 => /lib/x86_64-linux-gnu/libvpx.so.7 (0x000074875e600000)
	libdav1d.so.5 => /lib/x86_64-linux-gnu/libdav1d.so.5 (0x000074875e47a000)
	librsvg-2.so.2 => /lib/x86_64-linux-gnu/librsvg-2.so.2 (0x000074875da00000)
	libgobject-2.0.so.0 => /lib/x86_64-linux-gnu/libgobject-2.0.so.0 (0x000074875e91e000)
	libcairo.so.2 => /lib/x86_64-linux-gnu/libcairo.so.2 (0x000074875d8d8000)
	libzvbi.so.0 => /lib/x86_64-linux-gnu/libzvbi.so.0 (0x000074875d849000)
	libsnappy.so.1 => /lib/x86_64-linux-gnu/libsnappy.so.1 (0x00007487662ef000)
	libaom.so.3 => /lib/x86_64-linux-gnu/libaom.so.3 (0x000074875d200000)
	libcodec2.so.1.0 => /lib/x86_64-linux-gnu/libcodec2.so.1.0 (0x000074875c200000)
	libgsm.so.1 => /lib/x86_64-linux-gnu/libgsm.so.1 (0x000074876008e000)
	libmp3lame.so.0 => /lib/x86_64-linux-gnu/libmp3lame.so.0 (0x000074875d7d4000)
	libopus.so.0 => /lib/x86_64-linux-gnu/libopus.so.0 (0x000074875d776000)
	libshine.so.3 => /lib/x86_64-linux-gnu/libshine.so.3 (0x000074875be00000)
	libspeex.so.1 => /lib/x86_64-linux-gnu/libspeex.so.1 (0x000074875d1e2000)
	libtheoraenc.so.1 => /lib/x86_64-linux-gnu/libtheoraenc.so.1 (0x000074875d1aa000)
	libtheoradec.so.1 => /lib/x86_64-linux-gnu/libtheoradec.so.1 (0x000074875d18c000)
	libtwolame.so.0 => /lib/x86_64-linux-gnu/libtwolame.so.0 (0x000074875d167000)
	libvorbis.so.0 => /lib/x86_64-linux-gnu/libvorbis.so.0 (0x000074875d13a000)
	libvorbisenc.so.2 => /lib/x86_64-linux-gnu/libvorbisenc.so.2 (0x000074875c155000)
	libx264.so.163 => /lib/x86_64-linux-gnu/libx264.so.163 (0x000074875ba00000)
	libx265.so.199 => /lib/x86_64-linux-gnu/libx265.so.199 (0x000074875aa00000)
	libxvidcore.so.4 => /lib/x86_64-linux-gnu/libxvidcore.so.4 (0x000074875c042000)
	libva.so.2 => /lib/x86_64-linux-gnu/libva.so.2 (0x000074875d109000)
	libmfx.so.1 => /lib/x86_64-linux-gnu/libmfx.so.1 (0x000074875fa06000)
	libxml2.so.2 => /lib/x86_64-linux-gnu/libxml2.so.2 (0x000074875a81e000)
	libgme.so.0 => /lib/x86_64-linux-gnu/libgme.so.0 (0x000074875d0b9000)
	libopenmpt.so.0 => /lib/x86_64-linux-gnu/libopenmpt.so.0 (0x000074875a65d000)
	libchromaprint.so.1 => /lib/x86_64-linux-gnu/libchromaprint.so.1 (0x000074875f2db000)
	libbluray.so.2 => /lib/x86_64-linux-gnu/libbluray.so.2 (0x000074875bda9000)
	libgnutls.so.30 => /lib/x86_64-linux-gnu/libgnutls.so.30 (0x000074875a470000)
	librabbitmq.so.4 => /lib/x86_64-linux-gnu/librabbitmq.so.4 (0x000074875c02a000)
	libsrt-gnutls.so.1.4 => /lib/x86_64-linux-gnu/libsrt-gnutls.so.1.4 (0x000074875bcea000)
	libssh-gcrypt.so.4 => /lib/x86_64-linux-gnu/libssh-gcrypt.so.4 (0x000074875b975000)
	libva-drm.so.2 => /lib/x86_64-linux-gnu/libva-drm.so.2 (0x0000748760f46000)
	libva-x11.so.2 => /lib/x86_64-linux-gnu/libva-x11.so.2 (0x0000748760949000)
	libvdpau.so.1 => /lib/x86_64-linux-gnu/libvdpau.so.1 (0x000074875f2d5000)
	libdrm.so.2 => /lib/x86_64-linux-gnu/libdrm.so.2 (0x000074875ee44000)
	libOpenCL.so.1 => /usr/local/cuda-11.8/lib64/libOpenCL.so.1 (0x000074875a200000)
	libavfilter.so.7 => /lib/x86_64-linux-gnu/libavfilter.so.7 (0x0000748759c00000)
	libraw1394.so.11 => /lib/x86_64-linux-gnu/libraw1394.so.11 (0x000074875e469000)
	libavc1394.so.0 => /lib/x86_64-linux-gnu/libavc1394.so.0 (0x000074875e917000)
	librom1394.so.0 => /lib/x86_64-linux-gnu/librom1394.so.0 (0x000074875e911000)
	libiec61883.so.0 => /lib/x86_64-linux-gnu/libiec61883.so.0 (0x000074875d0ab000)
	libjack.so.0 => /lib/x86_64-linux-gnu/libjack.so.0 (0x000074875a41b000)
	libxcb.so.1 => /lib/x86_64-linux-gnu/libxcb.so.1 (0x000074875a1d6000)
	libxcb-shm.so.0 => /lib/x86_64-linux-gnu/libxcb-shm.so.0 (0x000074875d771000)
	libxcb-shape.so.0 => /lib/x86_64-linux-gnu/libxcb-shape.so.0 (0x000074875c025000)
	libxcb-xfixes.so.0 => /lib/x86_64-linux-gnu/libxcb-xfixes.so.0 (0x000074875c01b000)
	libcdio_paranoia.so.2 => /lib/x86_64-linux-gnu/libcdio_paranoia.so.2 (0x000074875c012000)
	libcdio_cdda.so.2 => /lib/x86_64-linux-gnu/libcdio_cdda.so.2 (0x000074875bce0000)
	libdc1394.so.25 => /lib/x86_64-linux-gnu/libdc1394.so.25 (0x000074875a15e000)
	libasound.so.2 => /lib/x86_64-linux-gnu/libasound.so.2 (0x0000748759afd000)
	libcaca.so.0 => /lib/x86_64-linux-gnu/libcaca.so.0 (0x0000748759a31000)
	libpulse.so.0 => /lib/x86_64-linux-gnu/libpulse.so.0 (0x000074875a109000)
	libSDL2-2.0.so.0 => /lib/x86_64-linux-gnu/libSDL2-2.0.so.0 (0x0000748759891000)
	libsndio.so.7 => /lib/x86_64-linux-gnu/libsndio.so.7 (0x000074875bccc000)
	libXv.so.1 => /lib/x86_64-linux-gnu/libXv.so.1 (0x000074875c00b000)
	libXext.so.6 => /lib/x86_64-linux-gnu/libXext.so.6 (0x000074875a0f4000)
	libpcre.so.3 => /lib/x86_64-linux-gnu/libpcre.so.3 (0x000074875981b000)
	libheif.so.1 => /lib/x86_64-linux-gnu/libheif.so.1 (0x0000748759798000)
	libarmadillo.so.10 => /lib/libarmadillo.so.10 (0x000074875a0e0000)
	libpoppler.so.118 => /lib/x86_64-linux-gnu/libpoppler.so.118 (0x0000748759400000)
	libjson-c.so.5 => /lib/x86_64-linux-gnu/libjson-c.so.5 (0x000074875a408000)
	libfreexl.so.1 => /lib/x86_64-linux-gnu/libfreexl.so.1 (0x000074875b969000)
	libqhull_r.so.8.0 => /lib/x86_64-linux-gnu/libqhull_r.so.8.0 (0x000074875938d000)
	libgeos_c.so.1 => /lib/x86_64-linux-gnu/libgeos_c.so.1 (0x000074875a0a1000)
	libodbc.so.2 => /lib/x86_64-linux-gnu/libodbc.so.2 (0x000074875931e000)
	libodbcinst.so.2 => /lib/x86_64-linux-gnu/libodbcinst.so.2 (0x0000748759783000)
	libkmlbase.so.1 => /lib/x86_64-linux-gnu/libkmlbase.so.1 (0x0000748759766000)
	libkmldom.so.1 => /lib/x86_64-linux-gnu/libkmldom.so.1 (0x000074875927e000)
	libkmlengine.so.1 => /lib/x86_64-linux-gnu/libkmlengine.so.1 (0x0000748759245000)
	libexpat.so.1 => /lib/x86_64-linux-gnu/libexpat.so.1 (0x0000748759214000)
	libxerces-c-3.2.so => /lib/x86_64-linux-gnu/libxerces-c-3.2.so (0x0000748758e00000)
	libnetcdf.so.19 => /lib/x86_64-linux-gnu/libnetcdf.so.19 (0x0000748758ca9000)
	libhdf5_serial.so.103 => /lib/x86_64-linux-gnu/libhdf5_serial.so.103 (0x0000748758800000)
	libmfhdfalt.so.0 => /lib/libmfhdfalt.so.0 (0x00007487591ea000)
	libdfalt.so.0 => /lib/libdfalt.so.0 (0x0000748758c04000)
	libogdi.so.4.1 => /lib/libogdi.so.4.1 (0x00007487591ce000)
	libgif.so.7 => /lib/x86_64-linux-gnu/libgif.so.7 (0x000074875bcc1000)
	libcharls.so.2 => /lib/x86_64-linux-gnu/libcharls.so.2 (0x000074875917d000)
	libgeotiff.so.5 => /lib/x86_64-linux-gnu/libgeotiff.so.5 (0x0000748758bcf000)
	libcfitsio.so.9 => /lib/x86_64-linux-gnu/libcfitsio.so.9 (0x0000748758400000)
	libpq.so.5 => /lib/x86_64-linux-gnu/libpq.so.5 (0x00007487587ab000)
	liblz4.so.1 => /lib/x86_64-linux-gnu/liblz4.so.1 (0x000074875915d000)
	libblosc.so.1 => /lib/x86_64-linux-gnu/libblosc.so.1 (0x0000748758bbe000)
	libproj.so.22 => /lib/x86_64-linux-gnu/libproj.so.22 (0x0000748758000000)
	libsqlite3.so.0 => /lib/x86_64-linux-gnu/libsqlite3.so.0 (0x0000748757eb3000)
	libdeflate.so.0 => /lib/x86_64-linux-gnu/libdeflate.so.0 (0x0000748758b9a000)
	libspatialite.so.7 => /lib/x86_64-linux-gnu/libspatialite.so.7 (0x0000748757600000)
	libpcre2-8.so.0 => /lib/x86_64-linux-gnu/libpcre2-8.so.0 (0x0000748758714000)
	libfyba.so.0 => /lib/x86_64-linux-gnu/libfyba.so.0 (0x00007487583a8000)
	libmysqlclient.so.21 => /lib/x86_64-linux-gnu/libmysqlclient.so.21 (0x0000748756e00000)
	libjsoncpp.so.25 => /lib/x86_64-linux-gnu/libjsoncpp.so.25 (0x0000748758373000)
	libyaml-0.so.2 => /lib/x86_64-linux-gnu/libyaml-0.so.2 (0x0000748757e92000)
	libzip.so.4 => /lib/x86_64-linux-gnu/libzip.so.4 (0x0000748757e74000)
	libcrypt.so.1 => /lib/x86_64-linux-gnu/libcrypt.so.1 (0x0000748757e3a000)
	libicudata.so.70 => /lib/x86_64-linux-gnu/libicudata.so.70 (0x0000748755000000)
	libfreetype.so.6 => /lib/x86_64-linux-gnu/libfreetype.so.6 (0x0000748757538000)
	libGLdispatch.so.0 => /lib/x86_64-linux-gnu/libGLdispatch.so.0 (0x0000748756d48000)
	libGLX.so.0 => /lib/x86_64-linux-gnu/libGLX.so.0 (0x0000748757e06000)
	libgazebo_opcode.so.11 => /lib/x86_64-linux-gnu/libgazebo_opcode.so.11 (0x00007487574e0000)
	libgazebo_opende_ou.so.11 => /lib/x86_64-linux-gnu/libgazebo_opende_ou.so.11 (0x000074875a09c000)
	libccd.so.2 => /lib/x86_64-linux-gnu/libccd.so.2 (0x000074875975a000)
	liblapack.so.3 => /lib/x86_64-linux-gnu/liblapack.so.3 (0x0000748754800000)
	libdart-external-odelcpsolver.so.6.12 => /lib/x86_64-linux-gnu/libdart-external-odelcpsolver.so.6.12 (0x0000748758707000)
	liboctomap.so.1.9 => /lib/x86_64-linux-gnu/liboctomap.so.1.9 (0x000074875749f000)
	libfcl.so.0.7 => /lib/x86_64-linux-gnu/libfcl.so.0.7 (0x0000748754200000)
	liboctomath.so.1.9 => /lib/x86_64-linux-gnu/liboctomath.so.1.9 (0x0000748759155000)
	libdraco.so.4 => /lib/x86_64-linux-gnu/libdraco.so.4 (0x0000748753e00000)
	libminizip.so.1 => /lib/x86_64-linux-gnu/libminizip.so.1 (0x0000748753a00000)
	libblas.so.3 => /lib/x86_64-linux-gnu/libblas.so.3 (0x0000748756ce6000)
	libSM.so.6 => /lib/x86_64-linux-gnu/libSM.so.6 (0x0000748757dfb000)
	libICE.so.6 => /lib/x86_64-linux-gnu/libICE.so.6 (0x0000748756cc9000)
	libXmu.so.6 => /lib/x86_64-linux-gnu/libXmu.so.6 (0x0000748756cad000)
	libXpm.so.4 => /lib/x86_64-linux-gnu/libXpm.so.4 (0x0000748757de6000)
	libbsd.so.0 => /lib/x86_64-linux-gnu/libbsd.so.0 (0x0000748756c95000)
	libsodium.so.23 => /lib/x86_64-linux-gnu/libsodium.so.23 (0x0000748756c3e000)
	libpgm-5.3.so.0 => /lib/x86_64-linux-gnu/libpgm-5.3.so.0 (0x0000748754faf000)
	libnorm.so.1 => /lib/x86_64-linux-gnu/libnorm.so.1 (0x00007487540d5000)
	libjpegxr.so.0 => /lib/x86_64-linux-gnu/libjpegxr.so.0 (0x0000748754f78000)
	liblcms2.so.2 => /lib/x86_64-linux-gnu/liblcms2.so.2 (0x0000748754f16000)
	libgomp.so.1 => /lib/x86_64-linux-gnu/libgomp.so.1 (0x0000748754ecc000)
	libjbig.so.0 => /lib/x86_64-linux-gnu/libjbig.so.0 (0x000074875748e000)
	libImath-2_5.so.25 => /lib/x86_64-linux-gnu/libImath-2_5.so.25 (0x0000748756c26000)
	libIlmThread-2_5.so.25 => /lib/x86_64-linux-gnu/libIlmThread-2_5.so.25 (0x0000748758369000)
	libunistring.so.2 => /lib/x86_64-linux-gnu/libunistring.so.2 (0x0000748753c56000)
	libhogweed.so.6 => /lib/x86_64-linux-gnu/libhogweed.so.6 (0x000074875408d000)
	libnettle.so.8 => /lib/x86_64-linux-gnu/libnettle.so.8 (0x0000748753c10000)
	libgmp.so.10 => /lib/x86_64-linux-gnu/libgmp.so.10 (0x000074875397e000)
	libkrb5.so.3 => /lib/x86_64-linux-gnu/libkrb5.so.3 (0x00007487538b3000)
	libk5crypto.so.3 => /lib/x86_64-linux-gnu/libk5crypto.so.3 (0x0000748753884000)
	libcom_err.so.2 => /lib/x86_64-linux-gnu/libcom_err.so.2 (0x0000748756c20000)
	libkrb5support.so.0 => /lib/x86_64-linux-gnu/libkrb5support.so.0 (0x00007487547f2000)
	libsasl2.so.2 => /lib/x86_64-linux-gnu/libsasl2.so.2 (0x0000748754072000)
	libbrotlicommon.so.1 => /lib/x86_64-linux-gnu/libbrotlicommon.so.1 (0x0000748753861000)
	libsoxr.so.0 => /lib/x86_64-linux-gnu/libsoxr.so.0 (0x00007487537fa000)
	libcairo-gobject.so.2 => /lib/x86_64-linux-gnu/libcairo-gobject.so.2 (0x00007487547e6000)
	libgdk_pixbuf-2.0.so.0 => /lib/x86_64-linux-gnu/libgdk_pixbuf-2.0.so.0 (0x00007487537ca000)
	libgio-2.0.so.0 => /lib/x86_64-linux-gnu/libgio-2.0.so.0 (0x00007487535ef000)
	libpangocairo-1.0.so.0 => /lib/x86_64-linux-gnu/libpangocairo-1.0.so.0 (0x00007487535dd000)
	libpango-1.0.so.0 => /lib/x86_64-linux-gnu/libpango-1.0.so.0 (0x0000748753576000)
	libffi.so.8 => /lib/x86_64-linux-gnu/libffi.so.8 (0x0000748753569000)
	libpixman-1.so.0 => /lib/x86_64-linux-gnu/libpixman-1.so.0 (0x00007487534be000)
	libfontconfig.so.1 => /lib/x86_64-linux-gnu/libfontconfig.so.1 (0x0000748753474000)
	libxcb-render.so.0 => /lib/x86_64-linux-gnu/libxcb-render.so.0 (0x0000748753465000)
	libXrender.so.1 => /lib/x86_64-linux-gnu/libXrender.so.1 (0x0000748753458000)
	libogg.so.0 => /lib/x86_64-linux-gnu/libogg.so.0 (0x00007487547db000)
	libnuma.so.1 => /lib/x86_64-linux-gnu/libnuma.so.1 (0x000074875344b000)
	libmpg123.so.0 => /lib/x86_64-linux-gnu/libmpg123.so.0 (0x00007487533ef000)
	libvorbisfile.so.3 => /lib/x86_64-linux-gnu/libvorbisfile.so.3 (0x00007487533e4000)
	libudfread.so.0 => /lib/x86_64-linux-gnu/libudfread.so.0 (0x00007487533d9000)
	libp11-kit.so.0 => /lib/x86_64-linux-gnu/libp11-kit.so.0 (0x000074875329e000)
	libtasn1.so.6 => /lib/x86_64-linux-gnu/libtasn1.so.6 (0x0000748753286000)
	libgcrypt.so.20 => /lib/x86_64-linux-gnu/libgcrypt.so.20 (0x0000748753148000)
	libgpg-error.so.0 => /lib/x86_64-linux-gnu/libgpg-error.so.0 (0x0000748753122000)
	libXfixes.so.3 => /lib/x86_64-linux-gnu/libXfixes.so.3 (0x000074875311a000)
	libpostproc.so.55 => /lib/x86_64-linux-gnu/libpostproc.so.55 (0x00007487530f7000)
	libpocketsphinx.so.3 => /lib/x86_64-linux-gnu/libpocketsphinx.so.3 (0x00007487530ae000)
	libsphinxbase.so.3 => /lib/x86_64-linux-gnu/libsphinxbase.so.3 (0x000074875306c000)
	libbs2b.so.0 => /lib/x86_64-linux-gnu/libbs2b.so.0 (0x0000748753065000)
	liblilv-0.so.0 => /lib/x86_64-linux-gnu/liblilv-0.so.0 (0x0000748753048000)
	librubberband.so.2 => /lib/x86_64-linux-gnu/librubberband.so.2 (0x0000748753010000)
	libmysofa.so.1 => /lib/x86_64-linux-gnu/libmysofa.so.1 (0x0000748752fff000)
	libflite_cmu_us_awb.so.1 => /lib/x86_64-linux-gnu/libflite_cmu_us_awb.so.1 (0x0000748752c00000)
	libflite_cmu_us_kal.so.1 => /lib/x86_64-linux-gnu/libflite_cmu_us_kal.so.1 (0x0000748752a9b000)
	libflite_cmu_us_kal16.so.1 => /lib/x86_64-linux-gnu/libflite_cmu_us_kal16.so.1 (0x0000748752600000)
	libflite_cmu_us_rms.so.1 => /lib/x86_64-linux-gnu/libflite_cmu_us_rms.so.1 (0x0000748752000000)
	libflite_cmu_us_slt.so.1 => /lib/x86_64-linux-gnu/libflite_cmu_us_slt.so.1 (0x0000748751c00000)
	libflite.so.1 => /lib/x86_64-linux-gnu/libflite.so.1 (0x0000748752a61000)
	libfribidi.so.0 => /lib/x86_64-linux-gnu/libfribidi.so.0 (0x0000748752a45000)
	libass.so.9 => /lib/x86_64-linux-gnu/libass.so.9 (0x0000748752a0f000)
	libvidstab.so.1.1 => /lib/x86_64-linux-gnu/libvidstab.so.1.1 (0x00007487529fb000)
	libzimg.so.2 => /lib/x86_64-linux-gnu/libzimg.so.2 (0x0000748752537000)
	libdb-5.3.so => /lib/x86_64-linux-gnu/libdb-5.3.so (0x0000748751a51000)
	libXau.so.6 => /lib/x86_64-linux-gnu/libXau.so.6 (0x0000748752ff9000)
	libXdmcp.so.6 => /lib/x86_64-linux-gnu/libXdmcp.so.6 (0x00007487529f3000)
	libcdio.so.19 => /lib/x86_64-linux-gnu/libcdio.so.19 (0x000074875250d000)
	libusb-1.0.so.0 => /lib/x86_64-linux-gnu/libusb-1.0.so.0 (0x00007487524ef000)
	libslang.so.2 => /lib/x86_64-linux-gnu/libslang.so.2 (0x0000748751600000)
	libncursesw.so.6 => /lib/x86_64-linux-gnu/libncursesw.so.6 (0x00007487524b3000)
	libtinfo.so.6 => /lib/x86_64-linux-gnu/libtinfo.so.6 (0x0000748751a1f000)
	libpulsecommon-15.99.so => /usr/lib/x86_64-linux-gnu/pulseaudio/libpulsecommon-15.99.so (0x000074875199a000)
	libdbus-1.so.3 => /lib/x86_64-linux-gnu/libdbus-1.so.3 (0x000074875194c000)
	libXcursor.so.1 => /lib/x86_64-linux-gnu/libXcursor.so.1 (0x00007487529e7000)
	libXinerama.so.1 => /lib/x86_64-linux-gnu/libXinerama.so.1 (0x00007487529e2000)
	libXi.so.6 => /lib/x86_64-linux-gnu/libXi.so.6 (0x000074875249f000)
	libXrandr.so.2 => /lib/x86_64-linux-gnu/libXrandr.so.2 (0x000074875193f000)
	libXss.so.1 => /lib/x86_64-linux-gnu/libXss.so.1 (0x00007487529dd000)
	libXxf86vm.so.1 => /lib/x86_64-linux-gnu/libXxf86vm.so.1 (0x0000748751ff9000)
	libgbm.so.1 => /lib/x86_64-linux-gnu/libgbm.so.1 (0x000074875192e000)
	libwayland-egl.so.1 => /lib/x86_64-linux-gnu/libwayland-egl.so.1 (0x000074875249a000)
	libwayland-client.so.0 => /lib/x86_64-linux-gnu/libwayland-client.so.0 (0x000074875191d000)
	libwayland-cursor.so.0 => /lib/x86_64-linux-gnu/libwayland-cursor.so.0 (0x0000748751913000)
	libxkbcommon.so.0 => /lib/x86_64-linux-gnu/libxkbcommon.so.0 (0x00007487515b9000)
	libdecor-0.so.0 => /lib/x86_64-linux-gnu/libdecor-0.so.0 (0x0000748751909000)
	libde265.so.0 => /lib/x86_64-linux-gnu/libde265.so.0 (0x0000748751505000)
	libarpack.so.2 => /lib/x86_64-linux-gnu/libarpack.so.2 (0x00007487514bd000)
	libsuperlu.so.5 => /lib/x86_64-linux-gnu/libsuperlu.so.5 (0x000074875144b000)
	libnss3.so => /lib/x86_64-linux-gnu/libnss3.so (0x000074875131a000)
	libsmime3.so => /lib/x86_64-linux-gnu/libsmime3.so (0x00007487512f0000)
	libplc4.so => /lib/x86_64-linux-gnu/libplc4.so (0x0000748751902000)
	libnspr4.so => /lib/x86_64-linux-gnu/libnspr4.so (0x00007487512b0000)
	libgeos.so.3.10.2 => /lib/x86_64-linux-gnu/libgeos.so.3.10.2 (0x0000748751000000)
	libltdl.so.7 => /lib/x86_64-linux-gnu/libltdl.so.7 (0x00007487518f7000)
	liburiparser.so.1 => /lib/x86_64-linux-gnu/liburiparser.so.1 (0x0000748751299000)
	libcurl-gnutls.so.4 => /lib/x86_64-linux-gnu/libcurl-gnutls.so.4 (0x0000748750f5e000)
	libhdf5_serial_hl.so.100 => /lib/x86_64-linux-gnu/libhdf5_serial_hl.so.100 (0x0000748751274000)
	libsz.so.2 => /lib/x86_64-linux-gnu/libsz.so.2 (0x000074875126f000)
	libtirpc.so.3 => /lib/x86_64-linux-gnu/libtirpc.so.3 (0x0000748751241000)
	librttopo.so.1 => /lib/x86_64-linux-gnu/librttopo.so.1 (0x0000748750eeb000)
	libfyut.so.0 => /lib/x86_64-linux-gnu/libfyut.so.0 (0x0000748751236000)
	libfygm.so.0 => /lib/x86_64-linux-gnu/libfygm.so.0 (0x000074875122d000)
	libresolv.so.2 => /lib/x86_64-linux-gnu/libresolv.so.2 (0x0000748751219000)
	libopenblas.so.0 => /lib/x86_64-linux-gnu/libopenblas.so.0 (0x000074874ea98000)
	libgfortran.so.5 => /lib/x86_64-linux-gnu/libgfortran.so.5 (0x000074874e600000)
	libmd.so.0 => /lib/x86_64-linux-gnu/libmd.so.0 (0x000074874ea8b000)
	libkeyutils.so.1 => /lib/x86_64-linux-gnu/libkeyutils.so.1 (0x0000748751210000)
	libgmodule-2.0.so.0 => /lib/x86_64-linux-gnu/libgmodule-2.0.so.0 (0x000074874ea84000)
	libmount.so.1 => /lib/x86_64-linux-gnu/libmount.so.1 (0x000074874ea40000)
	libselinux.so.1 => /lib/x86_64-linux-gnu/libselinux.so.1 (0x000074874ea14000)
	libpangoft2-1.0.so.0 => /lib/x86_64-linux-gnu/libpangoft2-1.0.so.0 (0x000074874e9f9000)
	libharfbuzz.so.0 => /lib/x86_64-linux-gnu/libharfbuzz.so.0 (0x000074874e92a000)
	libthai.so.0 => /lib/x86_64-linux-gnu/libthai.so.0 (0x000074874e91f000)
	libserd-0.so.0 => /lib/x86_64-linux-gnu/libserd-0.so.0 (0x000074874e906000)
	libsord-0.so.0 => /lib/x86_64-linux-gnu/libsord-0.so.0 (0x000074874e8fa000)
	libsratom-0.so.0 => /lib/x86_64-linux-gnu/libsratom-0.so.0 (0x000074874e8ee000)
	libsamplerate.so.0 => /lib/x86_64-linux-gnu/libsamplerate.so.0 (0x000074874e491000)
	libflite_usenglish.so.1 => /lib/x86_64-linux-gnu/libflite_usenglish.so.1 (0x000074874e467000)
	libflite_cmulex.so.1 => /lib/x86_64-linux-gnu/libflite_cmulex.so.1 (0x000074874e3d0000)
	libudev.so.1 => /lib/x86_64-linux-gnu/libudev.so.1 (0x000074874e3a6000)
	libsndfile.so.1 => /lib/x86_64-linux-gnu/libsndfile.so.1 (0x000074874e327000)
	libX11-xcb.so.1 => /lib/x86_64-linux-gnu/libX11-xcb.so.1 (0x000074874e8e9000)
	libsystemd.so.0 => /lib/x86_64-linux-gnu/libsystemd.so.0 (0x000074874e260000)
	libasyncns.so.0 => /lib/x86_64-linux-gnu/libasyncns.so.0 (0x000074874e8e1000)
	libapparmor.so.1 => /lib/x86_64-linux-gnu/libapparmor.so.1 (0x000074874e24b000)
	libwayland-server.so.0 => /lib/x86_64-linux-gnu/libwayland-server.so.0 (0x000074874e235000)
	libxcb-randr.so.0 => /lib/x86_64-linux-gnu/libxcb-randr.so.0 (0x000074874e222000)
	libnssutil3.so => /lib/x86_64-linux-gnu/libnssutil3.so (0x000074874e1ef000)
	libplds4.so => /lib/x86_64-linux-gnu/libplds4.so (0x000074874e1ea000)
	libaec.so.0 => /lib/x86_64-linux-gnu/libaec.so.0 (0x000074874e1e1000)
	libquadmath.so.0 => /lib/x86_64-linux-gnu/libquadmath.so.0 (0x000074874e199000)
	libblkid.so.1 => /lib/x86_64-linux-gnu/libblkid.so.1 (0x000074874e162000)
	libgraphite2.so.3 => /lib/x86_64-linux-gnu/libgraphite2.so.3 (0x000074874e13a000)
	libdatrie.so.1 => /lib/x86_64-linux-gnu/libdatrie.so.1 (0x000074874e131000)
	libFLAC.so.8 => /lib/x86_64-linux-gnu/libFLAC.so.8 (0x000074874e0f5000)
	libcap.so.2 => /lib/x86_64-linux-gnu/libcap.so.2 (0x000074874e0ea000)
--- /home/zzf/search_ws/SimEnv_worktrees/unitree-runtime-rebuild/devel/lib/libunitree_legged_control.so ---
/home/zzf/search_ws/SimEnv_worktrees/unitree-runtime-rebuild/devel/lib/libunitree_legged_control.so
	linux-vdso.so.1 (0x00007ffd29301000)
	libclass_loader.so => /opt/ros/noetic/lib/libclass_loader.so (0x00007ee120783000)
	libroscpp.so => /opt/ros/noetic/lib/libroscpp.so (0x00007ee12066a000)
	librosconsole.so => /opt/ros/noetic/lib/librosconsole.so (0x00007ee12062c000)
	libroscpp_serialization.so => /opt/ros/noetic/lib/libroscpp_serialization.so (0x00007ee120627000)
	libconsole_bridge.so.1.0 => /lib/x86_64-linux-gnu/libconsole_bridge.so.1.0 (0x00007ee1205f9000)
	libstdc++.so.6 => /lib/x86_64-linux-gnu/libstdc++.so.6 (0x00007ee120200000)
	libm.so.6 => /lib/x86_64-linux-gnu/libm.so.6 (0x00007ee120510000)
	libgcc_s.so.1 => /lib/x86_64-linux-gnu/libgcc_s.so.1 (0x00007ee1204f0000)
	libc.so.6 => /lib/x86_64-linux-gnu/libc.so.6 (0x00007ee11fe00000)
	libboost_thread.so.1.74.0 => /lib/x86_64-linux-gnu/libboost_thread.so.1.74.0 (0x00007ee1204ce000)
	libPocoFoundation.so.80 => /lib/x86_64-linux-gnu/libPocoFoundation.so.80 (0x00007ee120055000)
	libxmlrpcpp.so => /opt/ros/noetic/lib/libxmlrpcpp.so (0x00007ee1204ab000)
	librostime.so => /opt/ros/noetic/lib/librostime.so (0x00007ee120490000)
	libcpp_common.so => /opt/ros/noetic/lib/libcpp_common.so (0x00007ee120485000)
	libboost_chrono.so.1.74.0 => /lib/x86_64-linux-gnu/libboost_chrono.so.1.74.0 (0x00007ee12047a000)
	libboost_filesystem.so.1.74.0 => /lib/x86_64-linux-gnu/libboost_filesystem.so.1.74.0 (0x00007ee12045a000)
	librosconsole_log4cxx.so => /opt/ros/noetic/lib/librosconsole_log4cxx.so (0x00007ee120443000)
	librosconsole_backend_interface.so => /opt/ros/noetic/lib/librosconsole_backend_interface.so (0x00007ee12043c000)
	liblog4cxx.so.12 => /lib/x86_64-linux-gnu/liblog4cxx.so.12 (0x00007ee11fca1000)
	libboost_regex.so.1.74.0 => /lib/x86_64-linux-gnu/libboost_regex.so.1.74.0 (0x00007ee11fbae000)
	/lib64/ld-linux-x86-64.so.2 (0x00007ee1207d6000)
	libpcre.so.3 => /lib/x86_64-linux-gnu/libpcre.so.3 (0x00007ee11fb38000)
	libz.so.1 => /lib/x86_64-linux-gnu/libz.so.1 (0x00007ee120039000)
	libaprutil-1.so.0 => /lib/x86_64-linux-gnu/libaprutil-1.so.0 (0x00007ee11fb0a000)
	libapr-1.so.0 => /lib/x86_64-linux-gnu/libapr-1.so.0 (0x00007ee11facd000)
	libicui18n.so.70 => /lib/x86_64-linux-gnu/libicui18n.so.70 (0x00007ee11f600000)
	libicuuc.so.70 => /lib/x86_64-linux-gnu/libicuuc.so.70 (0x00007ee11f405000)
	libcrypt.so.1 => /lib/x86_64-linux-gnu/libcrypt.so.1 (0x00007ee11fa93000)
	libexpat.so.1 => /lib/x86_64-linux-gnu/libexpat.so.1 (0x00007ee11fa62000)
	libuuid.so.1 => /lib/x86_64-linux-gnu/libuuid.so.1 (0x00007ee12042f000)
	libicudata.so.70 => /lib/x86_64-linux-gnu/libicudata.so.70 (0x00007ee11d600000)
--- /home/zzf/search_ws/SimEnv_worktrees/unitree-runtime-rebuild/devel/lib/unitree_guide/junior_ctrl ---
/home/zzf/search_ws/SimEnv_worktrees/unitree-runtime-rebuild/devel/lib/unitree_guide/junior_ctrl
	linux-vdso.so.1 (0x00007ffe79d20000)
	libc10.so => /home/zzf/third_party/libtorch-2.0.1-cu118-cxx11-abi/lib/libc10.so (0x00007eee97600000)
	libc10_cuda.so => /home/zzf/third_party/libtorch-2.0.1-cu118-cxx11-abi/lib/libc10_cuda.so (0x00007eee97200000)
	libroscpp.so => /opt/ros/noetic/lib/libroscpp.so (0x00007eee970e7000)
	librosconsole.so => /opt/ros/noetic/lib/librosconsole.so (0x00007eee9793a000)
	libroscpp_serialization.so => /opt/ros/noetic/lib/libroscpp_serialization.so (0x00007eee97933000)
	librostime.so => /opt/ros/noetic/lib/librostime.so (0x00007eee97918000)
	libtorch_cpu.so => /home/zzf/third_party/libtorch-2.0.1-cu118-cxx11-abi/lib/libtorch_cpu.so (0x00007eee7ec00000)
	libtorch_cuda.so => /home/zzf/third_party/libtorch-2.0.1-cu118-cxx11-abi/lib/libtorch_cuda.so (0x00007eee28200000)
	libcublas.so.11 => /usr/local/cuda-11.8/lib64/libcublas.so.11 (0x00007eee22400000)
	libtorch.so => /home/zzf/third_party/libtorch-2.0.1-cu118-cxx11-abi/lib/libtorch.so (0x00007eee22000000)
	libnvToolsExt.so.1 => /usr/local/cuda-11.8/lib64/libnvToolsExt.so.1 (0x00007eee21c00000)
	libcudart.so.11.0 => /usr/local/cuda-11.8/lib64/libcudart.so.11.0 (0x00007eee21800000)
	libstdc++.so.6 => /lib/x86_64-linux-gnu/libstdc++.so.6 (0x00007eee21400000)
	libm.so.6 => /lib/x86_64-linux-gnu/libm.so.6 (0x00007eee97519000)
	libgcc_s.so.1 => /lib/x86_64-linux-gnu/libgcc_s.so.1 (0x00007eee978ce000)
	libc.so.6 => /lib/x86_64-linux-gnu/libc.so.6 (0x00007eee21000000)
	/lib64/ld-linux-x86-64.so.2 (0x00007eee9797a000)
	librt.so.1 => /lib/x86_64-linux-gnu/librt.so.1 (0x00007eee978c7000)
	libdl.so.2 => /lib/x86_64-linux-gnu/libdl.so.2 (0x00007eee978c2000)
	libxmlrpcpp.so => /opt/ros/noetic/lib/libxmlrpcpp.so (0x00007eee970c6000)
	libcpp_common.so => /opt/ros/noetic/lib/libcpp_common.so (0x00007eee978b7000)
	libboost_thread.so.1.74.0 => /lib/x86_64-linux-gnu/libboost_thread.so.1.74.0 (0x00007eee970a4000)
	libboost_chrono.so.1.74.0 => /lib/x86_64-linux-gnu/libboost_chrono.so.1.74.0 (0x00007eee978ac000)
	libboost_filesystem.so.1.74.0 => /lib/x86_64-linux-gnu/libboost_filesystem.so.1.74.0 (0x00007eee97084000)
	librosconsole_log4cxx.so => /opt/ros/noetic/lib/librosconsole_log4cxx.so (0x00007eee9706d000)
	librosconsole_backend_interface.so => /opt/ros/noetic/lib/librosconsole_backend_interface.so (0x00007eee978a5000)
	liblog4cxx.so.12 => /lib/x86_64-linux-gnu/liblog4cxx.so.12 (0x00007eee7eaa1000)
	libboost_regex.so.1.74.0 => /lib/x86_64-linux-gnu/libboost_regex.so.1.74.0 (0x00007eee96f7a000)
	libpthread.so.0 => /lib/x86_64-linux-gnu/libpthread.so.0 (0x00007eee97514000)
	libgomp-52f2fd74.so.1 => /home/zzf/third_party/libtorch-2.0.1-cu118-cxx11-abi/lib/libgomp-52f2fd74.so.1 (0x00007eee20c00000)
	libcudart-d0da41ae.so.11.0 => /home/zzf/third_party/libtorch-2.0.1-cu118-cxx11-abi/lib/libcudart-d0da41ae.so.11.0 (0x00007eee20800000)
	libnvToolsExt-847d78f2.so.1 => /home/zzf/third_party/libtorch-2.0.1-cu118-cxx11-abi/lib/libnvToolsExt-847d78f2.so.1 (0x00007eee20400000)
	libcudnn.so.8 => /home/zzf/third_party/libtorch-2.0.1-cu118-cxx11-abi/lib/libcudnn.so.8 (0x00007eee20000000)
	libcublas-3b81d170.so.11 => /home/zzf/third_party/libtorch-2.0.1-cu118-cxx11-abi/lib/libcublas-3b81d170.so.11 (0x00007eee1a200000)
	libcublasLt-b6d14a74.so.11 => /home/zzf/third_party/libtorch-2.0.1-cu118-cxx11-abi/lib/libcublasLt-b6d14a74.so.11 (0x00007eedf5c00000)
	libconsole_bridge.so.1.0 => /lib/x86_64-linux-gnu/libconsole_bridge.so.1.0 (0x00007eee96f74000)
	libaprutil-1.so.0 => /lib/x86_64-linux-gnu/libaprutil-1.so.0 (0x00007eee96f46000)
	libapr-1.so.0 => /lib/x86_64-linux-gnu/libapr-1.so.0 (0x00007eee7ea64000)
	libicui18n.so.70 => /lib/x86_64-linux-gnu/libicui18n.so.70 (0x00007eedf5800000)
	libicuuc.so.70 => /lib/x86_64-linux-gnu/libicuuc.so.70 (0x00007eee22205000)
	libcrypt.so.1 => /lib/x86_64-linux-gnu/libcrypt.so.1 (0x00007eee281c6000)
	libexpat.so.1 => /lib/x86_64-linux-gnu/libexpat.so.1 (0x00007eee28195000)
	libuuid.so.1 => /lib/x86_64-linux-gnu/libuuid.so.1 (0x00007eee96f3d000)
	libicudata.so.70 => /lib/x86_64-linux-gnu/libicudata.so.70 (0x00007eedf3a00000)
--- /home/zzf/search_ws/SimEnv_worktrees/unitree-runtime-rebuild/devel/lib/unitree_guide/state_from_gazebo ---
/home/zzf/search_ws/SimEnv_worktrees/unitree-runtime-rebuild/devel/lib/unitree_guide/state_from_gazebo
	linux-vdso.so.1 (0x00007fff28353000)
	libtf.so => /opt/ros/noetic/lib/libtf.so (0x00007528e13ea000)
	libroscpp.so => /opt/ros/noetic/lib/libroscpp.so (0x00007528e12d1000)
	librosconsole.so => /opt/ros/noetic/lib/librosconsole.so (0x00007528e1293000)
	libroscpp_serialization.so => /opt/ros/noetic/lib/libroscpp_serialization.so (0x00007528e128e000)
	librostime.so => /opt/ros/noetic/lib/librostime.so (0x00007528e1273000)
	libstdc++.so.6 => /lib/x86_64-linux-gnu/libstdc++.so.6 (0x00007528e1000000)
	libm.so.6 => /lib/x86_64-linux-gnu/libm.so.6 (0x00007528e0f19000)
	libgcc_s.so.1 => /lib/x86_64-linux-gnu/libgcc_s.so.1 (0x00007528e0ef9000)
	libc.so.6 => /lib/x86_64-linux-gnu/libc.so.6 (0x00007528e0c00000)
	libtf2_ros.so => /opt/ros/noetic/lib/libtf2_ros.so (0x00007528e0e77000)
	libtf2.so => /opt/ros/noetic/lib/libtf2.so (0x00007528e0e4b000)
	libxmlrpcpp.so => /opt/ros/noetic/lib/libxmlrpcpp.so (0x00007528e0e2a000)
	libcpp_common.so => /opt/ros/noetic/lib/libcpp_common.so (0x00007528e123c000)
	libboost_thread.so.1.74.0 => /lib/x86_64-linux-gnu/libboost_thread.so.1.74.0 (0x00007528e0bde000)
	libboost_chrono.so.1.74.0 => /lib/x86_64-linux-gnu/libboost_chrono.so.1.74.0 (0x00007528e1231000)
	libboost_filesystem.so.1.74.0 => /lib/x86_64-linux-gnu/libboost_filesystem.so.1.74.0 (0x00007528e0bbe000)
	librosconsole_log4cxx.so => /opt/ros/noetic/lib/librosconsole_log4cxx.so (0x00007528e0ba7000)
	librosconsole_backend_interface.so => /opt/ros/noetic/lib/librosconsole_backend_interface.so (0x00007528e0ba2000)
	liblog4cxx.so.12 => /lib/x86_64-linux-gnu/liblog4cxx.so.12 (0x00007528e0a43000)
	libboost_regex.so.1.74.0 => /lib/x86_64-linux-gnu/libboost_regex.so.1.74.0 (0x00007528e0950000)
	/lib64/ld-linux-x86-64.so.2 (0x00007528e1411000)
	libactionlib.so => /opt/ros/noetic/lib/libactionlib.so (0x00007528e093a000)
	libconsole_bridge.so.1.0 => /lib/x86_64-linux-gnu/libconsole_bridge.so.1.0 (0x00007528e0934000)
	libaprutil-1.so.0 => /lib/x86_64-linux-gnu/libaprutil-1.so.0 (0x00007528e0906000)
	libapr-1.so.0 => /lib/x86_64-linux-gnu/libapr-1.so.0 (0x00007528e08c9000)
	libicui18n.so.70 => /lib/x86_64-linux-gnu/libicui18n.so.70 (0x00007528e0400000)
	libicuuc.so.70 => /lib/x86_64-linux-gnu/libicuuc.so.70 (0x00007528e0205000)
	libcrypt.so.1 => /lib/x86_64-linux-gnu/libcrypt.so.1 (0x00007528e088f000)
	libexpat.so.1 => /lib/x86_64-linux-gnu/libexpat.so.1 (0x00007528e085c000)
	libuuid.so.1 => /lib/x86_64-linux-gnu/libuuid.so.1 (0x00007528e0853000)
	libicudata.so.70 => /lib/x86_64-linux-gnu/libicudata.so.70 (0x00007528de400000)
--- src/unitree_guide/logs/policy_act_inference_plane.pt ---
/home/zzf/search_ws/SimEnv_worktrees/unitree-runtime-rebuild/src/unitree_guide/logs/policy_act_inference_plane.pt
--- src/unitree_guide/logs/policy_act_inference_stair.pt ---
/home/zzf/search_ws/SimEnv_worktrees/unitree-runtime-rebuild/src/unitree_guide/logs/policy_act_inference_stair.pt
--- src/unitree_guide/unitree_ros/unitree_gazebo/worlds/earth.world ---
/home/zzf/search_ws/SimEnv_worktrees/unitree-runtime-rebuild/src/unitree_guide/unitree_ros/unitree_gazebo/worlds/earth.world
=== Manifest Complete ===
